C51 COMPILER V9.00   SYS                                                                   04/10/2022 16:56:51 PAGE 1   


C51 COMPILER V9.00, COMPILATION OF MODULE SYS
OBJECT MODULE PLACED IN .\obj\sys.obj
COMPILER INVOKED BY: C:\Keil_v5\C51\BIN\C51.EXE sys\sys.c LARGE OPTIMIZE(8,SPEED) BROWSE INCDIR(.\font;.\LCD;.\sys;.\tou
                    -ch;.\GUI;.\USER) DEBUG OBJECTEXTEND PRINT(.\sys.lst) TABS(2) OBJECT(.\obj\sys.obj)

line level    source

   1          //////////////////////////////////////////////////////////////////////////////////   
   2          //本程序只供学习使用，未经作者许可，不得用于其它任何用途
   3          //测试硬件：单片机STC89C52RC,晶振30M  单片机工作电压3.3V
   4          //TFT液晶驱动 for C51
   5          //淘宝网站：http://jczn.taobao.com
   6          //All rights reserved
   7          //********************************************************************************
   8          //=========================================电源接线================================================//
   9          //5V接DC 5V电源
  10          //GND接地
  11          //=======================================液晶屏数据线接线==========================================//
  12          //本模块默认数据总线类型为SPI
  13          //液晶屏模块            单片机
  14          // SDI(MOSI)     接       P15        //SPI写信号
  15          // SDO(MISO)     接       P16        //SPI读信号，如果不需要读功能，此管脚可不接
  16          //=======================================液晶屏控制线接线==========================================//
  17          //液晶屏模块            单片机
  18          //  CS           接       P13       //片选控制信号
  19          //  RESET        接       P33       //复位信号
  20          //  DC           接       P12       //数据/命令选择控制信号
  21          //  SCK          接       P17       //SPI时钟信号
  22          //  LED          接       P32       //背光控制信号，如果使用STC89C52RC单片机或者不需要控制，接3.3V
  23          //=========================================触摸屏接线=========================================//
  24          //STC89C52RC单片机ROM太小，无法运行带触摸功能的程序，所以触摸屏不需要接线
  25          //不使用触摸或者模块本身不带触摸，则可不连接
  26          //触摸屏使用的数据总线类型为SPI
  27          //触摸屏模块            单片机
  28          //  T_CLK        接       P36       //触摸屏SPI时钟信号
  29          //  T_CS         接       P37       //触摸屏片选控制信号
  30          //  T_DIN        接       P34       //触摸屏SPI写信号
  31          //  T_DO         接       P35       //触摸屏SPI读信号
  32          //  T_IRQ        接       P40       //触摸屏响应检查信号，如单片机无P4组，请自行更改其他可用IO并修改代码定
             -义
  33          //**************************************************************************************************/ 
  34          
  35          #include "sys.h"
  36          void delay_ms(int count)  // /* X1ms */
  37          {
  38   1              int i,j;
  39   1              for(i=0;i<count;i++)
  40   1                      for(j=0;j<1000;j++);
  41   1      }
  42          
  43          void delay_us(int count)  // /* X1us */
  44          {
  45   1              int i,j;
  46   1              for(i=0;i<count;i++)
  47   1                      for(j=0;j<1;j++);
  48   1      }


MODULE INFORMATION:   STATIC OVERLAYABLE
   CODE SIZE        =     76    ----
   CONSTANT SIZE    =   ----    ----
C51 COMPILER V9.00   SYS                                                                   04/10/2022 16:56:51 PAGE 2   

   XDATA SIZE       =   ----    ----
   PDATA SIZE       =   ----    ----
   DATA SIZE        =   ----    ----
   IDATA SIZE       =   ----    ----
   BIT SIZE         =   ----    ----
END OF MODULE INFORMATION.


C51 COMPILATION COMPLETE.  0 WARNING(S),  0 ERROR(S)
