Component: ARM Compiler 5.06 update 6 (build 750) Tool: armlink [4d35ed]

==============================================================================

Section Cross References

    gui.o(.text) refers to lcd.o(.text) for LCD_SetCursor
    gui.o(.text) refers to lcd.o(.bss) for lcddev
    gui.o(.text) refers to lcd.o(.data) for POINT_COLOR
    gui.o(.text) refers to gui.o(.constdata) for asc2_1206
    gui.o(.text) refers to strlen.o(.text) for strlen
    main.o(.text) refers to system_stm32f10x.o(.text) for SystemInit
    main.o(.text) refers to delay.o(.text) for delay_init
    main.o(.text) refers to lcd.o(.text) for LCD_Init
    main.o(.text) refers to test.o(.text) for main_test
    system_stm32f10x.o(.text) refers to system_stm32f10x.o(.data) for SystemCoreClock
    test.o(.text) refers to _printf_percent.o(.ARM.Collect$$_printf_percent$$00000000) for _printf_percent
    test.o(.text) refers to _printf_x.o(.ARM.Collect$$_printf_percent$$0000000C) for _printf_x
    test.o(.text) refers to _printf_hex_int.o(.text) for _printf_longlong_hex
    test.o(.text) refers to _printf_pad.o(.text) for _printf_pre_padding
    test.o(.text) refers to lcd.o(.text) for LCD_Clear
    test.o(.text) refers to gui.o(.text) for LCD_Fill
    test.o(.text) refers to delay.o(.text) for delay_ms
    test.o(.text) refers to lcd.o(.bss) for lcddev
    test.o(.text) refers to lcd.o(.data) for POINT_COLOR
    test.o(.text) refers to test.o(.data) for ColorTab
    test.o(.text) refers to test.o(.constdata) for gImage_qq
    test.o(.text) refers to touch.o(.text) for TP_Init
    test.o(.text) refers to key.o(.text) for KEY_Init
    test.o(.text) refers to led.o(.text) for LED_Init
    test.o(.text) refers to rt_memclr_w.o(.text) for __aeabi_memclr4
    test.o(.text) refers to noretval__2sprintf.o(.text) for __2sprintf
    test.o(.text) refers to touch.o(.data) for tp_dev
    test.o(.constdata) refers to test.o(.conststring) for .conststring
    key.o(.text) refers to stm32f10x_rcc.o(.text) for RCC_APB2PeriphClockCmd
    key.o(.text) refers to stm32f10x_gpio.o(.text) for GPIO_PinRemapConfig
    key.o(.text) refers to delay.o(.text) for delay_ms
    lcd.o(.text) refers to delay.o(.text) for delay_us
    lcd.o(.text) refers to stm32f10x_rcc.o(.text) for RCC_APB2PeriphClockCmd
    lcd.o(.text) refers to stm32f10x_gpio.o(.text) for GPIO_PinRemapConfig
    lcd.o(.text) refers to lcd.o(.bss) for lcddev
    lcd.o(.text) refers to lcd.o(.data) for POINT_COLOR
    24cxx.o(.text) refers to myiic.o(.text) for IIC_Init
    24cxx.o(.text) refers to delay.o(.text) for delay_ms
    touch.o(.text) refers to delay.o(.text) for delay_us
    touch.o(.text) refers to gui.o(.text) for LCD_DrawLine
    touch.o(.text) refers to lcd.o(.text) for LCD_DrawPoint
    touch.o(.text) refers to fflt_clz.o(x$fpl$fflt) for __aeabi_i2f
    touch.o(.text) refers to fflt_clz.o(x$fpl$ffltu) for __aeabi_ui2f
    touch.o(.text) refers to fmul.o(x$fpl$fmul) for __aeabi_fmul
    touch.o(.text) refers to faddsub_clz.o(x$fpl$fadd) for __aeabi_fadd
    touch.o(.text) refers to ffixu.o(x$fpl$ffixu) for __aeabi_f2uiz
    touch.o(.text) refers to ffix.o(x$fpl$ffix) for __aeabi_f2iz
    touch.o(.text) refers to 24cxx.o(.text) for AT24CXX_WriteLenByte
    touch.o(.text) refers to touch.o(.data) for CMD_RDX
    touch.o(.text) refers to lcd.o(.data) for POINT_COLOR
    touch.o(.text) refers to fdiv.o(x$fpl$fdiv) for __aeabi_fdiv
    touch.o(.text) refers to dflt_clz.o(x$fpl$dfltu) for __aeabi_ui2d
    touch.o(.text) refers to sqrt.o(i.sqrt) for sqrt
    touch.o(.text) refers to dfixu.o(x$fpl$dfixu) for __aeabi_d2uiz
    touch.o(.text) refers to lcd.o(.bss) for lcddev
    touch.o(.text) refers to f2d.o(x$fpl$f2d) for __aeabi_f2d
    touch.o(.text) refers to dleqf.o(x$fpl$dleqf) for __aeabi_cdcmple
    touch.o(.text) refers to drleqf.o(x$fpl$drleqf) for __aeabi_cdrcmple
    touch.o(.text) refers to faddsub_clz.o(x$fpl$fsub) for __aeabi_fsub
    touch.o(.text) refers to stm32f10x_rcc.o(.text) for RCC_APB2PeriphClockCmd
    touch.o(.text) refers to stm32f10x_gpio.o(.text) for GPIO_Init
    touch.o(.data) refers to touch.o(.text) for TP_Init
    touch.o(.data) refers to touch.o(.conststring) for .conststring
    myiic.o(.text) refers to stm32f10x_rcc.o(.text) for RCC_APB2PeriphClockCmd
    myiic.o(.text) refers to stm32f10x_gpio.o(.text) for GPIO_Init
    myiic.o(.text) refers to delay.o(.text) for delay_us
    led.o(.text) refers to stm32f10x_rcc.o(.text) for RCC_APB2PeriphClockCmd
    led.o(.text) refers to stm32f10x_gpio.o(.text) for GPIO_Init
    startup_stm32f10x_hd.o(STACK) refers (Special) to heapauxi.o(.text) for __use_two_region_memory
    startup_stm32f10x_hd.o(HEAP) refers (Special) to heapauxi.o(.text) for __use_two_region_memory
    startup_stm32f10x_hd.o(RESET) refers (Special) to heapauxi.o(.text) for __use_two_region_memory
[...]
    rtexit2.o(.ARM.Collect$$rtexit$$00000004) refers to sys_exit.o(.text) for _sys_exit
    rtexit2.o(.ARM.exidx) refers to rtexit2.o(.ARM.Collect$$rtexit$$00000001) for .ARM.Collect$$rtexit$$00000001
    rtexit2.o(.ARM.exidx) refers to rtexit2.o(.ARM.Collect$$rtexit$$00000003) for .ARM.Collect$$rtexit$$00000003
    rtexit2.o(.ARM.exidx) refers to rtexit2.o(.ARM.Collect$$rtexit$$00000004) for .ARM.Collect$$rtexit$$00000004
    argv_veneer.o(.emb_text) refers to no_argv.o(.text) for __ARM_get_argv
    sys_exit.o(.text) refers (Special) to use_no_semi.o(.text) for __I$use$semihosting
    sys_exit.o(.text) refers (Special) to indicate_semi.o(.text) for __semihosting_library_function
    _get_argv_nomalloc.o(.text) refers (Special) to hrguard.o(.text) for __heap_region$guard
    _get_argv_nomalloc.o(.text) refers to defsig_rtmem_outer.o(.text) for __rt_SIGRTMEM
    _get_argv_nomalloc.o(.text) refers to sys_command.o(.text) for _sys_command_string
    libshutdown.o(.ARM.Collect$$libshutdown$$00000000) refers (Special) to libshutdown2.o(.ARM.Collect$$libshutdown$$00000002) for __rt_lib_shutdown_cpp_1
    libshutdown.o(.ARM.Collect$$libshutdown$$00000000) refers (Special) to libshutdown2.o(.ARM.Collect$$libshutdown$$00000007) for __rt_lib_shutdown_fp_trap_1
    libshutdown.o(.ARM.Collect$$libshutdown$$00000000) refers (Special) to libshutdown2.o(.ARM.Collect$$libshutdown$$0000000F) for __rt_lib_shutdown_heap_1
    libshutdown.o(.ARM.Collect$$libshutdown$$00000000) refers (Special) to libshutdown2.o(.ARM.Collect$$libshutdown$$00000010) for __rt_lib_shutdown_return
    libshutdown.o(.ARM.Collect$$libshutdown$$00000000) refers (Special) to libshutdown2.o(.ARM.Collect$$libshutdown$$0000000A) for __rt_lib_shutdown_signal_1
    libshutdown.o(.ARM.Collect$$libshutdown$$00000000) refers (Special) to libshutdown2.o(.ARM.Collect$$libshutdown$$00000004) for __rt_lib_shutdown_stdio_1
    libshutdown.o(.ARM.Collect$$libshutdown$$00000000) refers (Special) to libshutdown2.o(.ARM.Collect$$libshutdown$$0000000C) for __rt_lib_shutdown_user_alloc_1
    sys_command.o(.text) refers (Special) to use_no_semi.o(.text) for __I$use$semihosting
    sys_command.o(.text) refers (Special) to indicate_semi.o(.text) for __semihosting_library_function
    defsig_rtmem_outer.o(.text) refers to defsig_rtmem_inner.o(.text) for __rt_SIGRTMEM_inner
    defsig_rtmem_outer.o(.text) refers to defsig_exit.o(.text) for __sig_exit
    defsig_rtmem_formal.o(.text) refers to rt_raise.o(.text) for __rt_raise
    rt_raise.o(.text) refers to __raise.o(.text) for __raise
    rt_raise.o(.text) refers to sys_exit.o(.text) for _sys_exit
    defsig_exit.o(.text) refers to sys_exit.o(.text) for _sys_exit
    defsig_rtmem_inner.o(.text) refers to defsig_general.o(.text) for __default_signal_display
    __raise.o(.text) refers to defsig.o(CL$$defsig) for __default_signal_handler
    defsig_general.o(.text) refers to sys_wrch.o(.text) for _ttywrch
    sys_wrch.o(.text) refers (Special) to use_no_semi.o(.text) for __I$use$semihosting
    sys_wrch.o(.text) refers (Special) to indicate_semi.o(.text) for __semihosting_library_function
    defsig.o(CL$$defsig) refers to defsig_rtmem_inner.o(.text) for __rt_SIGRTMEM_inner
    defsig_abrt_inner.o(.text) refers to defsig_general.o(.text) for __default_signal_display
    defsig_fpe_inner.o(.text) refers to defsig_general.o(.text) for __default_signal_display
    defsig_rtred_inner.o(.text) refers to defsig_general.o(.text) for __default_signal_display
    defsig_stak_inner.o(.text) refers to defsig_general.o(.text) for __default_signal_display
    defsig_pvfn_inner.o(.text) refers to defsig_general.o(.text) for __default_signal_display
    defsig_cppl_inner.o(.text) refers to defsig_general.o(.text) for __default_signal_display
    defsig_segv_inner.o(.text) refers to defsig_general.o(.text) for __default_signal_display
    defsig_other.o(.text) refers to defsig_general.o(.text) for __default_signal_display


==============================================================================

Removing Unused input sections from the image.

    Removing core_cm3.o(.emb_text), (32 bytes).
    Removing stm32f10x_spi.o(.text), (780 bytes).

2 unused section(s) (total 812 bytes) removed from the image.

==============================================================================

Image Symbol Table

    Local Symbols

    Symbol Name                              Value     Ov Type        Size  Object(Section)

    ../clib/angel/boardlib.s                 0x00000000   Number         0  boardinit1.o ABSOLUTE
    ../clib/angel/boardlib.s                 0x00000000   Number         0  boardinit2.o ABSOLUTE
    ../clib/angel/boardlib.s                 0x00000000   Number         0  boardinit3.o ABSOLUTE
    ../clib/angel/boardlib.s                 0x00000000   Number         0  boardshut.o ABSOLUTE
    ../clib/angel/handlers.s                 0x00000000   Number         0  __scatter_copy.o ABSOLUTE
    ../clib/angel/handlers.s                 0x00000000   Number         0  __scatter_zi.o ABSOLUTE
    ../clib/angel/kernel.s                   0x00000000   Number         0  __rtentry4.o ABSOLUTE
    ../clib/angel/kernel.s                   0x00000000   Number         0  __rtentry2.o ABSOLUTE
    ../clib/angel/kernel.s                   0x00000000   Number         0  rtexit.o ABSOLUTE
    ../clib/angel/kernel.s                   0x00000000   Number         0  rtexit2.o ABSOLUTE
    ../clib/angel/kernel.s                   0x00000000   Number         0  __rtentry.o ABSOLUTE
    ../clib/angel/rt.s                       0x00000000   Number         0  rt_errno_addr.o ABSOLUTE
    ../clib/angel/rt.s                       0x00000000   Number         0  rt_errno_addr_intlibspace.o ABSOLUTE
    ../clib/angel/rt.s                       0x00000000   Number         0  rt_raise.o ABSOLUTE
    ../clib/angel/scatter.s                  0x00000000   Number         0  __scatter.o ABSOLUTE
    ../clib/angel/startup.s                  0x00000000   Number         0  __main.o ABSOLUTE
    ../clib/angel/sys.s                      0x00000000   Number         0  libspace.o ABSOLUTE
    ../clib/angel/sys.s                      0x00000000   Number         0  sys_stackheap_outer.o ABSOLUTE
    ../clib/angel/sys.s                      0x00000000   Number         0  use_no_semi.o ABSOLUTE
    ../clib/angel/sys.s                      0x00000000   Number         0  indicate_semi.o ABSOLUTE
    ../clib/angel/sysapp.c                   0x00000000   Number         0  sys_wrch.o ABSOLUTE
    ../clib/angel/sysapp.c                   0x00000000   Number         0  sys_exit.o ABSOLUTE
    ../clib/angel/sysapp.c                   0x00000000   Number         0  sys_command.o ABSOLUTE
    ../clib/armsys.c                         0x00000000   Number         0  argv_veneer.o ABSOLUTE
    ../clib/armsys.c                         0x00000000   Number         0  argv_veneer.o ABSOLUTE
    ../clib/armsys.c                         0x00000000   Number         0  _get_argv_nomalloc.o ABSOLUTE
    ../clib/armsys.c                         0x00000000   Number         0  no_argv.o ABSOLUTE
    ../clib/fenv.c                           0x00000000   Number         0  _rserrno.o ABSOLUTE
    ../clib/heapalloc.c                      0x00000000   Number         0  hrguard.o ABSOLUTE
    ../clib/heapaux.c                        0x00000000   Number         0  heapauxi.o ABSOLUTE
    ../clib/libinit.s                        0x00000000   Number         0  libinit2.o ABSOLUTE
    ../clib/libinit.s                        0x00000000   Number         0  libinit.o ABSOLUTE
    ../clib/libinit.s                        0x00000000   Number         0  libshutdown2.o ABSOLUTE
    ../clib/libinit.s                        0x00000000   Number         0  libshutdown.o ABSOLUTE
    ../clib/memcpset.s                       0x00000000   Number         0  rt_memclr_w.o ABSOLUTE
    ../clib/misc.s                           0x00000000   Number         0  printf_stubs.o ABSOLUTE
    ../clib/printf.c                         0x00000000   Number         0  _printf_pad.o ABSOLUTE
    ../clib/printf.c                         0x00000000   Number         0  __printf_ss_wp.o ABSOLUTE
    ../clib/printf.c                         0x00000000   Number         0  __printf_flags_ss_wp.o ABSOLUTE
    ../clib/printf.c                         0x00000000   Number         0  __printf_nopercent.o ABSOLUTE
    ../clib/printf.c                         0x00000000   Number         0  __printf_ss.o ABSOLUTE
    ../clib/printf.c                         0x00000000   Number         0  _printf_hex_int.o ABSOLUTE
    ../clib/printf.c                         0x00000000   Number         0  __2sprintf.o ABSOLUTE
    ../clib/printf.c                         0x00000000   Number         0  noretval__2sprintf.o ABSOLUTE
    ../clib/printf.c                         0x00000000   Number         0  __printf.o ABSOLUTE
    ../clib/printf.c                         0x00000000   Number         0  _printf_intcommon.o ABSOLUTE
    ../clib/printf.c                         0x00000000   Number         0  _printf_hex_ll.o ABSOLUTE
    ../clib/printf.c                         0x00000000   Number         0  _printf_hex_int_ll_ptr.o ABSOLUTE
    ../clib/printf.c                         0x00000000   Number         0  _printf_hex_int_ll.o ABSOLUTE
    ../clib/printf.c                         0x00000000   Number         0  _sputc.o ABSOLUTE
    ../clib/printf.c                         0x00000000   Number         0  _printf_hex_ptr.o ABSOLUTE
    ../clib/printf.c                         0x00000000   Number         0  _printf_char_common.o ABSOLUTE
    ../clib/printf.c                         0x00000000   Number         0  _printf_hex_int_ptr.o ABSOLUTE
    ../clib/printf.c                         0x00000000   Number         0  _printf_hex_ll_ptr.o ABSOLUTE
    ../clib/printf.c                         0x00000000   Number         0  __printf_flags.o ABSOLUTE
    ../clib/printf.c                         0x00000000   Number         0  __printf_flags_ss.o ABSOLUTE
    ../clib/printf.c                         0x00000000   Number         0  __printf_wp.o ABSOLUTE
    ../clib/printf.c                         0x00000000   Number         0  __printf_flags_wp.o ABSOLUTE
    ../clib/printf_percent.s                 0x00000000   Number         0  _printf_percent_end.o ABSOLUTE
    ../clib/printf_percent.s                 0x00000000   Number         0  _printf_percent.o ABSOLUTE
    ../clib/printf_percent.s                 0x00000000   Number         0  _printf_x.o ABSOLUTE
    ../clib/signal.c                         0x00000000   Number         0  defsig_general.o ABSOLUTE
    ../clib/signal.c                         0x00000000   Number         0  defsig_cppl_inner.o ABSOLUTE
    ../clib/signal.c                         0x00000000   Number         0  defsig_other.o ABSOLUTE
    ../clib/signal.c                         0x00000000   Number         0  defsig_pvfn_inner.o ABSOLUTE
    ../clib/signal.c                         0x00000000   Number         0  defsig_rtmem_inner.o ABSOLUTE
    ../clib/signal.c                         0x00000000   Number         0  defsig_fpe_inner.o ABSOLUTE
    ../clib/signal.c                         0x00000000   Number         0  defsig_rtmem_outer.o ABSOLUTE
    ../clib/signal.c                         0x00000000   Number         0  defsig_rtmem_formal.o ABSOLUTE
    ../clib/signal.c                         0x00000000   Number         0  defsig_rtred_inner.o ABSOLUTE
    ../clib/signal.c                         0x00000000   Number         0  defsig_stak_inner.o ABSOLUTE
    ../clib/signal.c                         0x00000000   Number         0  __raise.o ABSOLUTE
    ../clib/signal.c                         0x00000000   Number         0  defsig_segv_inner.o ABSOLUTE
    ../clib/signal.c                         0x00000000   Number         0  defsig_exit.o ABSOLUTE
    ../clib/signal.c                         0x00000000   Number         0  defsig_abrt_inner.o ABSOLUTE
    ../clib/signal.s                         0x00000000   Number         0  defsig.o ABSOLUTE
    ../clib/stdlib.c                         0x00000000   Number         0  exit.o ABSOLUTE
    ../clib/string.c                         0x00000000   Number         0  strlen.o ABSOLUTE
    ../fplib/dcmpi.s                         0x00000000   Number         0  dcmpi.o ABSOLUTE
    ../fplib/dfixu.s                         0x00000000   Number         0  dfixu.o ABSOLUTE
    ../fplib/dflt.s                          0x00000000   Number         0  dflt_clz.o ABSOLUTE
    ../fplib/dleqf.s                         0x00000000   Number         0  dleqf.o ABSOLUTE
    ../fplib/dnaninf.s                       0x00000000   Number         0  dnaninf.o ABSOLUTE
    ../fplib/dretinf.s                       0x00000000   Number         0  dretinf.o ABSOLUTE
    ../fplib/drleqf.s                        0x00000000   Number         0  drleqf.o ABSOLUTE
    ../fplib/dsqrt.s                         0x00000000   Number         0  dsqrt_noumaal.o ABSOLUTE
    ../fplib/f2d.s                           0x00000000   Number         0  f2d.o ABSOLUTE
    ../fplib/faddsub.s                       0x00000000   Number         0  faddsub_clz.o ABSOLUTE
    ../fplib/fdiv.s                          0x00000000   Number         0  fdiv.o ABSOLUTE
    ../fplib/ffix.s                          0x00000000   Number         0  ffix.o ABSOLUTE
    ../fplib/ffixu.s                         0x00000000   Number         0  ffixu.o ABSOLUTE
    ../fplib/fflt.s                          0x00000000   Number         0  fflt_clz.o ABSOLUTE
    ../fplib/fmul.s                          0x00000000   Number         0  fmul.o ABSOLUTE
    ../fplib/fnaninf.s                       0x00000000   Number         0  fnaninf.o ABSOLUTE
    ../fplib/fpinit.s                        0x00000000   Number         0  fpinit.o ABSOLUTE
    ../fplib/fretinf.s                       0x00000000   Number         0  fretinf.o ABSOLUTE
    ../fplib/usenofp.s                       0x00000000   Number         0  usenofp.o ABSOLUTE
    ../mathlib/sqrt.c                        0x00000000   Number         0  sqrt_x.o ABSOLUTE
    ../mathlib/sqrt.c                        0x00000000   Number         0  sqrt.o ABSOLUTE
    ..\CORE\core_cm3.c                       0x00000000   Number         0  core_cm3.o ABSOLUTE
    ..\CORE\startup_stm32f10x_hd.s           0x00000000   Number         0  startup_stm32f10x_hd.o ABSOLUTE
    ..\HARDWARE\24CXX\24cxx.c                0x00000000   Number         0  24cxx.o ABSOLUTE
    ..\HARDWARE\IIC\myiic.c                  0x00000000   Number         0  myiic.o ABSOLUTE
    ..\HARDWARE\KEY\key.c                    0x00000000   Number         0  key.o ABSOLUTE
    ..\HARDWARE\LCD\lcd.c                    0x00000000   Number         0  lcd.o ABSOLUTE
    ..\HARDWARE\LED\led.c                    0x00000000   Number         0  led.o ABSOLUTE
    ..\HARDWARE\TOUCH\touch.c                0x00000000   Number         0  touch.o ABSOLUTE
    ..\STM32F10x_FWLib\src\misc.c            0x00000000   Number         0  misc.o ABSOLUTE
    ..\STM32F10x_FWLib\src\stm32f10x_gpio.c  0x00000000   Number         0  stm32f10x_gpio.o ABSOLUTE
    ..\STM32F10x_FWLib\src\stm32f10x_rcc.c   0x00000000   Number         0  stm32f10x_rcc.o ABSOLUTE
    ..\STM32F10x_FWLib\src\stm32f10x_spi.c   0x00000000   Number         0  stm32f10x_spi.o ABSOLUTE
    ..\SYSTEM\delay\delay.c                  0x00000000   Number         0  delay.o ABSOLUTE
    ..\USER\GUI.c                            0x00000000   Number         0  gui.o ABSOLUTE
    ..\USER\main.c                           0x00000000   Number         0  main.o ABSOLUTE
    ..\USER\stm32f10x_it.c                   0x00000000   Number         0  stm32f10x_it.o ABSOLUTE
    ..\USER\system_stm32f10x.c               0x00000000   Number         0  system_stm32f10x.o ABSOLUTE
    ..\USER\test.c                           0x00000000   Number         0  test.o ABSOLUTE
    ..\\CORE\\core_cm3.c                     0x00000000   Number         0  core_cm3.o ABSOLUTE
    dc.s                                     0x00000000   Number         0  dc.o ABSOLUTE
    RESET                                    0x08000000   Section      304  startup_stm32f10x_hd.o(RESET)
    !!!main                                  0x08000130   Section        8  __main.o(!!!main)
    !!!scatter                               0x08000138   Section       52  __scatter.o(!!!scatter)
    !!handler_copy                           0x0800016c   Section       26  __scatter_copy.o(!!handler_copy)
    !!handler_zi                             0x08000188   Section       28  __scatter_zi.o(!!handler_zi)
    .ARM.Collect$$_printf_percent$$00000000  0x080001a4   Section        0  _printf_percent.o(.ARM.Collect$$_printf_percent$$00000000)
    .ARM.Collect$$_printf_percent$$0000000C  0x080001a4   Section        6  _printf_x.o(.ARM.Collect$$_printf_percent$$0000000C)
    .ARM.Collect$$_printf_percent$$00000017  0x080001aa   Section        4  _printf_percent_end.o(.ARM.Collect$$_printf_percent$$00000017)
    .ARM.Collect$$libinit$$00000000          0x080001ae   Section        2  libinit.o(.ARM.Collect$$libinit$$00000000)
    .ARM.Collect$$libinit$$00000002          0x080001b0   Section        0  libinit2.o(.ARM.Collect$$libinit$$00000002)
    .ARM.Collect$$libinit$$00000004          0x080001b0   Section        0  libinit2.o(.ARM.Collect$$libinit$$00000004)
    .ARM.Collect$$libinit$$0000000A          0x080001b0   Section        0  libinit2.o(.ARM.Collect$$libinit$$0000000A)
    .ARM.Collect$$libinit$$0000000C          0x080001b0   Section        0  libinit2.o(.ARM.Collect$$libinit$$0000000C)
    .ARM.Collect$$libinit$$0000000E          0x080001b0   Section        0  libinit2.o(.ARM.Collect$$libinit$$0000000E)
    .ARM.Collect$$libinit$$00000011          0x080001b0   Section        0  libinit2.o(.ARM.Collect$$libinit$$00000011)
    .ARM.Collect$$libinit$$00000013          0x080001b0   Section        0  libinit2.o(.ARM.Collect$$libinit$$00000013)
    .ARM.Collect$$libinit$$00000015          0x080001b0   Section        0  libinit2.o(.ARM.Collect$$libinit$$00000015)
    .ARM.Collect$$libinit$$00000017          0x080001b0   Section        0  libinit2.o(.ARM.Collect$$libinit$$00000017)
    .ARM.Collect$$libinit$$00000019          0x080001b0   Section        0  libinit2.o(.ARM.Collect$$libinit$$00000019)
    .ARM.Collect$$libinit$$0000001B          0x080001b0   Section        0  libinit2.o(.ARM.Collect$$libinit$$0000001B)
    .ARM.Collect$$libinit$$0000001D          0x080001b0   Section        0  libinit2.o(.ARM.Collect$$libinit$$0000001D)
    .ARM.Collect$$libinit$$0000001F          0x080001b0   Section        0  libinit2.o(.ARM.Collect$$libinit$$0000001F)
    .ARM.Collect$$libinit$$00000021          0x080001b0   Section        0  libinit2.o(.ARM.Collect$$libinit$$00000021)
    .ARM.Collect$$libinit$$00000023          0x080001b0   Section        0  libinit2.o(.ARM.Collect$$libinit$$00000023)
    .ARM.Collect$$libinit$$00000025          0x080001b0   Section        0  libinit2.o(.ARM.Collect$$libinit$$00000025)
    .ARM.Collect$$libinit$$0000002C          0x080001b0   Section        0  libinit2.o(.ARM.Collect$$libinit$$0000002C)
    .ARM.Collect$$libinit$$0000002E          0x080001b0   Section        0  libinit2.o(.ARM.Collect$$libinit$$0000002E)
    .ARM.Collect$$libinit$$00000030          0x080001b0   Section        0  libinit2.o(.ARM.Collect$$libinit$$00000030)
    .ARM.Collect$$libinit$$00000032          0x080001b0   Section        0  libinit2.o(.ARM.Collect$$libinit$$00000032)
    .ARM.Collect$$libinit$$00000033          0x080001b0   Section        2  libinit2.o(.ARM.Collect$$libinit$$00000033)
    .ARM.Collect$$libshutdown$$00000000      0x080001b2   Section        2  libshutdown.o(.ARM.Collect$$libshutdown$$00000000)
    .ARM.Collect$$libshutdown$$00000002      0x080001b4   Section        0  libshutdown2.o(.ARM.Collect$$libshutdown$$00000002)
    .ARM.Collect$$libshutdown$$00000004      0x080001b4   Section        0  libshutdown2.o(.ARM.Collect$$libshutdown$$00000004)
    .ARM.Collect$$libshutdown$$00000007      0x080001b4   Section        0  libshutdown2.o(.ARM.Collect$$libshutdown$$00000007)
    .ARM.Collect$$libshutdown$$0000000A      0x080001b4   Section        0  libshutdown2.o(.ARM.Collect$$libshutdown$$0000000A)
    .ARM.Collect$$libshutdown$$0000000C      0x080001b4   Section        0  libshutdown2.o(.ARM.Collect$$libshutdown$$0000000C)
    .ARM.Collect$$libshutdown$$0000000F      0x080001b4   Section        0  libshutdown2.o(.ARM.Collect$$libshutdown$$0000000F)
    .ARM.Collect$$libshutdown$$00000010      0x080001b4   Section        2  libshutdown2.o(.ARM.Collect$$libshutdown$$00000010)
    .ARM.Collect$$rtentry$$00000000          0x080001b6   Section        0  __rtentry.o(.ARM.Collect$$rtentry$$00000000)
    .ARM.Collect$$rtentry$$00000002          0x080001b6   Section        0  __rtentry2.o(.ARM.Collect$$rtentry$$00000002)
    .ARM.Collect$$rtentry$$00000004          0x080001b6   Section        6  __rtentry4.o(.ARM.Collect$$rtentry$$00000004)
    .ARM.Collect$$rtentry$$00000009          0x080001bc   Section        0  __rtentry2.o(.ARM.Collect$$rtentry$$00000009)
    .ARM.Collect$$rtentry$$0000000A          0x080001bc   Section        4  __rtentry2.o(.ARM.Collect$$rtentry$$0000000A)
    .ARM.Collect$$rtentry$$0000000C          0x080001c0   Section        0  __rtentry2.o(.ARM.Collect$$rtentry$$0000000C)
    .ARM.Collect$$rtentry$$0000000D          0x080001c0   Section        8  __rtentry2.o(.ARM.Collect$$rtentry$$0000000D)
    .ARM.Collect$$rtexit$$00000000           0x080001c8   Section        2  rtexit.o(.ARM.Collect$$rtexit$$00000000)
    .ARM.Collect$$rtexit$$00000002           0x080001ca   Section        0  rtexit2.o(.ARM.Collect$$rtexit$$00000002)
    .ARM.Collect$$rtexit$$00000003           0x080001ca   Section        4  rtexit2.o(.ARM.Collect$$rtexit$$00000003)
    .ARM.Collect$$rtexit$$00000004           0x080001ce   Section        6  rtexit2.o(.ARM.Collect$$rtexit$$00000004)
    .text                                    0x080001d4   Section        0  gui.o(.text)
    _swap                                    0x080004bf   Thumb Code    10  gui.o(.text)
    .text                                    0x080012b8   Section        0  main.o(.text)
    .text                                    0x0800130a   Section        0  stm32f10x_it.o(.text)
    .text                                    0x08001324   Section        0  system_stm32f10x.o(.text)
    SetSysClockTo72                          0x08001325   Thumb Code   214  system_stm32f10x.o(.text)
    SetSysClock                              0x080013fb   Thumb Code     8  system_stm32f10x.o(.text)
    .text                                    0x08001504   Section        0  test.o(.text)
    .text                                    0x080030a0   Section        0  key.o(.text)
    .text                                    0x0800315c   Section        0  lcd.o(.text)
    .text                                    0x08003662   Section        0  24cxx.o(.text)
    .text                                    0x080037dc   Section        0  touch.o(.text)
    .text                                    0x08004784   Section        0  myiic.o(.text)
    .text                                    0x080049dc   Section        0  led.o(.text)
    .text                                    0x08004a40   Section       64  startup_stm32f10x_hd.o(.text)
    .text                                    0x08004a80   Section        0  misc.o(.text)
    .text                                    0x08004b5c   Section        0  stm32f10x_gpio.o(.text)
    .text                                    0x08004eb8   Section        0  stm32f10x_rcc.o(.text)
    .text                                    0x0800525c   Section        0  delay.o(.text)
    .text                                    0x08005308   Section        0  noretval__2sprintf.o(.text)
    .text                                    0x08005330   Section        0  _printf_pad.o(.text)
    .text                                    0x08005380   Section        0  _printf_hex_int.o(.text)
    .text                                    0x080053d8   Section        0  __printf_flags_wp.o(.text)
    .text                                    0x08005510   Section        0  strlen.o(.text)
    .text                                    0x0800554e   Section       78  rt_memclr_w.o(.text)
    .text                                    0x0800559c   Section        0  heapauxi.o(.text)
    .text                                    0x080055a2   Section        0  _rserrno.o(.text)
    .text                                    0x080055b8   Section        0  _printf_intcommon.o(.text)
    .text                                    0x0800566c   Section        0  _printf_char_common.o(.text)
    _printf_input_char                       0x0800566d   Thumb Code    10  _printf_char_common.o(.text)
    .text                                    0x0800569c   Section        0  _sputc.o(.text)
    .text                                    0x080056a8   Section        8  rt_errno_addr_intlibspace.o(.text)
    .text                                    0x080056b0   Section        8  libspace.o(.text)
    .text                                    0x080056b8   Section       74  sys_stackheap_outer.o(.text)
    .text                                    0x08005702   Section        0  exit.o(.text)
    .text                                    0x08005714   Section        0  sys_exit.o(.text)
    .text                                    0x08005720   Section        2  use_no_semi.o(.text)
    .text                                    0x08005722   Section        0  indicate_semi.o(.text)
    i._is_digit                              0x08005722   Section        0  __printf_wp.o(i._is_digit)
    i.sqrt                                   0x08005730   Section        0  sqrt.o(i.sqrt)
    x$fpl$dcmpinf                            0x0800577c   Section       24  dcmpi.o(x$fpl$dcmpinf)
    x$fpl$dfixu                              0x08005794   Section       90  dfixu.o(x$fpl$dfixu)
    x$fpl$dfltu                              0x080057ee   Section       38  dflt_clz.o(x$fpl$dfltu)
    x$fpl$dleqf                              0x08005814   Section      120  dleqf.o(x$fpl$dleqf)
    x$fpl$dnaninf                            0x0800588c   Section      156  dnaninf.o(x$fpl$dnaninf)
    x$fpl$dretinf                            0x08005928   Section       12  dretinf.o(x$fpl$dretinf)
    x$fpl$drleqf                             0x08005934   Section      108  drleqf.o(x$fpl$drleqf)
    x$fpl$dsqrt                              0x080059a0   Section      460  dsqrt_noumaal.o(x$fpl$dsqrt)
    x$fpl$f2d                                0x08005b6c   Section       86  f2d.o(x$fpl$f2d)
    x$fpl$fadd                               0x08005bc4   Section      196  faddsub_clz.o(x$fpl$fadd)
    _fadd1                                   0x08005bd3   Thumb Code     0  faddsub_clz.o(x$fpl$fadd)
    x$fpl$fdiv                               0x08005c88   Section      388  fdiv.o(x$fpl$fdiv)
    _fdiv1                                   0x08005c89   Thumb Code     0  fdiv.o(x$fpl$fdiv)
    x$fpl$ffix                               0x08005e0c   Section       54  ffix.o(x$fpl$ffix)
    x$fpl$ffixu                              0x08005e44   Section       62  ffixu.o(x$fpl$ffixu)
    x$fpl$fflt                               0x08005e84   Section       48  fflt_clz.o(x$fpl$fflt)
    x$fpl$ffltu                              0x08005eb4   Section       38  fflt_clz.o(x$fpl$ffltu)
    x$fpl$fmul                               0x08005edc   Section      258  fmul.o(x$fpl$fmul)
    x$fpl$fnaninf                            0x08005fde   Section      140  fnaninf.o(x$fpl$fnaninf)
    x$fpl$fretinf                            0x0800606a   Section       10  fretinf.o(x$fpl$fretinf)
    x$fpl$fsub                               0x08006074   Section      234  faddsub_clz.o(x$fpl$fsub)
    _fsub1                                   0x08006083   Thumb Code     0  faddsub_clz.o(x$fpl$fsub)
    .constdata                               0x0800615e   Section     5278  gui.o(.constdata)
    x$fpl$usenofp                            0x0800615e   Section        0  usenofp.o(x$fpl$usenofp)
    .constdata                               0x080075fc   Section     3216  test.o(.constdata)
    .constdata                               0x0800828c   Section       40  _printf_hex_int.o(.constdata)
    uc_hextab                                0x0800828c   Data          20  _printf_hex_int.o(.constdata)
    lc_hextab                                0x080082a0   Data          20  _printf_hex_int.o(.constdata)
    .constdata                               0x080082b4   Section       17  __printf_flags_wp.o(.constdata)
    maptable                                 0x080082b4   Data          17  __printf_flags_wp.o(.constdata)
    .conststring                             0x080082c8   Section       55  test.o(.conststring)
    .conststring                             0x08008300   Section      121  touch.o(.conststring)
    .data                                    0x20000000   Section       20  system_stm32f10x.o(.data)
    .data                                    0x20000014   Section       26  test.o(.data)
    .data                                    0x2000002e   Section        6  lcd.o(.data)
    .data                                    0x20000034   Section       48  touch.o(.data)
    .data                                    0x20000064   Section       20  stm32f10x_rcc.o(.data)
    APBAHBPrescTable                         0x20000064   Data          16  stm32f10x_rcc.o(.data)
    ADCPrescTable                            0x20000074   Data           4  stm32f10x_rcc.o(.data)
    .data                                    0x20000078   Section        4  delay.o(.data)
    fac_us                                   0x20000078   Data           1  delay.o(.data)
    fac_ms                                   0x2000007a   Data           2  delay.o(.data)
    .bss                                     0x2000007c   Section       16  lcd.o(.bss)
    .bss                                     0x2000008c   Section       96  libspace.o(.bss)
    HEAP                                     0x200000f0   Section      512  startup_stm32f10x_hd.o(HEAP)
    Heap_Mem                                 0x200000f0   Data         512  startup_stm32f10x_hd.o(HEAP)
    STACK                                    0x200002f0   Section     1024  startup_stm32f10x_hd.o(STACK)
    Stack_Mem                                0x200002f0   Data        1024  startup_stm32f10x_hd.o(STACK)
    __initial_sp                             0x200006f0   Data           0  startup_stm32f10x_hd.o(STACK)

    Global Symbols

    Symbol Name                              Value     Ov Type        Size  Object(Section)

    BuildAttributes$$THM_ISAv4$P$D$K$B$S$PE$A:L22UL41UL21$X:L11$S22US41US21$IEEE1$IW$USESV6$~STKCKD$USESV7$~SHL$OTIME$ROPI$IEEEJ$EBA8$UX$STANDARDLIB$REQ8$PRES8$EABIv2 0x00000000   Number         0  anon$$obj.o ABSOLUTE
    __ARM_use_no_argv                        0x00000000   Number         0  main.o ABSOLUTE
    _printf_flags                            0x00000000   Number         0  printf_stubs.o ABSOLUTE
    _printf_return_value                     0x00000000   Number         0  printf_stubs.o ABSOLUTE
    _printf_sizespec                         0x00000000   Number         0  printf_stubs.o ABSOLUTE
    _printf_widthprec                        0x00000000   Number         0  printf_stubs.o ABSOLUTE
    __ARM_exceptions_init                     - Undefined Weak Reference
    __alloca_initialize                       - Undefined Weak Reference
    __arm_preinit_                            - Undefined Weak Reference
    __cpp_initialize__aeabi_                  - Undefined Weak Reference
    __cxa_finalize                            - Undefined Weak Reference
    __rt_locale                               - Undefined Weak Reference
    __sigvec_lookup                           - Undefined Weak Reference
    _atexit_init                              - Undefined Weak Reference
    _call_atexit_fns                          - Undefined Weak Reference
    _clock_init                               - Undefined Weak Reference
    _fp_trap_init                             - Undefined Weak Reference
    _fp_trap_shutdown                         - Undefined Weak Reference
    _get_lc_collate                           - Undefined Weak Reference
    _get_lc_ctype                             - Undefined Weak Reference
    _get_lc_monetary                          - Undefined Weak Reference
    _get_lc_numeric                           - Undefined Weak Reference
    _get_lc_time                              - Undefined Weak Reference
    _getenv_init                              - Undefined Weak Reference
    _handle_redirection                       - Undefined Weak Reference
    _init_alloc                               - Undefined Weak Reference
    _init_user_alloc                          - Undefined Weak Reference
    _initio                                   - Undefined Weak Reference
    _printf_truncate_unsigned                 - Undefined Weak Reference
    _rand_init                                - Undefined Weak Reference
    _signal_finish                            - Undefined Weak Reference
    _signal_init                              - Undefined Weak Reference
    _terminate_alloc                          - Undefined Weak Reference
    _terminate_user_alloc                     - Undefined Weak Reference
    _terminateio                              - Undefined Weak Reference
    __Vectors_Size                           0x00000130   Number         0  startup_stm32f10x_hd.o ABSOLUTE
    __Vectors                                0x08000000   Data           4  startup_stm32f10x_hd.o(RESET)
    __Vectors_End                            0x08000130   Data           0  startup_stm32f10x_hd.o(RESET)
    __main                                   0x08000131   Thumb Code     8  __main.o(!!!main)
    __scatterload                            0x08000139   Thumb Code     0  __scatter.o(!!!scatter)
    __scatterload_rt2                        0x08000139   Thumb Code    44  __scatter.o(!!!scatter)
    __scatterload_rt2_thumb_only             0x08000139   Thumb Code     0  __scatter.o(!!!scatter)
    __scatterload_null                       0x08000147   Thumb Code     0  __scatter.o(!!!scatter)
    __scatterload_copy                       0x0800016d   Thumb Code    26  __scatter_copy.o(!!handler_copy)
    __scatterload_zeroinit                   0x08000189   Thumb Code    28  __scatter_zi.o(!!handler_zi)
    _printf_percent                          0x080001a5   Thumb Code     0  _printf_percent.o(.ARM.Collect$$_printf_percent$$00000000)
    _printf_x                                0x080001a5   Thumb Code     0  _printf_x.o(.ARM.Collect$$_printf_percent$$0000000C)
    _printf_percent_end                      0x080001ab   Thumb Code     0  _printf_percent_end.o(.ARM.Collect$$_printf_percent$$00000017)
    __rt_lib_init                            0x080001af   Thumb Code     0  libinit.o(.ARM.Collect$$libinit$$00000000)
    __rt_lib_init_alloca_1                   0x080001b1   Thumb Code     0  libinit2.o(.ARM.Collect$$libinit$$0000002E)
    __rt_lib_init_argv_1                     0x080001b1   Thumb Code     0  libinit2.o(.ARM.Collect$$libinit$$0000002C)
    __rt_lib_init_atexit_1                   0x080001b1   Thumb Code     0  libinit2.o(.ARM.Collect$$libinit$$0000001B)
    __rt_lib_init_clock_1                    0x080001b1   Thumb Code     0  libinit2.o(.ARM.Collect$$libinit$$00000021)
    __rt_lib_init_cpp_1                      0x080001b1   Thumb Code     0  libinit2.o(.ARM.Collect$$libinit$$00000032)
    __rt_lib_init_exceptions_1               0x080001b1   Thumb Code     0  libinit2.o(.ARM.Collect$$libinit$$00000030)
    __rt_lib_init_fp_1                       0x080001b1   Thumb Code     0  libinit2.o(.ARM.Collect$$libinit$$00000002)
    __rt_lib_init_fp_trap_1                  0x080001b1   Thumb Code     0  libinit2.o(.ARM.Collect$$libinit$$0000001F)
    __rt_lib_init_getenv_1                   0x080001b1   Thumb Code     0  libinit2.o(.ARM.Collect$$libinit$$00000023)
    __rt_lib_init_heap_1                     0x080001b1   Thumb Code     0  libinit2.o(.ARM.Collect$$libinit$$0000000A)
    __rt_lib_init_lc_collate_1               0x080001b1   Thumb Code     0  libinit2.o(.ARM.Collect$$libinit$$00000011)
    __rt_lib_init_lc_ctype_1                 0x080001b1   Thumb Code     0  libinit2.o(.ARM.Collect$$libinit$$00000013)
    __rt_lib_init_lc_monetary_1              0x080001b1   Thumb Code     0  libinit2.o(.ARM.Collect$$libinit$$00000015)
    __rt_lib_init_lc_numeric_1               0x080001b1   Thumb Code     0  libinit2.o(.ARM.Collect$$libinit$$00000017)
    __rt_lib_init_lc_time_1                  0x080001b1   Thumb Code     0  libinit2.o(.ARM.Collect$$libinit$$00000019)
    __rt_lib_init_preinit_1                  0x080001b1   Thumb Code     0  libinit2.o(.ARM.Collect$$libinit$$00000004)
    __rt_lib_init_rand_1                     0x080001b1   Thumb Code     0  libinit2.o(.ARM.Collect$$libinit$$0000000E)
    __rt_lib_init_return                     0x080001b1   Thumb Code     0  libinit2.o(.ARM.Collect$$libinit$$00000033)
    __rt_lib_init_signal_1                   0x080001b1   Thumb Code     0  libinit2.o(.ARM.Collect$$libinit$$0000001D)
    __rt_lib_init_stdio_1                    0x080001b1   Thumb Code     0  libinit2.o(.ARM.Collect$$libinit$$00000025)
    __rt_lib_init_user_alloc_1               0x080001b1   Thumb Code     0  libinit2.o(.ARM.Collect$$libinit$$0000000C)
    __rt_lib_shutdown                        0x080001b3   Thumb Code     0  libshutdown.o(.ARM.Collect$$libshutdown$$00000000)
    __rt_lib_shutdown_cpp_1                  0x080001b5   Thumb Code     0  libshutdown2.o(.ARM.Collect$$libshutdown$$00000002)
    __rt_lib_shutdown_fp_trap_1              0x080001b5   Thumb Code     0  libshutdown2.o(.ARM.Collect$$libshutdown$$00000007)
    __rt_lib_shutdown_heap_1                 0x080001b5   Thumb Code     0  libshutdown2.o(.ARM.Collect$$libshutdown$$0000000F)
    __rt_lib_shutdown_return                 0x080001b5   Thumb Code     0  libshutdown2.o(.ARM.Collect$$libshutdown$$00000010)
    __rt_lib_shutdown_signal_1               0x080001b5   Thumb Code     0  libshutdown2.o(.ARM.Collect$$libshutdown$$0000000A)
    __rt_lib_shutdown_stdio_1                0x080001b5   Thumb Code     0  libshutdown2.o(.ARM.Collect$$libshutdown$$00000004)
    __rt_lib_shutdown_user_alloc_1           0x080001b5   Thumb Code     0  libshutdown2.o(.ARM.Collect$$libshutdown$$0000000C)
    __rt_entry                               0x080001b7   Thumb Code     0  __rtentry.o(.ARM.Collect$$rtentry$$00000000)
    __rt_entry_presh_1                       0x080001b7   Thumb Code     0  __rtentry2.o(.ARM.Collect$$rtentry$$00000002)
    __rt_entry_sh                            0x080001b7   Thumb Code     0  __rtentry4.o(.ARM.Collect$$rtentry$$00000004)
    __rt_entry_li                            0x080001bd   Thumb Code     0  __rtentry2.o(.ARM.Collect$$rtentry$$0000000A)
    __rt_entry_postsh_1                      0x080001bd   Thumb Code     0  __rtentry2.o(.ARM.Collect$$rtentry$$00000009)
    __rt_entry_main                          0x080001c1   Thumb Code     0  __rtentry2.o(.ARM.Collect$$rtentry$$0000000D)
    __rt_entry_postli_1                      0x080001c1   Thumb Code     0  __rtentry2.o(.ARM.Collect$$rtentry$$0000000C)
    __rt_exit                                0x080001c9   Thumb Code     0  rtexit.o(.ARM.Collect$$rtexit$$00000000)
    __rt_exit_ls                             0x080001cb   Thumb Code     0  rtexit2.o(.ARM.Collect$$rtexit$$00000003)
    __rt_exit_prels_1                        0x080001cb   Thumb Code     0  rtexit2.o(.ARM.Collect$$rtexit$$00000002)
    __rt_exit_exit                           0x080001cf   Thumb Code     0  rtexit2.o(.ARM.Collect$$rtexit$$00000004)
    GUI_DrawPoint                            0x080001d5   Thumb Code    24  gui.o(.text)
    LCD_Fill                                 0x080001ed   Thumb Code   110  gui.o(.text)
    LCD_DrawLine                             0x0800025b   Thumb Code   176  gui.o(.text)
    LCD_DrawRectangle                        0x0800030b   Thumb Code    64  gui.o(.text)
    LCD_DrawFillRectangle                    0x0800034b   Thumb Code    30  gui.o(.text)
    _draw_circle_8                           0x08000369   Thumb Code   132  gui.o(.text)
    gui_circle                               0x080003ed   Thumb Code   154  gui.o(.text)
    Draw_Triangel                            0x08000487   Thumb Code    56  gui.o(.text)
    Fill_Triangel                            0x080004c9   Thumb Code   532  gui.o(.text)
    LCD_ShowChar                             0x080006dd   Thumb Code   276  gui.o(.text)
    LCD_ShowString                           0x080007f1   Thumb Code    94  gui.o(.text)
    mypow                                    0x0800084f   Thumb Code    22  gui.o(.text)
    LCD_ShowNum                              0x08000865   Thumb Code   168  gui.o(.text)
    GUI_DrawFont16                           0x0800090d   Thumb Code   252  gui.o(.text)
    GUI_DrawFont24                           0x08000a09   Thumb Code   298  gui.o(.text)
    GUI_DrawFont32                           0x08000b33   Thumb Code   252  gui.o(.text)
    Show_Str                                 0x08000c2f   Thumb Code   264  gui.o(.text)
    Gui_StrCenter                            0x08000d37   Thumb Code    60  gui.o(.text)
    Gui_Drawbmp16                            0x08000d73   Thumb Code    90  gui.o(.text)
    LCD_Draw9Point                           0x08000dcd   Thumb Code   160  gui.o(.text)
    Draw_TextBox                             0x08000e6d   Thumb Code   296  gui.o(.text)
    EscButton                                0x08000f95   Thumb Code   238  gui.o(.text)
    Draw_Button                              0x08001083   Thumb Code    66  gui.o(.text)
    SetButton                                0x080010c5   Thumb Code   182  gui.o(.text)
    Draw_DirectButton                        0x0800117b   Thumb Code   150  gui.o(.text)
    Draw_Window                              0x08001211   Thumb Code   168  gui.o(.text)
    main                                     0x080012b9   Thumb Code    82  main.o(.text)
    NMI_Handler                              0x0800130b   Thumb Code     2  stm32f10x_it.o(.text)
    HardFault_Handler                        0x0800130d   Thumb Code     4  stm32f10x_it.o(.text)
    MemManage_Handler                        0x08001311   Thumb Code     4  stm32f10x_it.o(.text)
    BusFault_Handler                         0x08001315   Thumb Code     4  stm32f10x_it.o(.text)
    UsageFault_Handler                       0x08001319   Thumb Code     4  stm32f10x_it.o(.text)
    SVC_Handler                              0x0800131d   Thumb Code     2  stm32f10x_it.o(.text)
    DebugMon_Handler                         0x0800131f   Thumb Code     2  stm32f10x_it.o(.text)
    PendSV_Handler                           0x08001321   Thumb Code     2  stm32f10x_it.o(.text)
    SysTick_Handler                          0x08001323   Thumb Code     2  stm32f10x_it.o(.text)
    SystemInit                               0x08001403   Thumb Code    78  system_stm32f10x.o(.text)
    SystemCoreClockUpdate                    0x08001451   Thumb Code   142  system_stm32f10x.o(.text)
    DrawTestPage                             0x08001505   Thumb Code   134  test.o(.text)
    main_test                                0x0800158b   Thumb Code    78  test.o(.text)
    Test_Color                               0x080015d9   Thumb Code   260  test.o(.text)
    Test_FillRec                             0x080016dd   Thumb Code   400  test.o(.text)
    Test_Circle                              0x0800186d   Thumb Code   370  test.o(.text)
    English_Font_test                        0x080019df   Thumb Code   174  test.o(.text)
    Test_Triangle                            0x08001a8d   Thumb Code   484  test.o(.text)
    Chinese_Font_test                        0x08001c71   Thumb Code   122  test.o(.text)
    Pic_test                                 0x08001ceb   Thumb Code   518  test.o(.text)
    Rotate_Test                              0x08001ef1   Thumb Code   108  test.o(.text)
    Touch_Test                               0x08001f5d   Thumb Code   468  test.o(.text)
    Test_Read                                0x08002131   Thumb Code   232  test.o(.text)
    POINT_Test                               0x08002219   Thumb Code   662  test.o(.text)
    Combo_Test                               0x080024af   Thumb Code   714  test.o(.text)
    ProgresBar_Test                          0x08002779   Thumb Code   590  test.o(.text)
    BarReport_Test                           0x080029c7   Thumb Code   346  test.o(.text)
    Window_Test                              0x08002b21   Thumb Code   152  test.o(.text)
    Button_Test                              0x08002bb9   Thumb Code  1064  test.o(.text)
    KEY_Init                                 0x080030a1   Thumb Code    82  key.o(.text)
    KEY_Scan                                 0x080030f3   Thumb Code    92  key.o(.text)
    LCD_write                                0x0800315d   Thumb Code    24  lcd.o(.text)
    LCD_read                                 0x08003175   Thumb Code    42  lcd.o(.text)
    LCD_WR_REG                               0x0800319f   Thumb Code    20  lcd.o(.text)
    LCD_WR_DATA                              0x080031b3   Thumb Code    20  lcd.o(.text)
    LCD_RD_DATA                              0x080031c7   Thumb Code    16  lcd.o(.text)
    LCD_WriteReg                             0x080031d7   Thumb Code    20  lcd.o(.text)
    LCD_ReadReg                              0x080031eb   Thumb Code    78  lcd.o(.text)
    LCD_WriteRAM_Prepare                     0x08003239   Thumb Code    12  lcd.o(.text)
    LCD_ReadRAM_Prepare                      0x08003245   Thumb Code    12  lcd.o(.text)
    Lcd_WriteData_16Bit                      0x08003251   Thumb Code    42  lcd.o(.text)
    Color_To_565                             0x0800327b   Thumb Code    24  lcd.o(.text)
    Lcd_ReadData_16Bit                       0x08003293   Thumb Code   120  lcd.o(.text)
    LCD_SetWindows                           0x0800330b   Thumb Code    80  lcd.o(.text)
    LCD_SetCursor                            0x0800335b   Thumb Code    20  lcd.o(.text)
    LCD_DrawPoint                            0x0800336f   Thumb Code    24  lcd.o(.text)
    LCD_ReadPoint                            0x08003387   Thumb Code    92  lcd.o(.text)
    LCD_Clear                                0x080033e3   Thumb Code    56  lcd.o(.text)
    LCD_GPIOInit                             0x0800341b   Thumb Code    88  lcd.o(.text)
    LCD_RESET                                0x08003473   Thumb Code    28  lcd.o(.text)
    LCD_direction                            0x0800348f   Thumb Code   162  lcd.o(.text)
    LCD_Init                                 0x08003531   Thumb Code   276  lcd.o(.text)
    LCD_Read_ID                              0x08003645   Thumb Code    30  lcd.o(.text)
    AT24CXX_Init                             0x08003663   Thumb Code     8  24cxx.o(.text)
    AT24CXX_ReadOneByte                      0x0800366b   Thumb Code    88  24cxx.o(.text)
    AT24CXX_WriteOneByte                     0x080036c3   Thumb Code    80  24cxx.o(.text)
    AT24CXX_WriteLenByte                     0x08003713   Thumb Code    42  24cxx.o(.text)
    AT24CXX_ReadLenByte                      0x0800373d   Thumb Code    44  24cxx.o(.text)
    AT24CXX_Check                            0x08003769   Thumb Code    46  24cxx.o(.text)
    AT24CXX_Read                             0x08003797   Thumb Code    34  24cxx.o(.text)
    AT24CXX_Write                            0x080037b9   Thumb Code    36  24cxx.o(.text)
    TP_Write_Byte                            0x080037dd   Thumb Code    56  touch.o(.text)
    TP_Read_AD                               0x08003815   Thumb Code   132  touch.o(.text)
    TP_Read_XOY                              0x08003899   Thumb Code   120  touch.o(.text)
    TP_Read_XY                               0x08003911   Thumb Code    38  touch.o(.text)
    TP_Read_XY2                              0x08003937   Thumb Code   192  touch.o(.text)
    TP_Drow_Touch_Point                      0x080039f7   Thumb Code   116  touch.o(.text)
    TP_Draw_Big_Point                        0x08003a6b   Thumb Code    54  touch.o(.text)
    TP_Scan                                  0x08003aa1   Thumb Code   246  touch.o(.text)
    TP_Save_Adjdata                          0x08003b97   Thumb Code   148  touch.o(.text)
    TP_Get_Adjdata                           0x08003c2b   Thumb Code   152  touch.o(.text)
    TP_Adj_Info_Show                         0x08003cc3   Thumb Code   320  touch.o(.text)
    TP_Adjust                                0x08003e03   Thumb Code  2260  touch.o(.text)
    TP_Init                                  0x080046d7   Thumb Code   106  touch.o(.text)
    IIC_Init                                 0x08004785   Thumb Code    52  myiic.o(.text)
    IIC_Start                                0x080047b9   Thumb Code    68  myiic.o(.text)
    IIC_Stop                                 0x080047fd   Thumb Code    62  myiic.o(.text)
    IIC_Wait_Ack                             0x0800483b   Thumb Code    86  myiic.o(.text)
    IIC_Ack                                  0x08004891   Thumb Code    66  myiic.o(.text)
    IIC_NAck                                 0x080048d3   Thumb Code    66  myiic.o(.text)
    IIC_Send_Byte                            0x08004915   Thumb Code    90  myiic.o(.text)
    IIC_Read_Byte                            0x0800496f   Thumb Code    98  myiic.o(.text)
    LED_Init                                 0x080049dd   Thumb Code    92  led.o(.text)
    Reset_Handler                            0x08004a41   Thumb Code     8  startup_stm32f10x_hd.o(.text)
    ADC1_2_IRQHandler                        0x08004a5b   Thumb Code     0  startup_stm32f10x_hd.o(.text)
    ADC3_IRQHandler                          0x08004a5b   Thumb Code     0  startup_stm32f10x_hd.o(.text)
    CAN1_RX1_IRQHandler                      0x08004a5b   Thumb Code     0  startup_stm32f10x_hd.o(.text)
    CAN1_SCE_IRQHandler                      0x08004a5b   Thumb Code     0  startup_stm32f10x_hd.o(.text)
    DMA1_Channel1_IRQHandler                 0x08004a5b   Thumb Code     0  startup_stm32f10x_hd.o(.text)
    DMA1_Channel2_IRQHandler                 0x08004a5b   Thumb Code     0  startup_stm32f10x_hd.o(.text)
    DMA1_Channel3_IRQHandler                 0x08004a5b   Thumb Code     0  startup_stm32f10x_hd.o(.text)
    DMA1_Channel4_IRQHandler                 0x08004a5b   Thumb Code     0  startup_stm32f10x_hd.o(.text)
    DMA1_Channel5_IRQHandler                 0x08004a5b   Thumb Code     0  startup_stm32f10x_hd.o(.text)
    DMA1_Channel6_IRQHandler                 0x08004a5b   Thumb Code     0  startup_stm32f10x_hd.o(.text)
    DMA1_Channel7_IRQHandler                 0x08004a5b   Thumb Code     0  startup_stm32f10x_hd.o(.text)
    DMA2_Channel1_IRQHandler                 0x08004a5b   Thumb Code     0  startup_stm32f10x_hd.o(.text)
    DMA2_Channel2_IRQHandler                 0x08004a5b   Thumb Code     0  startup_stm32f10x_hd.o(.text)
    DMA2_Channel3_IRQHandler                 0x08004a5b   Thumb Code     0  startup_stm32f10x_hd.o(.text)
    DMA2_Channel4_5_IRQHandler               0x08004a5b   Thumb Code     0  startup_stm32f10x_hd.o(.text)
    EXTI0_IRQHandler                         0x08004a5b   Thumb Code     0  startup_stm32f10x_hd.o(.text)
    EXTI15_10_IRQHandler                     0x08004a5b   Thumb Code     0  startup_stm32f10x_hd.o(.text)
    EXTI1_IRQHandler                         0x08004a5b   Thumb Code     0  startup_stm32f10x_hd.o(.text)
    EXTI2_IRQHandler                         0x08004a5b   Thumb Code     0  startup_stm32f10x_hd.o(.text)
    EXTI3_IRQHandler                         0x08004a5b   Thumb Code     0  startup_stm32f10x_hd.o(.text)
    EXTI4_IRQHandler                         0x08004a5b   Thumb Code     0  startup_stm32f10x_hd.o(.text)
    EXTI9_5_IRQHandler                       0x08004a5b   Thumb Code     0  startup_stm32f10x_hd.o(.text)
    FLASH_IRQHandler                         0x08004a5b   Thumb Code     0  startup_stm32f10x_hd.o(.text)
    FSMC_IRQHandler                          0x08004a5b   Thumb Code     0  startup_stm32f10x_hd.o(.text)
    I2C1_ER_IRQHandler                       0x08004a5b   Thumb Code     0  startup_stm32f10x_hd.o(.text)
    I2C1_EV_IRQHandler                       0x08004a5b   Thumb Code     0  startup_stm32f10x_hd.o(.text)
    I2C2_ER_IRQHandler                       0x08004a5b   Thumb Code     0  startup_stm32f10x_hd.o(.text)
    I2C2_EV_IRQHandler                       0x08004a5b   Thumb Code     0  startup_stm32f10x_hd.o(.text)
    PVD_IRQHandler                           0x08004a5b   Thumb Code     0  startup_stm32f10x_hd.o(.text)
    RCC_IRQHandler                           0x08004a5b   Thumb Code     0  startup_stm32f10x_hd.o(.text)
    RTCAlarm_IRQHandler                      0x08004a5b   Thumb Code     0  startup_stm32f10x_hd.o(.text)
    RTC_IRQHandler                           0x08004a5b   Thumb Code     0  startup_stm32f10x_hd.o(.text)
    SDIO_IRQHandler                          0x08004a5b   Thumb Code     0  startup_stm32f10x_hd.o(.text)
    SPI1_IRQHandler                          0x08004a5b   Thumb Code     0  startup_stm32f10x_hd.o(.text)
    SPI2_IRQHandler                          0x08004a5b   Thumb Code     0  startup_stm32f10x_hd.o(.text)
    SPI3_IRQHandler                          0x08004a5b   Thumb Code     0  startup_stm32f10x_hd.o(.text)
    TAMPER_IRQHandler                        0x08004a5b   Thumb Code     0  startup_stm32f10x_hd.o(.text)
    TIM1_BRK_IRQHandler                      0x08004a5b   Thumb Code     0  startup_stm32f10x_hd.o(.text)
    TIM1_CC_IRQHandler                       0x08004a5b   Thumb Code     0  startup_stm32f10x_hd.o(.text)
    TIM1_TRG_COM_IRQHandler                  0x08004a5b   Thumb Code     0  startup_stm32f10x_hd.o(.text)
    TIM1_UP_IRQHandler                       0x08004a5b   Thumb Code     0  startup_stm32f10x_hd.o(.text)
    TIM2_IRQHandler                          0x08004a5b   Thumb Code     0  startup_stm32f10x_hd.o(.text)
    TIM3_IRQHandler                          0x08004a5b   Thumb Code     0  startup_stm32f10x_hd.o(.text)
    TIM4_IRQHandler                          0x08004a5b   Thumb Code     0  startup_stm32f10x_hd.o(.text)
    TIM5_IRQHandler                          0x08004a5b   Thumb Code     0  startup_stm32f10x_hd.o(.text)
    TIM6_IRQHandler                          0x08004a5b   Thumb Code     0  startup_stm32f10x_hd.o(.text)
    TIM7_IRQHandler                          0x08004a5b   Thumb Code     0  startup_stm32f10x_hd.o(.text)
    TIM8_BRK_IRQHandler                      0x08004a5b   Thumb Code     0  startup_stm32f10x_hd.o(.text)
    TIM8_CC_IRQHandler                       0x08004a5b   Thumb Code     0  startup_stm32f10x_hd.o(.text)
    TIM8_TRG_COM_IRQHandler                  0x08004a5b   Thumb Code     0  startup_stm32f10x_hd.o(.text)
    TIM8_UP_IRQHandler                       0x08004a5b   Thumb Code     0  startup_stm32f10x_hd.o(.text)
    UART4_IRQHandler                         0x08004a5b   Thumb Code     0  startup_stm32f10x_hd.o(.text)
    UART5_IRQHandler                         0x08004a5b   Thumb Code     0  startup_stm32f10x_hd.o(.text)
    USART1_IRQHandler                        0x08004a5b   Thumb Code     0  startup_stm32f10x_hd.o(.text)
    USART2_IRQHandler                        0x08004a5b   Thumb Code     0  startup_stm32f10x_hd.o(.text)
    USART3_IRQHandler                        0x08004a5b   Thumb Code     0  startup_stm32f10x_hd.o(.text)
    USBWakeUp_IRQHandler                     0x08004a5b   Thumb Code     0  startup_stm32f10x_hd.o(.text)
    USB_HP_CAN1_TX_IRQHandler                0x08004a5b   Thumb Code     0  startup_stm32f10x_hd.o(.text)
    USB_LP_CAN1_RX0_IRQHandler               0x08004a5b   Thumb Code     0  startup_stm32f10x_hd.o(.text)
    WWDG_IRQHandler                          0x08004a5b   Thumb Code     0  startup_stm32f10x_hd.o(.text)
    __user_initial_stackheap                 0x08004a5d   Thumb Code     0  startup_stm32f10x_hd.o(.text)
    NVIC_PriorityGroupConfig                 0x08004a81   Thumb Code    10  misc.o(.text)
    NVIC_Init                                0x08004a8b   Thumb Code   100  misc.o(.text)
    NVIC_SetVectorTable                      0x08004aef   Thumb Code    14  misc.o(.text)
    NVIC_SystemLPConfig                      0x08004afd   Thumb Code    34  misc.o(.text)
    SysTick_CLKSourceConfig                  0x08004b1f   Thumb Code    40  misc.o(.text)
    GPIO_DeInit                              0x08004b5d   Thumb Code   172  stm32f10x_gpio.o(.text)
    GPIO_AFIODeInit                          0x08004c09   Thumb Code    20  stm32f10x_gpio.o(.text)
    GPIO_Init                                0x08004c1d   Thumb Code   278  stm32f10x_gpio.o(.text)
    GPIO_StructInit                          0x08004d33   Thumb Code    16  stm32f10x_gpio.o(.text)
    GPIO_ReadInputDataBit                    0x08004d43   Thumb Code    18  stm32f10x_gpio.o(.text)
    GPIO_ReadInputData                       0x08004d55   Thumb Code     8  stm32f10x_gpio.o(.text)
    GPIO_ReadOutputDataBit                   0x08004d5d   Thumb Code    18  stm32f10x_gpio.o(.text)
    GPIO_ReadOutputData                      0x08004d6f   Thumb Code     8  stm32f10x_gpio.o(.text)
    GPIO_SetBits                             0x08004d77   Thumb Code     4  stm32f10x_gpio.o(.text)
    GPIO_ResetBits                           0x08004d7b   Thumb Code     4  stm32f10x_gpio.o(.text)
    GPIO_WriteBit                            0x08004d7f   Thumb Code    10  stm32f10x_gpio.o(.text)
    GPIO_Write                               0x08004d89   Thumb Code     4  stm32f10x_gpio.o(.text)
    GPIO_PinLockConfig                       0x08004d8d   Thumb Code    18  stm32f10x_gpio.o(.text)
    GPIO_EventOutputConfig                   0x08004d9f   Thumb Code    26  stm32f10x_gpio.o(.text)
    GPIO_EventOutputCmd                      0x08004db9   Thumb Code     6  stm32f10x_gpio.o(.text)
    GPIO_PinRemapConfig                      0x08004dbf   Thumb Code   138  stm32f10x_gpio.o(.text)
    GPIO_EXTILineConfig                      0x08004e49   Thumb Code    66  stm32f10x_gpio.o(.text)
    GPIO_ETH_MediaInterfaceConfig            0x08004e8b   Thumb Code     8  stm32f10x_gpio.o(.text)
    RCC_DeInit                               0x08004eb9   Thumb Code    64  stm32f10x_rcc.o(.text)
    RCC_HSEConfig                            0x08004ef9   Thumb Code    70  stm32f10x_rcc.o(.text)
    RCC_GetFlagStatus                        0x08004f3f   Thumb Code    56  stm32f10x_rcc.o(.text)
    RCC_WaitForHSEStartUp                    0x08004f77   Thumb Code    56  stm32f10x_rcc.o(.text)
    RCC_AdjustHSICalibrationValue            0x08004faf   Thumb Code    20  stm32f10x_rcc.o(.text)
    RCC_HSICmd                               0x08004fc3   Thumb Code     6  stm32f10x_rcc.o(.text)
    RCC_PLLConfig                            0x08004fc9   Thumb Code    24  stm32f10x_rcc.o(.text)
    RCC_PLLCmd                               0x08004fe1   Thumb Code     6  stm32f10x_rcc.o(.text)
    RCC_SYSCLKConfig                         0x08004fe7   Thumb Code    18  stm32f10x_rcc.o(.text)
    RCC_GetSYSCLKSource                      0x08004ff9   Thumb Code    10  stm32f10x_rcc.o(.text)
    RCC_HCLKConfig                           0x08005003   Thumb Code    18  stm32f10x_rcc.o(.text)
    RCC_PCLK1Config                          0x08005015   Thumb Code    18  stm32f10x_rcc.o(.text)
    RCC_PCLK2Config                          0x08005027   Thumb Code    20  stm32f10x_rcc.o(.text)
    RCC_ITConfig                             0x0800503b   Thumb Code    26  stm32f10x_rcc.o(.text)
    RCC_USBCLKConfig                         0x08005055   Thumb Code     8  stm32f10x_rcc.o(.text)
    RCC_ADCCLKConfig                         0x0800505d   Thumb Code    18  stm32f10x_rcc.o(.text)
    RCC_LSEConfig                            0x0800506f   Thumb Code    50  stm32f10x_rcc.o(.text)
    RCC_LSICmd                               0x080050a1   Thumb Code     6  stm32f10x_rcc.o(.text)
    RCC_RTCCLKConfig                         0x080050a7   Thumb Code    12  stm32f10x_rcc.o(.text)
    RCC_RTCCLKCmd                            0x080050b3   Thumb Code     8  stm32f10x_rcc.o(.text)
    RCC_GetClocksFreq                        0x080050bb   Thumb Code   192  stm32f10x_rcc.o(.text)
    RCC_AHBPeriphClockCmd                    0x0800517b   Thumb Code    26  stm32f10x_rcc.o(.text)
    RCC_APB2PeriphClockCmd                   0x08005195   Thumb Code    26  stm32f10x_rcc.o(.text)
    RCC_APB1PeriphClockCmd                   0x080051af   Thumb Code    26  stm32f10x_rcc.o(.text)
    RCC_APB2PeriphResetCmd                   0x080051c9   Thumb Code    26  stm32f10x_rcc.o(.text)
    RCC_APB1PeriphResetCmd                   0x080051e3   Thumb Code    26  stm32f10x_rcc.o(.text)
    RCC_BackupResetCmd                       0x080051fd   Thumb Code     8  stm32f10x_rcc.o(.text)
    RCC_ClockSecuritySystemCmd               0x08005205   Thumb Code     6  stm32f10x_rcc.o(.text)
    RCC_MCOConfig                            0x0800520b   Thumb Code     6  stm32f10x_rcc.o(.text)
    RCC_ClearFlag                            0x08005211   Thumb Code    14  stm32f10x_rcc.o(.text)
    RCC_GetITStatus                          0x0800521f   Thumb Code    20  stm32f10x_rcc.o(.text)
    RCC_ClearITPendingBit                    0x08005233   Thumb Code     6  stm32f10x_rcc.o(.text)
    delay_init                               0x0800525d   Thumb Code    52  delay.o(.text)
    delay_ms                                 0x08005291   Thumb Code    56  delay.o(.text)
    delay_us                                 0x080052c9   Thumb Code    56  delay.o(.text)
    __2sprintf                               0x08005309   Thumb Code    34  noretval__2sprintf.o(.text)
    _printf_pre_padding                      0x08005331   Thumb Code    44  _printf_pad.o(.text)
    _printf_post_padding                     0x0800535d   Thumb Code    34  _printf_pad.o(.text)
    _printf_int_hex                          0x08005381   Thumb Code    84  _printf_hex_int.o(.text)
    _printf_longlong_hex                     0x08005381   Thumb Code     0  _printf_hex_int.o(.text)
    __printf                                 0x080053d9   Thumb Code   308  __printf_flags_wp.o(.text)
    strlen                                   0x08005511   Thumb Code    62  strlen.o(.text)
    __aeabi_memclr4                          0x0800554f   Thumb Code     0  rt_memclr_w.o(.text)
    __aeabi_memclr8                          0x0800554f   Thumb Code     0  rt_memclr_w.o(.text)
    __rt_memclr_w                            0x0800554f   Thumb Code    78  rt_memclr_w.o(.text)
    _memset_w                                0x08005553   Thumb Code     0  rt_memclr_w.o(.text)
    __use_two_region_memory                  0x0800559d   Thumb Code     2  heapauxi.o(.text)
    __rt_heap_escrow$2region                 0x0800559f   Thumb Code     2  heapauxi.o(.text)
    __rt_heap_expand$2region                 0x080055a1   Thumb Code     2  heapauxi.o(.text)
    __read_errno                             0x080055a3   Thumb Code    10  _rserrno.o(.text)
    __set_errno                              0x080055ad   Thumb Code    12  _rserrno.o(.text)
    _printf_int_common                       0x080055b9   Thumb Code   178  _printf_intcommon.o(.text)
    _printf_char_common                      0x08005677   Thumb Code    32  _printf_char_common.o(.text)
    _sputc                                   0x0800569d   Thumb Code    10  _sputc.o(.text)
    __aeabi_errno_addr                       0x080056a9   Thumb Code     8  rt_errno_addr_intlibspace.o(.text)
    __errno$intlibspace                      0x080056a9   Thumb Code     0  rt_errno_addr_intlibspace.o(.text)
    __rt_errno_addr$intlibspace              0x080056a9   Thumb Code     0  rt_errno_addr_intlibspace.o(.text)
    __user_libspace                          0x080056b1   Thumb Code     8  libspace.o(.text)
    __user_perproc_libspace                  0x080056b1   Thumb Code     0  libspace.o(.text)
    __user_perthread_libspace                0x080056b1   Thumb Code     0  libspace.o(.text)
    __user_setup_stackheap                   0x080056b9   Thumb Code    74  sys_stackheap_outer.o(.text)
    exit                                     0x08005703   Thumb Code    18  exit.o(.text)
    _sys_exit                                0x08005715   Thumb Code     8  sys_exit.o(.text)
    __I$use$semihosting                      0x08005721   Thumb Code     0  use_no_semi.o(.text)
    __use_no_semihosting_swi                 0x08005721   Thumb Code     2  use_no_semi.o(.text)
    __semihosting_library_function           0x08005723   Thumb Code     0  indicate_semi.o(.text)
    _is_digit                                0x08005723   Thumb Code    14  __printf_wp.o(i._is_digit)
    sqrt                                     0x08005731   Thumb Code    76  sqrt.o(i.sqrt)
    __fpl_dcmp_Inf                           0x0800577d   Thumb Code    24  dcmpi.o(x$fpl$dcmpinf)
    __aeabi_d2uiz                            0x08005795   Thumb Code     0  dfixu.o(x$fpl$dfixu)
    _dfixu                                   0x08005795   Thumb Code    90  dfixu.o(x$fpl$dfixu)
    __aeabi_ui2d                             0x080057ef   Thumb Code     0  dflt_clz.o(x$fpl$dfltu)
    _dfltu                                   0x080057ef   Thumb Code    38  dflt_clz.o(x$fpl$dfltu)
    __aeabi_cdcmple                          0x08005815   Thumb Code     0  dleqf.o(x$fpl$dleqf)
    _dcmple                                  0x08005815   Thumb Code   120  dleqf.o(x$fpl$dleqf)
    __fpl_dcmple_InfNaN                      0x08005877   Thumb Code     0  dleqf.o(x$fpl$dleqf)
    __fpl_dnaninf                            0x0800588d   Thumb Code   156  dnaninf.o(x$fpl$dnaninf)
    __fpl_dretinf                            0x08005929   Thumb Code    12  dretinf.o(x$fpl$dretinf)
    __aeabi_cdrcmple                         0x08005935   Thumb Code     0  drleqf.o(x$fpl$drleqf)
    _drcmple                                 0x08005935   Thumb Code   108  drleqf.o(x$fpl$drleqf)
    _dsqrt                                   0x080059a1   Thumb Code   456  dsqrt_noumaal.o(x$fpl$dsqrt)
    __aeabi_f2d                              0x08005b6d   Thumb Code     0  f2d.o(x$fpl$f2d)
    _f2d                                     0x08005b6d   Thumb Code    86  f2d.o(x$fpl$f2d)
    __aeabi_fadd                             0x08005bc5   Thumb Code     0  faddsub_clz.o(x$fpl$fadd)
    _fadd                                    0x08005bc5   Thumb Code   196  faddsub_clz.o(x$fpl$fadd)
    __aeabi_fdiv                             0x08005c89   Thumb Code     0  fdiv.o(x$fpl$fdiv)
    _fdiv                                    0x08005c89   Thumb Code   384  fdiv.o(x$fpl$fdiv)
    __aeabi_f2iz                             0x08005e0d   Thumb Code     0  ffix.o(x$fpl$ffix)
    _ffix                                    0x08005e0d   Thumb Code    54  ffix.o(x$fpl$ffix)
    __aeabi_f2uiz                            0x08005e45   Thumb Code     0  ffixu.o(x$fpl$ffixu)
    _ffixu                                   0x08005e45   Thumb Code    62  ffixu.o(x$fpl$ffixu)
    __aeabi_i2f                              0x08005e85   Thumb Code     0  fflt_clz.o(x$fpl$fflt)
    _fflt                                    0x08005e85   Thumb Code    48  fflt_clz.o(x$fpl$fflt)
    __aeabi_ui2f                             0x08005eb5   Thumb Code     0  fflt_clz.o(x$fpl$ffltu)
    _ffltu                                   0x08005eb5   Thumb Code    38  fflt_clz.o(x$fpl$ffltu)
    __aeabi_fmul                             0x08005edd   Thumb Code     0  fmul.o(x$fpl$fmul)
    _fmul                                    0x08005edd   Thumb Code   258  fmul.o(x$fpl$fmul)
    __fpl_fnaninf                            0x08005fdf   Thumb Code   140  fnaninf.o(x$fpl$fnaninf)
    __fpl_fretinf                            0x0800606b   Thumb Code    10  fretinf.o(x$fpl$fretinf)
    __aeabi_fsub                             0x08006075   Thumb Code     0  faddsub_clz.o(x$fpl$fsub)
    _fsub                                    0x08006075   Thumb Code   234  faddsub_clz.o(x$fpl$fsub)
    __I$use$fp                               0x0800615e   Number         0  usenofp.o(x$fpl$usenofp)
    asc2_1206                                0x0800615e   Data        1140  gui.o(.constdata)
    asc2_1608                                0x080065d2   Data        1520  gui.o(.constdata)
    tfont16                                  0x08006bc2   Data        1802  gui.o(.constdata)
    tfont24                                  0x080072cc   Data         296  gui.o(.constdata)
    tfont32                                  0x080073f4   Data         520  gui.o(.constdata)
    gImage_qq                                0x080075fc   Data        3200  test.o(.constdata)
    Region$$Table$$Base                      0x0800837c   Number         0  anon$$obj.o(Region$$Table)
    Region$$Table$$Limit                     0x0800839c   Number         0  anon$$obj.o(Region$$Table)
    SystemCoreClock                          0x20000000   Data           4  system_stm32f10x.o(.data)
    AHBPrescTable                            0x20000004   Data          16  system_stm32f10x.o(.data)
    ColorTab                                 0x20000014   Data          10  test.o(.data)
    ColornTab                                0x2000001e   Data          16  test.o(.data)
    POINT_COLOR                              0x2000002e   Data           2  lcd.o(.data)
    BACK_COLOR                               0x20000030   Data           2  lcd.o(.data)
    DeviceCode                               0x20000032   Data           2  lcd.o(.data)
    tp_dev                                   0x20000034   Data          40  touch.o(.data)
    CMD_RDX                                  0x2000005c   Data           1  touch.o(.data)
    CMD_RDY                                  0x2000005d   Data           1  touch.o(.data)
    TP_REMIND_MSG_TBL                        0x20000060   Data           4  touch.o(.data)
    lcddev                                   0x2000007c   Data          16  lcd.o(.bss)
    __libspace_start                         0x2000008c   Data          96  libspace.o(.bss)
    __temporary_stack_top$libspace           0x200000ec   Data           0  libspace.o(.bss)



==============================================================================

Memory Map of the image

  Image Entry point : 0x08000131

  Load Region LR_IROM1 (Base: 0x08000000, Size: 0x00008418, Max: 0x00040000, ABSOLUTE)

    Execution Region ER_IROM1 (Exec base: 0x08000000, Load base: 0x08000000, Size: 0x0000839c, Max: 0x00040000, ABSOLUTE)

    Exec Addr    Load Addr    Size         Type   Attr      Idx    E Section Name        Object

    0x08000000   0x08000000   0x00000130   Data   RO          415    RESET               startup_stm32f10x_hd.o
    0x08000130   0x08000130   0x00000008   Code   RO          543  * !!!main             c_w.l(__main.o)
    0x08000138   0x08000138   0x00000034   Code   RO          779    !!!scatter          c_w.l(__scatter.o)
    0x0800016c   0x0800016c   0x0000001a   Code   RO          781    !!handler_copy      c_w.l(__scatter_copy.o)
    0x08000186   0x08000186   0x00000002   PAD
    0x08000188   0x08000188   0x0000001c   Code   RO          783    !!handler_zi        c_w.l(__scatter_zi.o)
    0x080001a4   0x080001a4   0x00000000   Code   RO          536    .ARM.Collect$$_printf_percent$$00000000  c_w.l(_printf_percent.o)
    0x080001a4   0x080001a4   0x00000006   Code   RO          535    .ARM.Collect$$_printf_percent$$0000000C  c_w.l(_printf_x.o)
    0x080001aa   0x080001aa   0x00000004   Code   RO          604    .ARM.Collect$$_printf_percent$$00000017  c_w.l(_printf_percent_end.o)
    0x080001ae   0x080001ae   0x00000002   Code   RO          652    .ARM.Collect$$libinit$$00000000  c_w.l(libinit.o)
    0x080001b0   0x080001b0   0x00000000   Code   RO          656    .ARM.Collect$$libinit$$00000002  c_w.l(libinit2.o)
    0x080001b0   0x080001b0   0x00000000   Code   RO          658    .ARM.Collect$$libinit$$00000004  c_w.l(libinit2.o)
    0x080001b0   0x080001b0   0x00000000   Code   RO          661    .ARM.Collect$$libinit$$0000000A  c_w.l(libinit2.o)
    0x080001b0   0x080001b0   0x00000000   Code   RO          663    .ARM.Collect$$libinit$$0000000C  c_w.l(libinit2.o)
    0x080001b0   0x080001b0   0x00000000   Code   RO          665    .ARM.Collect$$libinit$$0000000E  c_w.l(libinit2.o)
    0x080001b0   0x080001b0   0x00000000   Code   RO          668    .ARM.Collect$$libinit$$00000011  c_w.l(libinit2.o)
    0x080001b0   0x080001b0   0x00000000   Code   RO          670    .ARM.Collect$$libinit$$00000013  c_w.l(libinit2.o)
    0x080001b0   0x080001b0   0x00000000   Code   RO          672    .ARM.Collect$$libinit$$00000015  c_w.l(libinit2.o)
    0x080001b0   0x080001b0   0x00000000   Code   RO          674    .ARM.Collect$$libinit$$00000017  c_w.l(libinit2.o)
    0x080001b0   0x080001b0   0x00000000   Code   RO          676    .ARM.Collect$$libinit$$00000019  c_w.l(libinit2.o)
    0x080001b0   0x080001b0   0x00000000   Code   RO          678    .ARM.Collect$$libinit$$0000001B  c_w.l(libinit2.o)
    0x080001b0   0x080001b0   0x00000000   Code   RO          680    .ARM.Collect$$libinit$$0000001D  c_w.l(libinit2.o)
    0x080001b0   0x080001b0   0x00000000   Code   RO          682    .ARM.Collect$$libinit$$0000001F  c_w.l(libinit2.o)
    0x080001b0   0x080001b0   0x00000000   Code   RO          684    .ARM.Collect$$libinit$$00000021  c_w.l(libinit2.o)
    0x080001b0   0x080001b0   0x00000000   Code   RO          686    .ARM.Collect$$libinit$$00000023  c_w.l(libinit2.o)
    0x080001b0   0x080001b0   0x00000000   Code   RO          688    .ARM.Collect$$libinit$$00000025  c_w.l(libinit2.o)
    0x080001b0   0x080001b0   0x00000000   Code   RO          692    .ARM.Collect$$libinit$$0000002C  c_w.l(libinit2.o)
    0x080001b0   0x080001b0   0x00000000   Code   RO          694    .ARM.Collect$$libinit$$0000002E  c_w.l(libinit2.o)
    0x080001b0   0x080001b0   0x00000000   Code   RO          696    .ARM.Collect$$libinit$$00000030  c_w.l(libinit2.o)
    0x080001b0   0x080001b0   0x00000000   Code   RO          698    .ARM.Collect$$libinit$$00000032  c_w.l(libinit2.o)
    0x080001b0   0x080001b0   0x00000002   Code   RO          699    .ARM.Collect$$libinit$$00000033  c_w.l(libinit2.o)
    0x080001b2   0x080001b2   0x00000002   Code   RO          719    .ARM.Collect$$libshutdown$$00000000  c_w.l(libshutdown.o)
    0x080001b4   0x080001b4   0x00000000   Code   RO          732    .ARM.Collect$$libshutdown$$00000002  c_w.l(libshutdown2.o)
    0x080001b4   0x080001b4   0x00000000   Code   RO          734    .ARM.Collect$$libshutdown$$00000004  c_w.l(libshutdown2.o)
    0x080001b4   0x080001b4   0x00000000   Code   RO          737    .ARM.Collect$$libshutdown$$00000007  c_w.l(libshutdown2.o)
    0x080001b4   0x080001b4   0x00000000   Code   RO          740    .ARM.Collect$$libshutdown$$0000000A  c_w.l(libshutdown2.o)
    0x080001b4   0x080001b4   0x00000000   Code   RO          742    .ARM.Collect$$libshutdown$$0000000C  c_w.l(libshutdown2.o)
    0x080001b4   0x080001b4   0x00000000   Code   RO          745    .ARM.Collect$$libshutdown$$0000000F  c_w.l(libshutdown2.o)
    0x080001b4   0x080001b4   0x00000002   Code   RO          746    .ARM.Collect$$libshutdown$$00000010  c_w.l(libshutdown2.o)
    0x080001b6   0x080001b6   0x00000000   Code   RO          595    .ARM.Collect$$rtentry$$00000000  c_w.l(__rtentry.o)
    0x080001b6   0x080001b6   0x00000000   Code   RO          619    .ARM.Collect$$rtentry$$00000002  c_w.l(__rtentry2.o)
    0x080001b6   0x080001b6   0x00000006   Code   RO          631    .ARM.Collect$$rtentry$$00000004  c_w.l(__rtentry4.o)
    0x080001bc   0x080001bc   0x00000000   Code   RO          621    .ARM.Collect$$rtentry$$00000009  c_w.l(__rtentry2.o)
    0x080001bc   0x080001bc   0x00000004   Code   RO          622    .ARM.Collect$$rtentry$$0000000A  c_w.l(__rtentry2.o)
    0x080001c0   0x080001c0   0x00000000   Code   RO          624    .ARM.Collect$$rtentry$$0000000C  c_w.l(__rtentry2.o)
    0x080001c0   0x080001c0   0x00000008   Code   RO          625    .ARM.Collect$$rtentry$$0000000D  c_w.l(__rtentry2.o)
    0x080001c8   0x080001c8   0x00000002   Code   RO          653    .ARM.Collect$$rtexit$$00000000  c_w.l(rtexit.o)
    0x080001ca   0x080001ca   0x00000000   Code   RO          701    .ARM.Collect$$rtexit$$00000002  c_w.l(rtexit2.o)
    0x080001ca   0x080001ca   0x00000004   Code   RO          702    .ARM.Collect$$rtexit$$00000003  c_w.l(rtexit2.o)
    0x080001ce   0x080001ce   0x00000006   Code   RO          703    .ARM.Collect$$rtexit$$00000004  c_w.l(rtexit2.o)
    0x080001d4   0x080001d4   0x000010e4   Code   RO            1    .text               gui.o
    0x080012b8   0x080012b8   0x00000052   Code   RO          123    .text               main.o
    0x0800130a   0x0800130a   0x0000001a   Code   RO          142    .text               stm32f10x_it.o
    0x08001324   0x08001324   0x000001e0   Code   RO          237    .text               system_stm32f10x.o
    0x08001504   0x08001504   0x00001b9c   Code   RO          255    .text               test.o
    0x080030a0   0x080030a0   0x000000bc   Code   RO          288    .text               key.o
    0x0800315c   0x0800315c   0x00000506   Code   RO          309    .text               lcd.o
    0x08003662   0x08003662   0x0000017a   Code   RO          328    .text               24cxx.o
    0x080037dc   0x080037dc   0x00000fa8   Code   RO          346    .text               touch.o
    0x08004784   0x08004784   0x00000258   Code   RO          375    .text               myiic.o
    0x080049dc   0x080049dc   0x00000064   Code   RO          387    .text               led.o
    0x08004a40   0x08004a40   0x00000040   Code   RO          416    .text               startup_stm32f10x_hd.o
    0x08004a80   0x08004a80   0x000000dc   Code   RO          420    .text               misc.o
    0x08004b5c   0x08004b5c   0x0000035c   Code   RO          432    .text               stm32f10x_gpio.o
    0x08004eb8   0x08004eb8   0x000003a4   Code   RO          444    .text               stm32f10x_rcc.o
    0x0800525c   0x0800525c   0x000000ac   Code   RO          470    .text               delay.o
    0x08005308   0x08005308   0x00000028   Code   RO          488    .text               c_w.l(noretval__2sprintf.o)
    0x08005330   0x08005330   0x0000004e   Code   RO          492    .text               c_w.l(_printf_pad.o)
    0x0800537e   0x0800537e   0x00000002   PAD
    0x08005380   0x08005380   0x00000058   Code   RO          497    .text               c_w.l(_printf_hex_int.o)
    0x080053d8   0x080053d8   0x00000138   Code   RO          527    .text               c_w.l(__printf_flags_wp.o)
    0x08005510   0x08005510   0x0000003e   Code   RO          537    .text               c_w.l(strlen.o)
    0x0800554e   0x0800554e   0x0000004e   Code   RO          539    .text               c_w.l(rt_memclr_w.o)
    0x0800559c   0x0800559c   0x00000006   Code   RO          541    .text               c_w.l(heapauxi.o)
    0x080055a2   0x080055a2   0x00000016   Code   RO          596    .text               c_w.l(_rserrno.o)
    0x080055b8   0x080055b8   0x000000b2   Code   RO          598    .text               c_w.l(_printf_intcommon.o)
    0x0800566a   0x0800566a   0x00000002   PAD
    0x0800566c   0x0800566c   0x00000030   Code   RO          600    .text               c_w.l(_printf_char_common.o)
    0x0800569c   0x0800569c   0x0000000a   Code   RO          602    .text               c_w.l(_sputc.o)
    0x080056a6   0x080056a6   0x00000002   PAD
    0x080056a8   0x080056a8   0x00000008   Code   RO          636    .text               c_w.l(rt_errno_addr_intlibspace.o)
    0x080056b0   0x080056b0   0x00000008   Code   RO          640    .text               c_w.l(libspace.o)
    0x080056b8   0x080056b8   0x0000004a   Code   RO          643    .text               c_w.l(sys_stackheap_outer.o)
    0x08005702   0x08005702   0x00000012   Code   RO          645    .text               c_w.l(exit.o)
    0x08005714   0x08005714   0x0000000c   Code   RO          711    .text               c_w.l(sys_exit.o)
    0x08005720   0x08005720   0x00000002   Code   RO          722    .text               c_w.l(use_no_semi.o)
    0x08005722   0x08005722   0x00000000   Code   RO          724    .text               c_w.l(indicate_semi.o)
    0x08005722   0x08005722   0x0000000e   Code   RO          525    i._is_digit         c_w.l(__printf_wp.o)
    0x08005730   0x08005730   0x0000004c   Code   RO          588    i.sqrt              m_ws.l(sqrt.o)
    0x0800577c   0x0800577c   0x00000018   Code   RO          605    x$fpl$dcmpinf       fz_ws.l(dcmpi.o)
    0x08005794   0x08005794   0x0000005a   Code   RO          545    x$fpl$dfixu         fz_ws.l(dfixu.o)
    0x080057ee   0x080057ee   0x00000026   Code   RO          549    x$fpl$dfltu         fz_ws.l(dflt_clz.o)
    0x08005814   0x08005814   0x00000078   Code   RO          555    x$fpl$dleqf         fz_ws.l(dleqf.o)
    0x0800588c   0x0800588c   0x0000009c   Code   RO          607    x$fpl$dnaninf       fz_ws.l(dnaninf.o)
    0x08005928   0x08005928   0x0000000c   Code   RO          609    x$fpl$dretinf       fz_ws.l(dretinf.o)
    0x08005934   0x08005934   0x0000006c   Code   RO          557    x$fpl$drleqf        fz_ws.l(drleqf.o)
    0x080059a0   0x080059a0   0x000001cc   Code   RO          611    x$fpl$dsqrt         fz_ws.l(dsqrt_noumaal.o)
    0x08005b6c   0x08005b6c   0x00000056   Code   RO          559    x$fpl$f2d           fz_ws.l(f2d.o)
    0x08005bc2   0x08005bc2   0x00000002   PAD
    0x08005bc4   0x08005bc4   0x000000c4   Code   RO          561    x$fpl$fadd          fz_ws.l(faddsub_clz.o)
    0x08005c88   0x08005c88   0x00000184   Code   RO          568    x$fpl$fdiv          fz_ws.l(fdiv.o)
    0x08005e0c   0x08005e0c   0x00000036   Code   RO          571    x$fpl$ffix          fz_ws.l(ffix.o)
    0x08005e42   0x08005e42   0x00000002   PAD
    0x08005e44   0x08005e44   0x0000003e   Code   RO          575    x$fpl$ffixu         fz_ws.l(ffixu.o)
    0x08005e82   0x08005e82   0x00000002   PAD
    0x08005e84   0x08005e84   0x00000030   Code   RO          580    x$fpl$fflt          fz_ws.l(fflt_clz.o)
    0x08005eb4   0x08005eb4   0x00000026   Code   RO          579    x$fpl$ffltu         fz_ws.l(fflt_clz.o)
    0x08005eda   0x08005eda   0x00000002   PAD
    0x08005edc   0x08005edc   0x00000102   Code   RO          585    x$fpl$fmul          fz_ws.l(fmul.o)
    0x08005fde   0x08005fde   0x0000008c   Code   RO          613    x$fpl$fnaninf       fz_ws.l(fnaninf.o)
    0x0800606a   0x0800606a   0x0000000a   Code   RO          615    x$fpl$fretinf       fz_ws.l(fretinf.o)
    0x08006074   0x08006074   0x000000ea   Code   RO          563    x$fpl$fsub          fz_ws.l(faddsub_clz.o)
    0x0800615e   0x0800615e   0x00000000   Code   RO          617    x$fpl$usenofp       fz_ws.l(usenofp.o)
    0x0800615e   0x0800615e   0x0000149e   Data   RO            2    .constdata          gui.o
    0x080075fc   0x080075fc   0x00000c90   Data   RO          256    .constdata          test.o
    0x0800828c   0x0800828c   0x00000028   Data   RO          498    .constdata          c_w.l(_printf_hex_int.o)
    0x080082b4   0x080082b4   0x00000011   Data   RO          528    .constdata          c_w.l(__printf_flags_wp.o)
    0x080082c5   0x080082c5   0x00000003   PAD
    0x080082c8   0x080082c8   0x00000037   Data   RO          257    .conststring        test.o
    0x080082ff   0x080082ff   0x00000001   PAD
    0x08008300   0x08008300   0x00000079   Data   RO          347    .conststring        touch.o
    0x08008379   0x08008379   0x00000003   PAD
    0x0800837c   0x0800837c   0x00000020   Data   RO          777    Region$$Table       anon$$obj.o


    Execution Region RW_IRAM1 (Exec base: 0x20000000, Load base: 0x0800839c, Size: 0x000006f0, Max: 0x0000c000, ABSOLUTE)

    Exec Addr    Load Addr    Size         Type   Attr      Idx    E Section Name        Object

    0x20000000   0x0800839c   0x00000014   Data   RW          238    .data               system_stm32f10x.o
    0x20000014   0x080083b0   0x0000001a   Data   RW          258    .data               test.o
    0x2000002e   0x080083ca   0x00000006   Data   RW          311    .data               lcd.o
    0x20000034   0x080083d0   0x00000030   Data   RW          348    .data               touch.o
    0x20000064   0x08008400   0x00000014   Data   RW          445    .data               stm32f10x_rcc.o
    0x20000078   0x08008414   0x00000004   Data   RW          471    .data               delay.o
    0x2000007c        -       0x00000010   Zero   RW          310    .bss                lcd.o
    0x2000008c        -       0x00000060   Zero   RW          641    .bss                c_w.l(libspace.o)
    0x200000ec   0x08008418   0x00000004   PAD
    0x200000f0        -       0x00000200   Zero   RW          414    HEAP                startup_stm32f10x_hd.o
    0x200002f0        -       0x00000400   Zero   RW          413    STACK               startup_stm32f10x_hd.o


==============================================================================

Image component sizes


      Code (inc. data)   RO Data    RW Data    ZI Data      Debug   Object Name

       378          0          0          0          0       2954   24cxx.o
         0          0          0          0          0         32   core_cm3.o
       172          8          0          4          0       1223   delay.o
      4324         62       5278          0          0     229876   gui.o
       188         14          0          0          0        796   key.o
      1286         20          0          6         16       7494   lcd.o
       100          8          0          0          0        579   led.o
        82          0          0          0          0        567   main.o
       220         22          0          0          0       1945   misc.o
       600         12          0          0          0       1964   myiic.o
        64         26        304          0       1536        868   startup_stm32f10x_hd.o
       860         38          0          0          0       5877   stm32f10x_gpio.o
        26          0          0          0          0     223434   stm32f10x_it.o
       932         36          0         20          0       9124   stm32f10x_rcc.o
       480         38          0         20          0       2003   system_stm32f10x.o
      7068       1146       3271         26          0       6341   test.o
      4008        318        121         48          0       6993   touch.o

    ----------------------------------------------------------------------
     20788       1748       9010        124       1552     502070   Object Totals
         0          0         32          0          0          0   (incl. Generated)
         0          0          4          0          0          0   (incl. Padding)

    ----------------------------------------------------------------------

      Code (inc. data)   RO Data    RW Data    ZI Data      Debug   Library Member Name

         8          0          0          0          0         68   __main.o
       312          4         17          0          0         92   __printf_flags_wp.o
        14          0          0          0          0         68   __printf_wp.o
         0          0          0          0          0          0   __rtentry.o
        12          0          0          0          0          0   __rtentry2.o
         6          0          0          0          0          0   __rtentry4.o
        52          8          0          0          0          0   __scatter.o
        26          0          0          0          0          0   __scatter_copy.o
        28          0          0          0          0          0   __scatter_zi.o
        48          6          0          0          0         96   _printf_char_common.o
        88          4         40          0          0         88   _printf_hex_int.o
       178          0          0          0          0         88   _printf_intcommon.o
        78          0          0          0          0        108   _printf_pad.o
         0          0          0          0          0          0   _printf_percent.o
         4          0          0          0          0          0   _printf_percent_end.o
         6          0          0          0          0          0   _printf_x.o
        22          0          0          0          0        100   _rserrno.o
        10          0          0          0          0         68   _sputc.o
        18          0          0          0          0         80   exit.o
         6          0          0          0          0        152   heapauxi.o
         0          0          0          0          0          0   indicate_semi.o
         2          0          0          0          0          0   libinit.o
         2          0          0          0          0          0   libinit2.o
         2          0          0          0          0          0   libshutdown.o
         2          0          0          0          0          0   libshutdown2.o
         8          4          0          0         96         68   libspace.o
        40          6          0          0          0         84   noretval__2sprintf.o
         8          4          0          0          0         68   rt_errno_addr_intlibspace.o
        78          0          0          0          0         80   rt_memclr_w.o
         2          0          0          0          0          0   rtexit.o
        10          0          0          0          0          0   rtexit2.o
        62          0          0          0          0         76   strlen.o
        12          4          0          0          0         68   sys_exit.o
        74          0          0          0          0         80   sys_stackheap_outer.o
         2          0          0          0          0         68   use_no_semi.o
        24          0          0          0          0         68   dcmpi.o
        90          4          0          0          0         92   dfixu.o
        38          0          0          0          0         68   dflt_clz.o
       120          4          0          0          0         92   dleqf.o
       156          4          0          0          0         92   dnaninf.o
        12          0          0          0          0         68   dretinf.o
       108          0          0          0          0         80   drleqf.o
       460         56          0          0          0        120   dsqrt_noumaal.o
        86          4          0          0          0         84   f2d.o
       430          8          0          0          0        168   faddsub_clz.o
       388         76          0          0          0         96   fdiv.o
        54          4          0          0          0         84   ffix.o
        62          4          0          0          0         84   ffixu.o
        86          0          0          0          0        136   fflt_clz.o
       258          4          0          0          0         84   fmul.o
       140          4          0          0          0         84   fnaninf.o
        10          0          0          0          0         68   fretinf.o
         0          0          0          0          0          0   usenofp.o
        76          0          0          0          0         84   sqrt.o

    ----------------------------------------------------------------------
      3834        212         60          0        100       3252   Library Totals
        16          0          3          0          4          0   (incl. Padding)

    ----------------------------------------------------------------------

      Code (inc. data)   RO Data    RW Data    ZI Data      Debug   Library Name

      1220         40         57          0         96       1600   c_w.l
      2522        172          0          0          0       1568   fz_ws.l
        76          0          0          0          0         84   m_ws.l

    ----------------------------------------------------------------------
      3834        212         60          0        100       3252   Library Totals

    ----------------------------------------------------------------------

==============================================================================


      Code (inc. data)   RO Data    RW Data    ZI Data      Debug   

     24622       1960       9070        124       1652     502614   Grand Totals
     24622       1960       9070        124       1652     502614   ELF Image Totals
     24622       1960       9070        124          0          0   ROM Totals

==============================================================================

    Total RO  Size (Code + RO Data)                33692 (  32.90kB)
    Total RW  Size (RW Data + ZI Data)              1776 (   1.73kB)
    Total ROM Size (Code + RO Data + RW Data)      33816 (  33.02kB)

==============================================================================

