C51 COMPILER V9.00   MAIN                                                                  04/10/2022 16:57:37 PAGE 1   


C51 COMPILER V9.00, COMPILATION OF MODULE MAIN
OBJECT MODULE PLACED IN .\obj\main.obj
COMPILER INVOKED BY: C:\Keil_v5\C51\BIN\C51.EXE USER\main.c LARGE OPTIMIZE(8,SPEED) BROWSE INCDIR(.\font;.\LCD;.\sys;.\t
                    -ouch;.\GUI;.\USER) DEBUG OBJECTEXTEND PRINT(.\main.lst) TABS(2) OBJECT(.\obj\main.obj)

line level    source

   1          //////////////////////////////////////////////////////////////////////////////////   
   2          //本程序只供学习使用，未经作者许可，不得用于其它任何用途
   3          //测试硬件：单片机STC12C5A60S2,晶振30M  单片机工作电压3.3V
   4          //液晶驱动 for C51
   5          //淘宝网站：http://jczn.taobao.com
   6          //********************************************************************************
   7          //=========================================电源接线================================================//
   8          //5V接DC 5V电源
   9          //GND接地
  10          //=======================================液晶屏数据线接线==========================================//
  11          //本模块默认数据总线类型为SPI
  12          //液晶屏模块            单片机
  13          // SDI(MOSI)     接       P15        //SPI写信号
  14          // SDO(MISO)     接       P16        //SPI读信号，如果不需要读功能，此管脚可不接
  15          //=======================================液晶屏控制线接线==========================================//
  16          //液晶屏模块            单片机
  17          //  CS           接       P13       //片选控制信号
  18          //  RESET        接       P33       //复位信号
  19          //  DC           接       P12       //数据/命令选择控制信号
  20          //  SCK          接       P17       //SPI时钟信号
  21          //  LED          接       P32       //背光控制信号，如果使用STC89C52RC单片机或者不需要控制，接3.3V
  22          //=========================================触摸屏接线=========================================//
  23          //STC89C52RC单片机ROM太小，无法运行带触摸功能的程序，所以触摸屏不需要接线
  24          //不使用触摸或者模块本身不带触摸，则可不连接
  25          //触摸屏使用的数据总线类型为SPI
  26          //触摸屏模块            单片机
  27          //  T_CLK        接       P36       //触摸屏SPI时钟信号
  28          //  T_CS         接       P37       //触摸屏片选控制信号
  29          //  T_DIN        接       P34       //触摸屏SPI写信号
  30          //  T_DO         接       P35       //触摸屏SPI读信号
  31          //  T_IRQ        接       P40       //触摸屏响应检查信号，如单片机无P4组，请自行更改其他可用IO并修改代码定
             -义
  32          //**************************************************************************************************/ 
  33          #include "sys.h"
  34          #include "lcd.h"
  35          #include "gui.h"
  36          #include "test.h"
  37          #include "touch.h"
  38          
  39          //STC单片机IO推挽输出设置定义
  40          //其他普通C51单片机无此配置请屏蔽下面这条语句
  41          sfr P3M1  = 0xB1; //P3M1.n,P3M0.n   =00--->Standard,  01--->push-pull
  42          sfr P3M0  = 0xB2; //          =10--->pure input,  11--->open drain
  43          
  44          //主函数
  45          void main(void)
  46          { 
  47   1      
  48   1        //设置STC_12LE5A60S2单片机的P3.2为推挽输出，用于控制背光亮灭
  49   1        //其他普通C51单片机无此配置请屏蔽下面这条语句
  50   1        P3M1 &= ~(1<<2),P3M0 |=  (1<<2); 
  51   1      
  52   1        //液晶屏初始化
  53   1        LCD_Init();
C51 COMPILER V9.00   MAIN                                                                  04/10/2022 16:57:37 PAGE 2   

  54   1      
  55   1        //循环进行各项测试  
  56   1        while(1)
  57   1        { 
  58   2          main_test();    //测试主界面
  59   2          Test_Color();     //简单刷屏填充测试
  60   2          Test_FillRec();   //GUI矩形绘图测试
  61   2          Test_Circle();    //GUI画圆测试
  62   2          Test_Triangle();   //GUI三角形填充测试
  63   2          English_Font_test();//英文字体示例测试
  64   2          Chinese_Font_test();//中文字体示例测试
  65   2          Pic_test();     //图片显示示例测试
  66   2          Rotate_Test();
  67   2        //不使用触摸或者模块本身不带触摸，请屏蔽下面触摸屏测试
  68   2          Touch_Test();   //触摸屏手写测试
  69   2        //需要触摸校准时，请将触摸手写测试屏蔽，将下面触摸校准测试项打开
  70   2      //    Touch_Adjust();  //触摸校准
  71   2        }   
  72   1      }


MODULE INFORMATION:   STATIC OVERLAYABLE
   CODE SIZE        =     41    ----
   CONSTANT SIZE    =   ----    ----
   XDATA SIZE       =   ----    ----
   PDATA SIZE       =   ----    ----
   DATA SIZE        =   ----    ----
   IDATA SIZE       =   ----    ----
   BIT SIZE         =   ----    ----
END OF MODULE INFORMATION.


C51 COMPILATION COMPLETE.  0 WARNING(S),  0 ERROR(S)
