<html>
<body>
<pre>
<h1>µVision Build Log</h1>
<h2>Tool Versions:</h2>
IDE-Version: ¦ÌVision V5.27.1.0
Copyright (C) 2019 ARM Ltd and ARM Germany GmbH. All rights reserved.
License Information: ABC zhang'pei, ABC, LIC=21EI6-DZ0XN-IG87N-YQSHC-7QG6Y-SE0VA
 
Tool Versions:
Toolchain:       MDK-ARM Plus  Version: 5.27.1.0
Toolchain Path:  C:\Keil_v5\ARM\ARMCC\Bin
C Compiler:      Armcc.exe V5.06 update 6 (build 750)
Assembler:       Armasm.exe V5.06 update 6 (build 750)
Linker/Locator:  ArmLink.exe V5.06 update 6 (build 750)
Library Manager: ArmAr.exe V5.06 update 6 (build 750)
Hex Converter:   FromElf.exe V5.06 update 6 (build 750)
CPU DLL:         SARMCM3.DLL V5.27.1.0
Dialog DLL:      DCM.DLL V1.17.2.0
Target DLL:      UL2CM3.DLL V1.162.15.0
Dialog DLL:      TCM.DLL V1.36.1.0
 
<h2>Project:</h2>
C:\Users\zhang'pei\Desktop\3.5inch_SPI_Module_ILI9488_MSP3520_V1.1\1-Demo\Demo_STM32\Demo_STM32F103RCT6_Software_SPI\PROJECT\TOUCH.uvprojx
Project File Date:  04/07/2022

<h2>Output:</h2>
*** Using Compiler 'V5.06 update 6 (build 750)', folder: 'C:\Keil_v5\ARM\ARMCC\Bin'
Rebuild target 'QD-TFT'
compiling GUI.c...
compiling main.c...
compiling stm32f10x_it.c...
compiling system_stm32f10x.c...
compiling test.c...
compiling key.c...
compiling lcd.c...
assembling startup_stm32f10x_hd.s...
compiling 24cxx.c...
compiling myiic.c...
compiling led.c...
compiling SPI.c...
compiling core_cm3.c...
compiling touch.c...
compiling misc.c...
compiling stm32f10x_gpio.c...
compiling delay.c...
compiling stm32f10x_spi.c...
compiling stm32f10x_rcc.c...
linking...
Program Size: Code=18542 RO-data=9538 RW-data=108 ZI-data=1652  
FromELF: creating hex file...
"..\OBJ\TOUCH.axf" - 0 Error(s), 0 Warning(s).
Build Time Elapsed:  00:00:11
</pre>
</body>
</html>
