Component: ARM Compiler 5.06 update 6 (build 750) Tool: armlink [4d35ed]

==============================================================================

Section Cross References

    main.o(.text) refers to lcd.o(.text) for LCD_ShowString
    main.o(.text) refers to sys.o(.text) for inttohex
    main.o(.text) refers to flash.o(.text) for SPI_Flash_Read
    main.o(.text) refers to lcd.o(.data) for POINT_COLOR
    main.o(.text) refers to main.o(.bss) for buput
    main.o(.text) refers to main.o(.data) for buputlen
    main.o(.text) refers to lcd.o(.bss) for lcddev
    main.o(.text) refers to touch.o(.text) for TP_Adjust
    main.o(.text) refers to delay.o(.text) for delay_ms
    main.o(.text) refers to usart.o(.text) for uart_init
    main.o(.text) refers to led.o(.text) for LED_Init
    main.o(.text) refers to key.o(.text) for KEY_Init
    main.o(.text) refers to spi.o(.text) for SPI1_Init
    main.o(.text) refers to usart.o(.data) for USART_RX_STA
    main.o(.text) refers to usart.o(.bss) for USART_RX_BUF
    main.o(.text) refers to touch.o(.data) for tp_dev
    system_stm32f10x.o(.text) refers to system_stm32f10x.o(.data) for SystemCoreClock
    led.o(.text) refers to stm32f10x_rcc.o(.text) for RCC_APB2PeriphClockCmd
    led.o(.text) refers to stm32f10x_gpio.o(.text) for GPIO_Init
    key.o(.text) refers to stm32f10x_rcc.o(.text) for RCC_APB2PeriphClockCmd
    key.o(.text) refers to stm32f10x_gpio.o(.text) for GPIO_Init
    key.o(.text) refers to delay.o(.text) for delay_ms
    key.o(.text) refers to key.o(.data) for key_up
    lcd.o(.text) refers to stm32f10x_gpio.o(.text) for GPIO_ResetBits
    lcd.o(.text) refers to spi.o(.text) for SPI_WriteByte
    lcd.o(.text) refers to delay.o(.text) for delay_us
    lcd.o(.text) refers to lcd.o(.bss) for lcddev
    lcd.o(.text) refers to lcd.o(.data) for POINT_COLOR
    lcd.o(.text) refers to lcd.o(.constdata) for asc2_1206
    lcd.o(.text) refers to stm32f10x_rcc.o(.text) for RCC_AHBPeriphClockCmd
    myiic.o(.text) refers to stm32f10x_rcc.o(.text) for RCC_APB2PeriphClockCmd
    myiic.o(.text) refers to stm32f10x_gpio.o(.text) for GPIO_Init
    myiic.o(.text) refers to delay.o(.text) for delay_us
    24cxx.o(.text) refers to myiic.o(.text) for IIC_Init
    24cxx.o(.text) refers to delay.o(.text) for delay_ms
    spi.o(.text) refers to stm32f10x_rcc.o(.text) for RCC_APB2PeriphClockCmd
    spi.o(.text) refers to stm32f10x_gpio.o(.text) for GPIO_Init
    spi.o(.text) refers to stm32f10x_spi.o(.text) for SPI_Init
    flash.o(.text) refers to spi.o(.text) for SPI2_ReadWriteByte
    flash.o(.text) refers to stm32f10x_rcc.o(.text) for RCC_APB2PeriphClockCmd
    flash.o(.text) refers to stm32f10x_gpio.o(.text) for GPIO_Init
    flash.o(.text) refers to delay.o(.text) for delay_us
    flash.o(.text) refers to flash.o(.data) for SPI_FLASH_TYPE
    flash.o(.text) refers to flash.o(.bss) for SPI_FLASH_BUF
    touch.o(.text) refers to delay.o(.text) for delay_us
    touch.o(.text) refers to lcd.o(.text) for LCD_DrawLine
    touch.o(.text) refers to fflt_clz.o(x$fpl$fflt) for __aeabi_i2f
    touch.o(.text) refers to fflt_clz.o(x$fpl$ffltu) for __aeabi_ui2f
    touch.o(.text) refers to fmul.o(x$fpl$fmul) for __aeabi_fmul
    touch.o(.text) refers to faddsub_clz.o(x$fpl$fadd) for __aeabi_fadd
    touch.o(.text) refers to ffixu.o(x$fpl$ffixu) for __aeabi_f2uiz
    touch.o(.text) refers to ffix.o(x$fpl$ffix) for __aeabi_f2iz
    touch.o(.text) refers to flash.o(.text) for SPI_Flash_Write
    touch.o(.text) refers to touch.o(.data) for CMD_RDX
    touch.o(.text) refers to lcd.o(.data) for POINT_COLOR
    touch.o(.text) refers to fdiv.o(x$fpl$fdiv) for __aeabi_fdiv
    touch.o(.text) refers to lcd.o(.bss) for lcddev
    touch.o(.text) refers to dflt_clz.o(x$fpl$dfltu) for __aeabi_ui2d
    touch.o(.text) refers to sqrt.o(i.sqrt) for sqrt
    touch.o(.text) refers to dfixu.o(x$fpl$dfixu) for __aeabi_d2uiz
    touch.o(.text) refers to f2d.o(x$fpl$f2d) for __aeabi_f2d
    touch.o(.text) refers to dleqf.o(x$fpl$dleqf) for __aeabi_cdcmple
    touch.o(.text) refers to drleqf.o(x$fpl$drleqf) for __aeabi_cdrcmple
    touch.o(.text) refers to faddsub_clz.o(x$fpl$fsub) for __aeabi_fsub
    touch.o(.text) refers to stm32f10x_rcc.o(.text) for RCC_APB2PeriphClockCmd
    touch.o(.text) refers to stm32f10x_gpio.o(.text) for GPIO_Init
    touch.o(.text) refers to touch_i2c.o(.text) for I2CGT911_Read
    touch.o(.data) refers to touch.o(.text) for CTP_Init
    touch.o(.data) refers to touch.o(.conststring) for .conststring
    touch_i2c.o(.text) refers to touch_i2c.o(.data) for GT911_CHIPID_W
    delay.o(.text) refers to misc.o(.text) for SysTick_CLKSourceConfig
    delay.o(.text) refers to system_stm32f10x.o(.data) for SystemCoreClock
    delay.o(.text) refers to delay.o(.data) for fac_us
    sys.o(.text) refers to misc.o(.text) for NVIC_PriorityGroupConfig
[...]
    libinit2.o(.ARM.Collect$$libinit$$00000010) refers to libinit2.o(.ARM.Collect$$libinit$$0000000F) for .ARM.Collect$$libinit$$0000000F
    libinit2.o(.ARM.Collect$$libinit$$00000012) refers to libinit2.o(.ARM.Collect$$libinit$$0000000F) for .ARM.Collect$$libinit$$0000000F
    libinit2.o(.ARM.Collect$$libinit$$00000014) refers to libinit2.o(.ARM.Collect$$libinit$$0000000F) for .ARM.Collect$$libinit$$0000000F
    libinit2.o(.ARM.Collect$$libinit$$00000016) refers to libinit2.o(.ARM.Collect$$libinit$$0000000F) for .ARM.Collect$$libinit$$0000000F
    libinit2.o(.ARM.Collect$$libinit$$00000018) refers to libinit2.o(.ARM.Collect$$libinit$$0000000F) for .ARM.Collect$$libinit$$0000000F
    libinit2.o(.ARM.Collect$$libinit$$00000026) refers to argv_veneer.o(.emb_text) for __ARM_argv_veneer
    libinit2.o(.ARM.Collect$$libinit$$00000027) refers to argv_veneer.o(.emb_text) for __ARM_argv_veneer
    rtexit2.o(.ARM.Collect$$rtexit$$00000003) refers to libshutdown.o(.ARM.Collect$$libshutdown$$00000000) for __rt_lib_shutdown
    rtexit2.o(.ARM.Collect$$rtexit$$00000004) refers to usart.o(.text) for _sys_exit
    rtexit2.o(.ARM.exidx) refers to rtexit2.o(.ARM.Collect$$rtexit$$00000001) for .ARM.Collect$$rtexit$$00000001
    rtexit2.o(.ARM.exidx) refers to rtexit2.o(.ARM.Collect$$rtexit$$00000003) for .ARM.Collect$$rtexit$$00000003
    rtexit2.o(.ARM.exidx) refers to rtexit2.o(.ARM.Collect$$rtexit$$00000004) for .ARM.Collect$$rtexit$$00000004
    argv_veneer.o(.emb_text) refers to no_argv.o(.text) for __ARM_get_argv
    _get_argv_nomalloc.o(.text) refers (Special) to hrguard.o(.text) for __heap_region$guard
    _get_argv_nomalloc.o(.text) refers to defsig_rtmem_outer.o(.text) for __rt_SIGRTMEM
    _get_argv_nomalloc.o(.text) refers to sys_command.o(.text) for _sys_command_string
    libshutdown.o(.ARM.Collect$$libshutdown$$00000000) refers (Special) to libshutdown2.o(.ARM.Collect$$libshutdown$$00000002) for __rt_lib_shutdown_cpp_1
    libshutdown.o(.ARM.Collect$$libshutdown$$00000000) refers (Special) to libshutdown2.o(.ARM.Collect$$libshutdown$$00000007) for __rt_lib_shutdown_fp_trap_1
    libshutdown.o(.ARM.Collect$$libshutdown$$00000000) refers (Special) to libshutdown2.o(.ARM.Collect$$libshutdown$$0000000F) for __rt_lib_shutdown_heap_1
    libshutdown.o(.ARM.Collect$$libshutdown$$00000000) refers (Special) to libshutdown2.o(.ARM.Collect$$libshutdown$$00000010) for __rt_lib_shutdown_return
    libshutdown.o(.ARM.Collect$$libshutdown$$00000000) refers (Special) to libshutdown2.o(.ARM.Collect$$libshutdown$$0000000A) for __rt_lib_shutdown_signal_1
    libshutdown.o(.ARM.Collect$$libshutdown$$00000000) refers (Special) to libshutdown2.o(.ARM.Collect$$libshutdown$$00000004) for __rt_lib_shutdown_stdio_1
    libshutdown.o(.ARM.Collect$$libshutdown$$00000000) refers (Special) to libshutdown2.o(.ARM.Collect$$libshutdown$$0000000C) for __rt_lib_shutdown_user_alloc_1
    sys_command.o(.text) refers (Special) to use_no_semi.o(.text) for __I$use$semihosting
    sys_command.o(.text) refers (Special) to indicate_semi.o(.text) for __semihosting_library_function
    defsig_rtmem_outer.o(.text) refers to defsig_rtmem_inner.o(.text) for __rt_SIGRTMEM_inner
    defsig_rtmem_outer.o(.text) refers to defsig_exit.o(.text) for __sig_exit
    defsig_rtmem_formal.o(.text) refers to rt_raise.o(.text) for __rt_raise
    rt_raise.o(.text) refers to __raise.o(.text) for __raise
    rt_raise.o(.text) refers to usart.o(.text) for _sys_exit
    defsig_exit.o(.text) refers to usart.o(.text) for _sys_exit
    defsig_rtmem_inner.o(.text) refers to defsig_general.o(.text) for __default_signal_display
    __raise.o(.text) refers to defsig.o(CL$$defsig) for __default_signal_handler
    defsig_general.o(.text) refers to sys_wrch.o(.text) for _ttywrch
    sys_wrch.o(.text) refers (Special) to use_no_semi.o(.text) for __I$use$semihosting
    sys_wrch.o(.text) refers (Special) to indicate_semi.o(.text) for __semihosting_library_function
    defsig.o(CL$$defsig) refers to defsig_rtmem_inner.o(.text) for __rt_SIGRTMEM_inner
    defsig_abrt_inner.o(.text) refers to defsig_general.o(.text) for __default_signal_display
    defsig_fpe_inner.o(.text) refers to defsig_general.o(.text) for __default_signal_display
    defsig_rtred_inner.o(.text) refers to defsig_general.o(.text) for __default_signal_display
    defsig_stak_inner.o(.text) refers to defsig_general.o(.text) for __default_signal_display
    defsig_pvfn_inner.o(.text) refers to defsig_general.o(.text) for __default_signal_display
    defsig_cppl_inner.o(.text) refers to defsig_general.o(.text) for __default_signal_display
    defsig_segv_inner.o(.text) refers to defsig_general.o(.text) for __default_signal_display
    defsig_other.o(.text) refers to defsig_general.o(.text) for __default_signal_display


==============================================================================

Removing Unused input sections from the image.

    Removing myiic.o(.text), (640 bytes).
    Removing 24cxx.o(.text), (378 bytes).
    Removing core_cm3.o(.emb_text), (32 bytes).
    Removing stm32f10x_fsmc.o(.text), (1548 bytes).

4 unused section(s) (total 2598 bytes) removed from the image.

==============================================================================

Image Symbol Table

    Local Symbols

    Symbol Name                              Value     Ov Type        Size  Object(Section)

    ../clib/angel/boardlib.s                 0x00000000   Number         0  boardshut.o ABSOLUTE
    ../clib/angel/boardlib.s                 0x00000000   Number         0  boardinit3.o ABSOLUTE
    ../clib/angel/boardlib.s                 0x00000000   Number         0  boardinit2.o ABSOLUTE
    ../clib/angel/boardlib.s                 0x00000000   Number         0  boardinit1.o ABSOLUTE
    ../clib/angel/handlers.s                 0x00000000   Number         0  __scatter_copy.o ABSOLUTE
    ../clib/angel/handlers.s                 0x00000000   Number         0  __scatter_zi.o ABSOLUTE
    ../clib/angel/kernel.s                   0x00000000   Number         0  __rtentry2.o ABSOLUTE
    ../clib/angel/kernel.s                   0x00000000   Number         0  rtexit.o ABSOLUTE
    ../clib/angel/kernel.s                   0x00000000   Number         0  rtexit2.o ABSOLUTE
    ../clib/angel/kernel.s                   0x00000000   Number         0  __rtentry.o ABSOLUTE
    ../clib/angel/kernel.s                   0x00000000   Number         0  __rtentry4.o ABSOLUTE
    ../clib/angel/rt.s                       0x00000000   Number         0  rt_errno_addr.o ABSOLUTE
    ../clib/angel/rt.s                       0x00000000   Number         0  rt_errno_addr_intlibspace.o ABSOLUTE
    ../clib/angel/rt.s                       0x00000000   Number         0  rt_raise.o ABSOLUTE
    ../clib/angel/scatter.s                  0x00000000   Number         0  __scatter.o ABSOLUTE
    ../clib/angel/startup.s                  0x00000000   Number         0  __main.o ABSOLUTE
    ../clib/angel/sys.s                      0x00000000   Number         0  use_no_semi_2.o ABSOLUTE
    ../clib/angel/sys.s                      0x00000000   Number         0  indicate_semi.o ABSOLUTE
    ../clib/angel/sys.s                      0x00000000   Number         0  use_no_semi.o ABSOLUTE
    ../clib/angel/sys.s                      0x00000000   Number         0  sys_stackheap_outer.o ABSOLUTE
    ../clib/angel/sys.s                      0x00000000   Number         0  libspace.o ABSOLUTE
    ../clib/angel/sysapp.c                   0x00000000   Number         0  sys_command.o ABSOLUTE
    ../clib/angel/sysapp.c                   0x00000000   Number         0  sys_wrch.o ABSOLUTE
    ../clib/armsys.c                         0x00000000   Number         0  argv_veneer.o ABSOLUTE
    ../clib/armsys.c                         0x00000000   Number         0  argv_veneer.o ABSOLUTE
    ../clib/armsys.c                         0x00000000   Number         0  _get_argv_nomalloc.o ABSOLUTE
    ../clib/armsys.c                         0x00000000   Number         0  no_argv.o ABSOLUTE
    ../clib/fenv.c                           0x00000000   Number         0  _rserrno.o ABSOLUTE
    ../clib/heapalloc.c                      0x00000000   Number         0  hrguard.o ABSOLUTE
    ../clib/heapaux.c                        0x00000000   Number         0  heapauxi.o ABSOLUTE
    ../clib/libinit.s                        0x00000000   Number         0  libinit.o ABSOLUTE
    ../clib/libinit.s                        0x00000000   Number         0  libinit2.o ABSOLUTE
    ../clib/libinit.s                        0x00000000   Number         0  libshutdown2.o ABSOLUTE
    ../clib/libinit.s                        0x00000000   Number         0  libshutdown.o ABSOLUTE
    ../clib/signal.c                         0x00000000   Number         0  defsig_rtmem_outer.o ABSOLUTE
    ../clib/signal.c                         0x00000000   Number         0  defsig_rtmem_inner.o ABSOLUTE
    ../clib/signal.c                         0x00000000   Number         0  defsig_segv_inner.o ABSOLUTE
    ../clib/signal.c                         0x00000000   Number         0  defsig_cppl_inner.o ABSOLUTE
    ../clib/signal.c                         0x00000000   Number         0  defsig_pvfn_inner.o ABSOLUTE
    ../clib/signal.c                         0x00000000   Number         0  defsig_stak_inner.o ABSOLUTE
    ../clib/signal.c                         0x00000000   Number         0  defsig_rtred_inner.o ABSOLUTE
    ../clib/signal.c                         0x00000000   Number         0  defsig_abrt_inner.o ABSOLUTE
    ../clib/signal.c                         0x00000000   Number         0  __raise.o ABSOLUTE
    ../clib/signal.c                         0x00000000   Number         0  defsig_other.o ABSOLUTE
    ../clib/signal.c                         0x00000000   Number         0  defsig_general.o ABSOLUTE
    ../clib/signal.c                         0x00000000   Number         0  defsig_exit.o ABSOLUTE
    ../clib/signal.c                         0x00000000   Number         0  defsig_rtmem_formal.o ABSOLUTE
    ../clib/signal.c                         0x00000000   Number         0  defsig_fpe_inner.o ABSOLUTE
    ../clib/signal.s                         0x00000000   Number         0  defsig.o ABSOLUTE
    ../clib/stdlib.c                         0x00000000   Number         0  exit.o ABSOLUTE
    ../fplib/dcmpi.s                         0x00000000   Number         0  dcmpi.o ABSOLUTE
    ../fplib/dfixu.s                         0x00000000   Number         0  dfixu.o ABSOLUTE
    ../fplib/dflt.s                          0x00000000   Number         0  dflt_clz.o ABSOLUTE
    ../fplib/dleqf.s                         0x00000000   Number         0  dleqf.o ABSOLUTE
    ../fplib/dnaninf.s                       0x00000000   Number         0  dnaninf.o ABSOLUTE
    ../fplib/dretinf.s                       0x00000000   Number         0  dretinf.o ABSOLUTE
    ../fplib/drleqf.s                        0x00000000   Number         0  drleqf.o ABSOLUTE
    ../fplib/dsqrt.s                         0x00000000   Number         0  dsqrt_noumaal.o ABSOLUTE
    ../fplib/f2d.s                           0x00000000   Number         0  f2d.o ABSOLUTE
    ../fplib/faddsub.s                       0x00000000   Number         0  faddsub_clz.o ABSOLUTE
    ../fplib/fdiv.s                          0x00000000   Number         0  fdiv.o ABSOLUTE
    ../fplib/ffix.s                          0x00000000   Number         0  ffix.o ABSOLUTE
    ../fplib/ffixu.s                         0x00000000   Number         0  ffixu.o ABSOLUTE
    ../fplib/fflt.s                          0x00000000   Number         0  fflt_clz.o ABSOLUTE
    ../fplib/fmul.s                          0x00000000   Number         0  fmul.o ABSOLUTE
    ../fplib/fnaninf.s                       0x00000000   Number         0  fnaninf.o ABSOLUTE
    ../fplib/fpinit.s                        0x00000000   Number         0  fpinit.o ABSOLUTE
    ../fplib/fretinf.s                       0x00000000   Number         0  fretinf.o ABSOLUTE
    ../fplib/usenofp.s                       0x00000000   Number         0  usenofp.o ABSOLUTE
    ../mathlib/sqrt.c                        0x00000000   Number         0  sqrt.o ABSOLUTE
    ../mathlib/sqrt.c                        0x00000000   Number         0  sqrt_x.o ABSOLUTE
    ..\CORE\core_cm3.c                       0x00000000   Number         0  core_cm3.o ABSOLUTE
    ..\CORE\startup_stm32f10x_hd.s           0x00000000   Number         0  startup_stm32f10x_hd.o ABSOLUTE
    ..\HARDWARE\24CXX\24cxx.c                0x00000000   Number         0  24cxx.o ABSOLUTE
    ..\HARDWARE\FLASH\flash.c                0x00000000   Number         0  flash.o ABSOLUTE
    ..\HARDWARE\IIC\myiic.c                  0x00000000   Number         0  myiic.o ABSOLUTE
    ..\HARDWARE\KEY\key.c                    0x00000000   Number         0  key.o ABSOLUTE
    ..\HARDWARE\LCD\lcd.c                    0x00000000   Number         0  lcd.o ABSOLUTE
    ..\HARDWARE\LED\led.c                    0x00000000   Number         0  led.o ABSOLUTE
    ..\HARDWARE\SPI\spi.c                    0x00000000   Number         0  spi.o ABSOLUTE
    ..\HARDWARE\TOUCH\Touch_I2C.c            0x00000000   Number         0  touch_i2c.o ABSOLUTE
    ..\HARDWARE\TOUCH\touch.c                0x00000000   Number         0  touch.o ABSOLUTE
    ..\STM32F10x_FWLib\src\misc.c            0x00000000   Number         0  misc.o ABSOLUTE
    ..\STM32F10x_FWLib\src\stm32f10x_fsmc.c  0x00000000   Number         0  stm32f10x_fsmc.o ABSOLUTE
    ..\STM32F10x_FWLib\src\stm32f10x_gpio.c  0x00000000   Number         0  stm32f10x_gpio.o ABSOLUTE
    ..\STM32F10x_FWLib\src\stm32f10x_rcc.c   0x00000000   Number         0  stm32f10x_rcc.o ABSOLUTE
    ..\STM32F10x_FWLib\src\stm32f10x_spi.c   0x00000000   Number         0  stm32f10x_spi.o ABSOLUTE
    ..\STM32F10x_FWLib\src\stm32f10x_usart.c 0x00000000   Number         0  stm32f10x_usart.o ABSOLUTE
    ..\SYSTEM\delay\delay.c                  0x00000000   Number         0  delay.o ABSOLUTE
    ..\SYSTEM\sys\sys.c                      0x00000000   Number         0  sys.o ABSOLUTE
    ..\SYSTEM\usart\usart.c                  0x00000000   Number         0  usart.o ABSOLUTE
    ..\\CORE\\core_cm3.c                     0x00000000   Number         0  core_cm3.o ABSOLUTE
    dc.s                                     0x00000000   Number         0  dc.o ABSOLUTE
    main.c                                   0x00000000   Number         0  main.o ABSOLUTE
    stm32f10x_it.c                           0x00000000   Number         0  stm32f10x_it.o ABSOLUTE
    system_stm32f10x.c                       0x00000000   Number         0  system_stm32f10x.o ABSOLUTE
    RESET                                    0x08000000   Section      304  startup_stm32f10x_hd.o(RESET)
    !!!main                                  0x08000130   Section        8  __main.o(!!!main)
    !!!scatter                               0x08000138   Section       52  __scatter.o(!!!scatter)
    !!handler_copy                           0x0800016c   Section       26  __scatter_copy.o(!!handler_copy)
    !!handler_zi                             0x08000188   Section       28  __scatter_zi.o(!!handler_zi)
    .ARM.Collect$$libinit$$00000000          0x080001a4   Section        2  libinit.o(.ARM.Collect$$libinit$$00000000)
    .ARM.Collect$$libinit$$00000002          0x080001a6   Section        0  libinit2.o(.ARM.Collect$$libinit$$00000002)
    .ARM.Collect$$libinit$$00000004          0x080001a6   Section        0  libinit2.o(.ARM.Collect$$libinit$$00000004)
    .ARM.Collect$$libinit$$0000000A          0x080001a6   Section        0  libinit2.o(.ARM.Collect$$libinit$$0000000A)
    .ARM.Collect$$libinit$$0000000C          0x080001a6   Section        0  libinit2.o(.ARM.Collect$$libinit$$0000000C)
    .ARM.Collect$$libinit$$0000000E          0x080001a6   Section        0  libinit2.o(.ARM.Collect$$libinit$$0000000E)
    .ARM.Collect$$libinit$$00000011          0x080001a6   Section        0  libinit2.o(.ARM.Collect$$libinit$$00000011)
    .ARM.Collect$$libinit$$00000013          0x080001a6   Section        0  libinit2.o(.ARM.Collect$$libinit$$00000013)
    .ARM.Collect$$libinit$$00000015          0x080001a6   Section        0  libinit2.o(.ARM.Collect$$libinit$$00000015)
    .ARM.Collect$$libinit$$00000017          0x080001a6   Section        0  libinit2.o(.ARM.Collect$$libinit$$00000017)
    .ARM.Collect$$libinit$$00000019          0x080001a6   Section        0  libinit2.o(.ARM.Collect$$libinit$$00000019)
    .ARM.Collect$$libinit$$0000001B          0x080001a6   Section        0  libinit2.o(.ARM.Collect$$libinit$$0000001B)
    .ARM.Collect$$libinit$$0000001D          0x080001a6   Section        0  libinit2.o(.ARM.Collect$$libinit$$0000001D)
    .ARM.Collect$$libinit$$0000001F          0x080001a6   Section        0  libinit2.o(.ARM.Collect$$libinit$$0000001F)
    .ARM.Collect$$libinit$$00000021          0x080001a6   Section        0  libinit2.o(.ARM.Collect$$libinit$$00000021)
    .ARM.Collect$$libinit$$00000023          0x080001a6   Section        0  libinit2.o(.ARM.Collect$$libinit$$00000023)
    .ARM.Collect$$libinit$$00000025          0x080001a6   Section        0  libinit2.o(.ARM.Collect$$libinit$$00000025)
    .ARM.Collect$$libinit$$0000002C          0x080001a6   Section        0  libinit2.o(.ARM.Collect$$libinit$$0000002C)
    .ARM.Collect$$libinit$$0000002E          0x080001a6   Section        0  libinit2.o(.ARM.Collect$$libinit$$0000002E)
    .ARM.Collect$$libinit$$00000030          0x080001a6   Section        0  libinit2.o(.ARM.Collect$$libinit$$00000030)
    .ARM.Collect$$libinit$$00000032          0x080001a6   Section        0  libinit2.o(.ARM.Collect$$libinit$$00000032)
    .ARM.Collect$$libinit$$00000033          0x080001a6   Section        2  libinit2.o(.ARM.Collect$$libinit$$00000033)
    .ARM.Collect$$libshutdown$$00000000      0x080001a8   Section        2  libshutdown.o(.ARM.Collect$$libshutdown$$00000000)
    .ARM.Collect$$libshutdown$$00000002      0x080001aa   Section        0  libshutdown2.o(.ARM.Collect$$libshutdown$$00000002)
    .ARM.Collect$$libshutdown$$00000004      0x080001aa   Section        0  libshutdown2.o(.ARM.Collect$$libshutdown$$00000004)
    .ARM.Collect$$libshutdown$$00000007      0x080001aa   Section        0  libshutdown2.o(.ARM.Collect$$libshutdown$$00000007)
    .ARM.Collect$$libshutdown$$0000000A      0x080001aa   Section        0  libshutdown2.o(.ARM.Collect$$libshutdown$$0000000A)
    .ARM.Collect$$libshutdown$$0000000C      0x080001aa   Section        0  libshutdown2.o(.ARM.Collect$$libshutdown$$0000000C)
    .ARM.Collect$$libshutdown$$0000000F      0x080001aa   Section        0  libshutdown2.o(.ARM.Collect$$libshutdown$$0000000F)
    .ARM.Collect$$libshutdown$$00000010      0x080001aa   Section        2  libshutdown2.o(.ARM.Collect$$libshutdown$$00000010)
    .ARM.Collect$$rtentry$$00000000          0x080001ac   Section        0  __rtentry.o(.ARM.Collect$$rtentry$$00000000)
    .ARM.Collect$$rtentry$$00000002          0x080001ac   Section        0  __rtentry2.o(.ARM.Collect$$rtentry$$00000002)
    .ARM.Collect$$rtentry$$00000004          0x080001ac   Section        6  __rtentry4.o(.ARM.Collect$$rtentry$$00000004)
    .ARM.Collect$$rtentry$$00000009          0x080001b2   Section        0  __rtentry2.o(.ARM.Collect$$rtentry$$00000009)
    .ARM.Collect$$rtentry$$0000000A          0x080001b2   Section        4  __rtentry2.o(.ARM.Collect$$rtentry$$0000000A)
    .ARM.Collect$$rtentry$$0000000C          0x080001b6   Section        0  __rtentry2.o(.ARM.Collect$$rtentry$$0000000C)
    .ARM.Collect$$rtentry$$0000000D          0x080001b6   Section        8  __rtentry2.o(.ARM.Collect$$rtentry$$0000000D)
    .ARM.Collect$$rtexit$$00000000           0x080001be   Section        2  rtexit.o(.ARM.Collect$$rtexit$$00000000)
    .ARM.Collect$$rtexit$$00000002           0x080001c0   Section        0  rtexit2.o(.ARM.Collect$$rtexit$$00000002)
    .ARM.Collect$$rtexit$$00000003           0x080001c0   Section        4  rtexit2.o(.ARM.Collect$$rtexit$$00000003)
    .ARM.Collect$$rtexit$$00000004           0x080001c4   Section        6  rtexit2.o(.ARM.Collect$$rtexit$$00000004)
    .text                                    0x080001cc   Section        0  main.o(.text)
    .text                                    0x08000b98   Section        0  stm32f10x_it.o(.text)
    .text                                    0x08000bb4   Section        0  system_stm32f10x.o(.text)
    SetSysClockTo72                          0x08000bb5   Thumb Code   214  system_stm32f10x.o(.text)
    SetSysClock                              0x08000c8b   Thumb Code     8  system_stm32f10x.o(.text)
    .text                                    0x08000d94   Section        0  led.o(.text)
    .text                                    0x08000e00   Section        0  key.o(.text)
    .text                                    0x08000efc   Section        0  lcd.o(.text)
    .text                                    0x08001c74   Section        0  spi.o(.text)
    .text                                    0x08001e88   Section        0  flash.o(.text)
    .text                                    0x0800220c   Section        0  touch.o(.text)
    .text                                    0x080033a0   Section        0  touch_i2c.o(.text)
    IicStart_GT911                           0x080033c9   Thumb Code    64  touch_i2c.o(.text)
    IicStop_GT911                            0x08003409   Thumb Code    70  touch_i2c.o(.text)
    IicAck_GT911                             0x0800344f   Thumb Code    80  touch_i2c.o(.text)
    IicNack_GT911                            0x0800349f   Thumb Code    62  touch_i2c.o(.text)
    IicWaiteAck_GT911                        0x080034dd   Thumb Code    64  touch_i2c.o(.text)
    IicSendByte_GT911                        0x0800351d   Thumb Code   102  touch_i2c.o(.text)
    IicReceiveByte_GT911                     0x08003583   Thumb Code   112  touch_i2c.o(.text)
    .text                                    0x080036b4   Section        0  delay.o(.text)
    .text                                    0x08003788   Section        0  sys.o(.text)
    .text                                    0x080037fc   Section        0  usart.o(.text)
    .text                                    0x08003944   Section       64  startup_stm32f10x_hd.o(.text)
    .text                                    0x08003984   Section        0  misc.o(.text)
    .text                                    0x08003a60   Section        0  stm32f10x_gpio.o(.text)
    .text                                    0x08003dbc   Section        0  stm32f10x_rcc.o(.text)
    .text                                    0x08004160   Section        0  stm32f10x_spi.o(.text)
    .text                                    0x0800446c   Section        0  stm32f10x_usart.o(.text)
    .text                                    0x08004874   Section        2  use_no_semi_2.o(.text)
    .text                                    0x08004876   Section        0  heapauxi.o(.text)
    .text                                    0x0800487c   Section        2  use_no_semi.o(.text)
    .text                                    0x0800487e   Section        0  _rserrno.o(.text)
    .text                                    0x08004894   Section        8  rt_errno_addr_intlibspace.o(.text)
    .text                                    0x0800489c   Section        8  libspace.o(.text)
    .text                                    0x080048a4   Section       74  sys_stackheap_outer.o(.text)
    .text                                    0x080048ee   Section        0  exit.o(.text)
    i.sqrt                                   0x08004900   Section        0  sqrt.o(i.sqrt)
    x$fpl$dcmpinf                            0x0800494c   Section       24  dcmpi.o(x$fpl$dcmpinf)
    x$fpl$dfixu                              0x08004964   Section       90  dfixu.o(x$fpl$dfixu)
    x$fpl$dfltu                              0x080049be   Section       38  dflt_clz.o(x$fpl$dfltu)
    x$fpl$dleqf                              0x080049e4   Section      120  dleqf.o(x$fpl$dleqf)
    x$fpl$dnaninf                            0x08004a5c   Section      156  dnaninf.o(x$fpl$dnaninf)
    x$fpl$dretinf                            0x08004af8   Section       12  dretinf.o(x$fpl$dretinf)
    x$fpl$drleqf                             0x08004b04   Section      108  drleqf.o(x$fpl$drleqf)
    x$fpl$dsqrt                              0x08004b70   Section      460  dsqrt_noumaal.o(x$fpl$dsqrt)
    x$fpl$f2d                                0x08004d3c   Section       86  f2d.o(x$fpl$f2d)
    x$fpl$fadd                               0x08004d94   Section      196  faddsub_clz.o(x$fpl$fadd)
    _fadd1                                   0x08004da3   Thumb Code     0  faddsub_clz.o(x$fpl$fadd)
    x$fpl$fdiv                               0x08004e58   Section      388  fdiv.o(x$fpl$fdiv)
    _fdiv1                                   0x08004e59   Thumb Code     0  fdiv.o(x$fpl$fdiv)
    x$fpl$ffix                               0x08004fdc   Section       54  ffix.o(x$fpl$ffix)
    x$fpl$ffixu                              0x08005014   Section       62  ffixu.o(x$fpl$ffixu)
    x$fpl$fflt                               0x08005054   Section       48  fflt_clz.o(x$fpl$fflt)
    x$fpl$ffltu                              0x08005084   Section       38  fflt_clz.o(x$fpl$ffltu)
    x$fpl$fmul                               0x080050ac   Section      258  fmul.o(x$fpl$fmul)
    x$fpl$fnaninf                            0x080051ae   Section      140  fnaninf.o(x$fpl$fnaninf)
    x$fpl$fretinf                            0x0800523a   Section       10  fretinf.o(x$fpl$fretinf)
    x$fpl$fsub                               0x08005244   Section      234  faddsub_clz.o(x$fpl$fsub)
    _fsub1                                   0x08005253   Thumb Code     0  faddsub_clz.o(x$fpl$fsub)
    .constdata                               0x0800532e   Section     5860  lcd.o(.constdata)
    x$fpl$usenofp                            0x0800532e   Section        0  usenofp.o(x$fpl$usenofp)
    .conststring                             0x08006a14   Section        2  touch.o(.conststring)
    .data                                    0x20000000   Section       17  main.o(.data)
    .data                                    0x20000014   Section       20  system_stm32f10x.o(.data)
    .data                                    0x20000028   Section        1  key.o(.data)
    key_up                                   0x20000028   Data           1  key.o(.data)
    .data                                    0x2000002a   Section       23  lcd.o(.data)
    .data                                    0x20000042   Section        2  flash.o(.data)
    .data                                    0x20000044   Section       48  touch.o(.data)
    .data                                    0x20000074   Section        2  touch_i2c.o(.data)
    .data                                    0x20000076   Section        4  delay.o(.data)
    fac_us                                   0x20000076   Data           1  delay.o(.data)
    fac_ms                                   0x20000078   Data           2  delay.o(.data)
    .data                                    0x2000007c   Section        6  usart.o(.data)
    .data                                    0x20000082   Section       20  stm32f10x_rcc.o(.data)
    APBAHBPrescTable                         0x20000082   Data          16  stm32f10x_rcc.o(.data)
    ADCPrescTable                            0x20000092   Data           4  stm32f10x_rcc.o(.data)
    .bss                                     0x20000098   Section        9  main.o(.bss)
    .bss                                     0x200000a2   Section       16  lcd.o(.bss)
    .bss                                     0x200000b2   Section     4096  flash.o(.bss)
    .bss                                     0x200010b2   Section      200  usart.o(.bss)
    .bss                                     0x2000117c   Section       96  libspace.o(.bss)
    HEAP                                     0x200011e0   Section      512  startup_stm32f10x_hd.o(HEAP)
    Heap_Mem                                 0x200011e0   Data         512  startup_stm32f10x_hd.o(HEAP)
    STACK                                    0x200013e0   Section     1024  startup_stm32f10x_hd.o(STACK)
    Stack_Mem                                0x200013e0   Data        1024  startup_stm32f10x_hd.o(STACK)
    __initial_sp                             0x200017e0   Data           0  startup_stm32f10x_hd.o(STACK)

    Global Symbols

    Symbol Name                              Value     Ov Type        Size  Object(Section)

    BuildAttributes$$THM_ISAv4$P$D$K$B$S$PE$A:L22UL41UL21$X:L11$S22US41US21$IEEE1$IW$USESV6$~STKCKD$USESV7$~SHL$OTIME$ROPI$IEEEJ$EBA8$UX$STANDARDLIB$REQ8$PRES8$EABIv2 0x00000000   Number         0  anon$$obj.o ABSOLUTE
    __ARM_use_no_argv                        0x00000000   Number         0  main.o ABSOLUTE
    __ARM_exceptions_init                     - Undefined Weak Reference
    __alloca_initialize                       - Undefined Weak Reference
    __arm_preinit_                            - Undefined Weak Reference
    __cpp_initialize__aeabi_                  - Undefined Weak Reference
    __cxa_finalize                            - Undefined Weak Reference
    __rt_locale                               - Undefined Weak Reference
    __sigvec_lookup                           - Undefined Weak Reference
    _atexit_init                              - Undefined Weak Reference
    _call_atexit_fns                          - Undefined Weak Reference
    _clock_init                               - Undefined Weak Reference
    _fp_trap_init                             - Undefined Weak Reference
    _fp_trap_shutdown                         - Undefined Weak Reference
    _get_lc_collate                           - Undefined Weak Reference
    _get_lc_ctype                             - Undefined Weak Reference
    _get_lc_monetary                          - Undefined Weak Reference
    _get_lc_numeric                           - Undefined Weak Reference
    _get_lc_time                              - Undefined Weak Reference
    _getenv_init                              - Undefined Weak Reference
    _handle_redirection                       - Undefined Weak Reference
    _init_alloc                               - Undefined Weak Reference
    _init_user_alloc                          - Undefined Weak Reference
    _initio                                   - Undefined Weak Reference
    _rand_init                                - Undefined Weak Reference
    _signal_finish                            - Undefined Weak Reference
    _signal_init                              - Undefined Weak Reference
    _terminate_alloc                          - Undefined Weak Reference
    _terminate_user_alloc                     - Undefined Weak Reference
    _terminateio                              - Undefined Weak Reference
    __Vectors_Size                           0x00000130   Number         0  startup_stm32f10x_hd.o ABSOLUTE
    __Vectors                                0x08000000   Data           4  startup_stm32f10x_hd.o(RESET)
    __Vectors_End                            0x08000130   Data           0  startup_stm32f10x_hd.o(RESET)
    __main                                   0x08000131   Thumb Code     8  __main.o(!!!main)
    __scatterload                            0x08000139   Thumb Code     0  __scatter.o(!!!scatter)
    __scatterload_rt2                        0x08000139   Thumb Code    44  __scatter.o(!!!scatter)
    __scatterload_rt2_thumb_only             0x08000139   Thumb Code     0  __scatter.o(!!!scatter)
    __scatterload_null                       0x08000147   Thumb Code     0  __scatter.o(!!!scatter)
    __scatterload_copy                       0x0800016d   Thumb Code    26  __scatter_copy.o(!!handler_copy)
    __scatterload_zeroinit                   0x08000189   Thumb Code    28  __scatter_zi.o(!!handler_zi)
    __rt_lib_init                            0x080001a5   Thumb Code     0  libinit.o(.ARM.Collect$$libinit$$00000000)
    __rt_lib_init_alloca_1                   0x080001a7   Thumb Code     0  libinit2.o(.ARM.Collect$$libinit$$0000002E)
    __rt_lib_init_argv_1                     0x080001a7   Thumb Code     0  libinit2.o(.ARM.Collect$$libinit$$0000002C)
    __rt_lib_init_atexit_1                   0x080001a7   Thumb Code     0  libinit2.o(.ARM.Collect$$libinit$$0000001B)
    __rt_lib_init_clock_1                    0x080001a7   Thumb Code     0  libinit2.o(.ARM.Collect$$libinit$$00000021)
    __rt_lib_init_cpp_1                      0x080001a7   Thumb Code     0  libinit2.o(.ARM.Collect$$libinit$$00000032)
    __rt_lib_init_exceptions_1               0x080001a7   Thumb Code     0  libinit2.o(.ARM.Collect$$libinit$$00000030)
    __rt_lib_init_fp_1                       0x080001a7   Thumb Code     0  libinit2.o(.ARM.Collect$$libinit$$00000002)
    __rt_lib_init_fp_trap_1                  0x080001a7   Thumb Code     0  libinit2.o(.ARM.Collect$$libinit$$0000001F)
    __rt_lib_init_getenv_1                   0x080001a7   Thumb Code     0  libinit2.o(.ARM.Collect$$libinit$$00000023)
    __rt_lib_init_heap_1                     0x080001a7   Thumb Code     0  libinit2.o(.ARM.Collect$$libinit$$0000000A)
    __rt_lib_init_lc_collate_1               0x080001a7   Thumb Code     0  libinit2.o(.ARM.Collect$$libinit$$00000011)
    __rt_lib_init_lc_ctype_1                 0x080001a7   Thumb Code     0  libinit2.o(.ARM.Collect$$libinit$$00000013)
    __rt_lib_init_lc_monetary_1              0x080001a7   Thumb Code     0  libinit2.o(.ARM.Collect$$libinit$$00000015)
    __rt_lib_init_lc_numeric_1               0x080001a7   Thumb Code     0  libinit2.o(.ARM.Collect$$libinit$$00000017)
    __rt_lib_init_lc_time_1                  0x080001a7   Thumb Code     0  libinit2.o(.ARM.Collect$$libinit$$00000019)
    __rt_lib_init_preinit_1                  0x080001a7   Thumb Code     0  libinit2.o(.ARM.Collect$$libinit$$00000004)
    __rt_lib_init_rand_1                     0x080001a7   Thumb Code     0  libinit2.o(.ARM.Collect$$libinit$$0000000E)
    __rt_lib_init_return                     0x080001a7   Thumb Code     0  libinit2.o(.ARM.Collect$$libinit$$00000033)
    __rt_lib_init_signal_1                   0x080001a7   Thumb Code     0  libinit2.o(.ARM.Collect$$libinit$$0000001D)
    __rt_lib_init_stdio_1                    0x080001a7   Thumb Code     0  libinit2.o(.ARM.Collect$$libinit$$00000025)
    __rt_lib_init_user_alloc_1               0x080001a7   Thumb Code     0  libinit2.o(.ARM.Collect$$libinit$$0000000C)
    __rt_lib_shutdown                        0x080001a9   Thumb Code     0  libshutdown.o(.ARM.Collect$$libshutdown$$00000000)
    __rt_lib_shutdown_cpp_1                  0x080001ab   Thumb Code     0  libshutdown2.o(.ARM.Collect$$libshutdown$$00000002)
    __rt_lib_shutdown_fp_trap_1              0x080001ab   Thumb Code     0  libshutdown2.o(.ARM.Collect$$libshutdown$$00000007)
    __rt_lib_shutdown_heap_1                 0x080001ab   Thumb Code     0  libshutdown2.o(.ARM.Collect$$libshutdown$$0000000F)
    __rt_lib_shutdown_return                 0x080001ab   Thumb Code     0  libshutdown2.o(.ARM.Collect$$libshutdown$$00000010)
    __rt_lib_shutdown_signal_1               0x080001ab   Thumb Code     0  libshutdown2.o(.ARM.Collect$$libshutdown$$0000000A)
    __rt_lib_shutdown_stdio_1                0x080001ab   Thumb Code     0  libshutdown2.o(.ARM.Collect$$libshutdown$$00000004)
    __rt_lib_shutdown_user_alloc_1           0x080001ab   Thumb Code     0  libshutdown2.o(.ARM.Collect$$libshutdown$$0000000C)
    __rt_entry                               0x080001ad   Thumb Code     0  __rtentry.o(.ARM.Collect$$rtentry$$00000000)
    __rt_entry_presh_1                       0x080001ad   Thumb Code     0  __rtentry2.o(.ARM.Collect$$rtentry$$00000002)
    __rt_entry_sh                            0x080001ad   Thumb Code     0  __rtentry4.o(.ARM.Collect$$rtentry$$00000004)
    __rt_entry_li                            0x080001b3   Thumb Code     0  __rtentry2.o(.ARM.Collect$$rtentry$$0000000A)
    __rt_entry_postsh_1                      0x080001b3   Thumb Code     0  __rtentry2.o(.ARM.Collect$$rtentry$$00000009)
    __rt_entry_main                          0x080001b7   Thumb Code     0  __rtentry2.o(.ARM.Collect$$rtentry$$0000000D)
    __rt_entry_postli_1                      0x080001b7   Thumb Code     0  __rtentry2.o(.ARM.Collect$$rtentry$$0000000C)
    __rt_exit                                0x080001bf   Thumb Code     0  rtexit.o(.ARM.Collect$$rtexit$$00000000)
    __rt_exit_ls                             0x080001c1   Thumb Code     0  rtexit2.o(.ARM.Collect$$rtexit$$00000003)
    __rt_exit_prels_1                        0x080001c1   Thumb Code     0  rtexit2.o(.ARM.Collect$$rtexit$$00000002)
    __rt_exit_exit                           0x080001c5   Thumb Code     0  rtexit2.o(.ARM.Collect$$rtexit$$00000004)
    strtoint                                 0x080001cd   Thumb Code    32  main.o(.text)
    refput                                   0x080001ed   Thumb Code   104  main.o(.text)
    showbutton                               0x08000255   Thumb Code   526  main.o(.text)
    Load_Drow_Dialog                         0x08000463   Thumb Code    52  main.o(.text)
    xianshi                                  0x08000497   Thumb Code   514  main.o(.text)
    showqq                                   0x08000699   Thumb Code    54  main.o(.text)
    refshow                                  0x080006cf   Thumb Code   266  main.o(.text)
    jiance                                   0x080007d9   Thumb Code    66  main.o(.text)
    idfind                                   0x0800081b   Thumb Code    56  main.o(.text)
    beepms                                   0x08000853   Thumb Code    26  main.o(.text)
    chuankou                                 0x0800086d   Thumb Code   268  main.o(.text)
    main                                     0x08000979   Thumb Code   524  main.o(.text)
    NMI_Handler                              0x08000b99   Thumb Code     2  stm32f10x_it.o(.text)
    HardFault_Handler                        0x08000b9b   Thumb Code     4  stm32f10x_it.o(.text)
    MemManage_Handler                        0x08000b9f   Thumb Code     4  stm32f10x_it.o(.text)
    BusFault_Handler                         0x08000ba3   Thumb Code     4  stm32f10x_it.o(.text)
    UsageFault_Handler                       0x08000ba7   Thumb Code     4  stm32f10x_it.o(.text)
    SVC_Handler                              0x08000bab   Thumb Code     2  stm32f10x_it.o(.text)
    DebugMon_Handler                         0x08000bad   Thumb Code     2  stm32f10x_it.o(.text)
    PendSV_Handler                           0x08000baf   Thumb Code     2  stm32f10x_it.o(.text)
    SysTick_Handler                          0x08000bb1   Thumb Code     2  stm32f10x_it.o(.text)
    SystemInit                               0x08000c93   Thumb Code    78  system_stm32f10x.o(.text)
    SystemCoreClockUpdate                    0x08000ce1   Thumb Code   142  system_stm32f10x.o(.text)
    LED_Init                                 0x08000d95   Thumb Code    94  led.o(.text)
    KEY_Init                                 0x08000e01   Thumb Code    52  key.o(.text)
    KEY_Scan                                 0x08000e35   Thumb Code   188  key.o(.text)
    LCD_WR_REG                               0x08000efd   Thumb Code   108  lcd.o(.text)
    LCD_WR_DATA                              0x08000f69   Thumb Code   144  lcd.o(.text)
    LCD_WR_DATA9341                          0x08000ff9   Thumb Code   124  lcd.o(.text)
    LCD_WR_DATA8                             0x08001075   Thumb Code    38  lcd.o(.text)
    LCD_RD_DATA                              0x0800109b   Thumb Code    32  lcd.o(.text)
    LCD_WR_REG_DATA                          0x080010bb   Thumb Code    40  lcd.o(.text)
    LCD_ReadReg                              0x080010e3   Thumb Code    66  lcd.o(.text)
    LCD_WriteRAM_Prepare                     0x08001125   Thumb Code    12  lcd.o(.text)
    LCD_BGR2RGB                              0x08001131   Thumb Code    26  lcd.o(.text)
    opt_delay                                0x0800114b   Thumb Code    14  lcd.o(.text)
    LCD_SetCursor                            0x08001159   Thumb Code    72  lcd.o(.text)
    LCD_ReadPoint                            0x080011a1   Thumb Code   122  lcd.o(.text)
    LCD_DrawPoint                            0x0800121b   Thumb Code    28  lcd.o(.text)
    LCD_ShowChar                             0x08001237   Thumb Code   384  lcd.o(.text)
    LCD_Pow                                  0x080013b7   Thumb Code    22  lcd.o(.text)
    LCD_ShowNum                              0x080013cd   Thumb Code   148  lcd.o(.text)
    LCD_ShowString                           0x08001461   Thumb Code   102  lcd.o(.text)
    LCD_Clear                                0x080014c7   Thumb Code    44  lcd.o(.text)
    ceshishuju                               0x080014f3   Thumb Code   238  lcd.o(.text)
    LCD_Init                                 0x080015e1   Thumb Code   612  lcd.o(.text)
    LCD_Fill                                 0x08001845   Thumb Code   116  lcd.o(.text)
    LCD_Color_Fill                           0x080018b9   Thumb Code    92  lcd.o(.text)
    LCD_DrawLine                             0x08001915   Thumb Code   176  lcd.o(.text)
    LCD_DrawRectangle                        0x080019c5   Thumb Code    64  lcd.o(.text)
    Draw_Circle                              0x08001a05   Thumb Code   152  lcd.o(.text)
    LCD_ShowxNum                             0x08001a9d   Thumb Code   190  lcd.o(.text)
    showimage                                0x08001b5b   Thumb Code    96  lcd.o(.text)
    copyimage                                0x08001bbb   Thumb Code   182  lcd.o(.text)
    SPI1_Init                                0x08001c75   Thumb Code   222  spi.o(.text)
    SPI2_ReadWriteByte                       0x08001d53   Thumb Code    78  spi.o(.text)
    SPI2_Init                                0x08001da1   Thumb Code   140  spi.o(.text)
    SPI2_SetSpeed                            0x08001e2d   Thumb Code    36  spi.o(.text)
    SPI_WriteByte                            0x08001e51   Thumb Code    34  spi.o(.text)
    SPI_Flash_ReadID                         0x08001e89   Thumb Code    64  flash.o(.text)
    SPI_Flash_Init                           0x08001ec9   Thumb Code   114  flash.o(.text)
    SPI_Flash_ReadSR                         0x08001f3b   Thumb Code    36  flash.o(.text)
    SPI_FLASH_Write_SR                       0x08001f5f   Thumb Code    32  flash.o(.text)
    SPI_FLASH_Write_Enable                   0x08001f7f   Thumb Code    24  flash.o(.text)
    SPI_FLASH_Write_Disable                  0x08001f97   Thumb Code    24  flash.o(.text)
    SPI_Flash_Read                           0x08001faf   Thumb Code    74  flash.o(.text)
    SPI_Flash_Wait_Busy                      0x08001ff9   Thumb Code    18  flash.o(.text)
    SPI_Flash_Write_Page                     0x0800200b   Thumb Code    80  flash.o(.text)
    SPI_Flash_Write_NoCheck                  0x0800205b   Thumb Code    70  flash.o(.text)
    SPI_Flash_Erase_Sector                   0x080020a1   Thumb Code    62  flash.o(.text)
    SPI_Flash_Write                          0x080020df   Thumb Code   176  flash.o(.text)
    SPI_Flash_Erase_Chip                     0x0800218f   Thumb Code    36  flash.o(.text)
    SPI_Flash_PowerDown                      0x080021b3   Thumb Code    30  flash.o(.text)
    SPI_Flash_WAKEUP                         0x080021d1   Thumb Code    30  flash.o(.text)
    TP_Write_Byte                            0x0800220d   Thumb Code    56  touch.o(.text)
    TP_Read_AD                               0x08002245   Thumb Code   132  touch.o(.text)
    TP_Read_XOY                              0x080022c9   Thumb Code   138  touch.o(.text)
    TP_Read_XY                               0x08002353   Thumb Code    38  touch.o(.text)
    TP_Read_XY2                              0x08002379   Thumb Code   192  touch.o(.text)
    TP_Drow_Touch_Point                      0x08002439   Thumb Code   108  touch.o(.text)
    TP_Draw_Big_Point                        0x080024a5   Thumb Code    54  touch.o(.text)
    TP_Scan                                  0x080024db   Thumb Code   246  touch.o(.text)
    TP_Save_Adjdata                          0x080025d1   Thumb Code   170  touch.o(.text)
    TP_Get_Adjdata                           0x0800267b   Thumb Code   182  touch.o(.text)
    TP_Adj_Info_Show                         0x08002731   Thumb Code   376  touch.o(.text)
    TP_Adjust                                0x080028a9   Thumb Code  2118  touch.o(.text)
    TP_Init                                  0x080030ef   Thumb Code   112  touch.o(.text)
    CTP_Init                                 0x0800315f   Thumb Code   200  touch.o(.text)
    CTP_Scan                                 0x08003227   Thumb Code   218  touch.o(.text)
    CTP_Adjust                               0x08003301   Thumb Code   160  touch.o(.text)
    I2C_DELAY                                0x080033a1   Thumb Code    40  touch_i2c.o(.text)
    I2CGT911_Write                           0x080035f3   Thumb Code    80  touch_i2c.o(.text)
    I2CGT911_Read                            0x08003643   Thumb Code   100  touch_i2c.o(.text)
    delay_init                               0x080036b5   Thumb Code    50  delay.o(.text)
    delay_us                                 0x080036e7   Thumb Code    72  delay.o(.text)
    delay_ms                                 0x0800372f   Thumb Code    72  delay.o(.text)
    NVIC_Configuration                       0x08003789   Thumb Code    12  sys.o(.text)
    inttohex                                 0x08003795   Thumb Code   104  sys.o(.text)
    _sys_exit                                0x080037fd   Thumb Code     6  usart.o(.text)
    fputc                                    0x08003803   Thumb Code    24  usart.o(.text)
    uart_init                                0x0800381b   Thumb Code   158  usart.o(.text)
    USART1_IRQHandler                        0x080038b9   Thumb Code   122  usart.o(.text)
    Reset_Handler                            0x08003945   Thumb Code     8  startup_stm32f10x_hd.o(.text)
    ADC1_2_IRQHandler                        0x0800395f   Thumb Code     0  startup_stm32f10x_hd.o(.text)
    ADC3_IRQHandler                          0x0800395f   Thumb Code     0  startup_stm32f10x_hd.o(.text)
    CAN1_RX1_IRQHandler                      0x0800395f   Thumb Code     0  startup_stm32f10x_hd.o(.text)
    CAN1_SCE_IRQHandler                      0x0800395f   Thumb Code     0  startup_stm32f10x_hd.o(.text)
    DMA1_Channel1_IRQHandler                 0x0800395f   Thumb Code     0  startup_stm32f10x_hd.o(.text)
    DMA1_Channel2_IRQHandler                 0x0800395f   Thumb Code     0  startup_stm32f10x_hd.o(.text)
    DMA1_Channel3_IRQHandler                 0x0800395f   Thumb Code     0  startup_stm32f10x_hd.o(.text)
    DMA1_Channel4_IRQHandler                 0x0800395f   Thumb Code     0  startup_stm32f10x_hd.o(.text)
    DMA1_Channel5_IRQHandler                 0x0800395f   Thumb Code     0  startup_stm32f10x_hd.o(.text)
    DMA1_Channel6_IRQHandler                 0x0800395f   Thumb Code     0  startup_stm32f10x_hd.o(.text)
    DMA1_Channel7_IRQHandler                 0x0800395f   Thumb Code     0  startup_stm32f10x_hd.o(.text)
    DMA2_Channel1_IRQHandler                 0x0800395f   Thumb Code     0  startup_stm32f10x_hd.o(.text)
    DMA2_Channel2_IRQHandler                 0x0800395f   Thumb Code     0  startup_stm32f10x_hd.o(.text)
    DMA2_Channel3_IRQHandler                 0x0800395f   Thumb Code     0  startup_stm32f10x_hd.o(.text)
    DMA2_Channel4_5_IRQHandler               0x0800395f   Thumb Code     0  startup_stm32f10x_hd.o(.text)
    EXTI0_IRQHandler                         0x0800395f   Thumb Code     0  startup_stm32f10x_hd.o(.text)
    EXTI15_10_IRQHandler                     0x0800395f   Thumb Code     0  startup_stm32f10x_hd.o(.text)
    EXTI1_IRQHandler                         0x0800395f   Thumb Code     0  startup_stm32f10x_hd.o(.text)
    EXTI2_IRQHandler                         0x0800395f   Thumb Code     0  startup_stm32f10x_hd.o(.text)
    EXTI3_IRQHandler                         0x0800395f   Thumb Code     0  startup_stm32f10x_hd.o(.text)
    EXTI4_IRQHandler                         0x0800395f   Thumb Code     0  startup_stm32f10x_hd.o(.text)
    EXTI9_5_IRQHandler                       0x0800395f   Thumb Code     0  startup_stm32f10x_hd.o(.text)
    FLASH_IRQHandler                         0x0800395f   Thumb Code     0  startup_stm32f10x_hd.o(.text)
    FSMC_IRQHandler                          0x0800395f   Thumb Code     0  startup_stm32f10x_hd.o(.text)
    I2C1_ER_IRQHandler                       0x0800395f   Thumb Code     0  startup_stm32f10x_hd.o(.text)
    I2C1_EV_IRQHandler                       0x0800395f   Thumb Code     0  startup_stm32f10x_hd.o(.text)
    I2C2_ER_IRQHandler                       0x0800395f   Thumb Code     0  startup_stm32f10x_hd.o(.text)
    I2C2_EV_IRQHandler                       0x0800395f   Thumb Code     0  startup_stm32f10x_hd.o(.text)
    PVD_IRQHandler                           0x0800395f   Thumb Code     0  startup_stm32f10x_hd.o(.text)
    RCC_IRQHandler                           0x0800395f   Thumb Code     0  startup_stm32f10x_hd.o(.text)
    RTCAlarm_IRQHandler                      0x0800395f   Thumb Code     0  startup_stm32f10x_hd.o(.text)
    RTC_IRQHandler                           0x0800395f   Thumb Code     0  startup_stm32f10x_hd.o(.text)
    SDIO_IRQHandler                          0x0800395f   Thumb Code     0  startup_stm32f10x_hd.o(.text)
    SPI1_IRQHandler                          0x0800395f   Thumb Code     0  startup_stm32f10x_hd.o(.text)
    SPI2_IRQHandler                          0x0800395f   Thumb Code     0  startup_stm32f10x_hd.o(.text)
    SPI3_IRQHandler                          0x0800395f   Thumb Code     0  startup_stm32f10x_hd.o(.text)
    TAMPER_IRQHandler                        0x0800395f   Thumb Code     0  startup_stm32f10x_hd.o(.text)
    TIM1_BRK_IRQHandler                      0x0800395f   Thumb Code     0  startup_stm32f10x_hd.o(.text)
    TIM1_CC_IRQHandler                       0x0800395f   Thumb Code     0  startup_stm32f10x_hd.o(.text)
    TIM1_TRG_COM_IRQHandler                  0x0800395f   Thumb Code     0  startup_stm32f10x_hd.o(.text)
    TIM1_UP_IRQHandler                       0x0800395f   Thumb Code     0  startup_stm32f10x_hd.o(.text)
    TIM2_IRQHandler                          0x0800395f   Thumb Code     0  startup_stm32f10x_hd.o(.text)
    TIM3_IRQHandler                          0x0800395f   Thumb Code     0  startup_stm32f10x_hd.o(.text)
    TIM4_IRQHandler                          0x0800395f   Thumb Code     0  startup_stm32f10x_hd.o(.text)
    TIM5_IRQHandler                          0x0800395f   Thumb Code     0  startup_stm32f10x_hd.o(.text)
    TIM6_IRQHandler                          0x0800395f   Thumb Code     0  startup_stm32f10x_hd.o(.text)
    TIM7_IRQHandler                          0x0800395f   Thumb Code     0  startup_stm32f10x_hd.o(.text)
    TIM8_BRK_IRQHandler                      0x0800395f   Thumb Code     0  startup_stm32f10x_hd.o(.text)
    TIM8_CC_IRQHandler                       0x0800395f   Thumb Code     0  startup_stm32f10x_hd.o(.text)
    TIM8_TRG_COM_IRQHandler                  0x0800395f   Thumb Code     0  startup_stm32f10x_hd.o(.text)
    TIM8_UP_IRQHandler                       0x0800395f   Thumb Code     0  startup_stm32f10x_hd.o(.text)
    UART4_IRQHandler                         0x0800395f   Thumb Code     0  startup_stm32f10x_hd.o(.text)
    UART5_IRQHandler                         0x0800395f   Thumb Code     0  startup_stm32f10x_hd.o(.text)
    USART2_IRQHandler                        0x0800395f   Thumb Code     0  startup_stm32f10x_hd.o(.text)
    USART3_IRQHandler                        0x0800395f   Thumb Code     0  startup_stm32f10x_hd.o(.text)
    USBWakeUp_IRQHandler                     0x0800395f   Thumb Code     0  startup_stm32f10x_hd.o(.text)
    USB_HP_CAN1_TX_IRQHandler                0x0800395f   Thumb Code     0  startup_stm32f10x_hd.o(.text)
    USB_LP_CAN1_RX0_IRQHandler               0x0800395f   Thumb Code     0  startup_stm32f10x_hd.o(.text)
    WWDG_IRQHandler                          0x0800395f   Thumb Code     0  startup_stm32f10x_hd.o(.text)
    __user_initial_stackheap                 0x08003961   Thumb Code     0  startup_stm32f10x_hd.o(.text)
    NVIC_PriorityGroupConfig                 0x08003985   Thumb Code    10  misc.o(.text)
    NVIC_Init                                0x0800398f   Thumb Code   100  misc.o(.text)
    NVIC_SetVectorTable                      0x080039f3   Thumb Code    14  misc.o(.text)
    NVIC_SystemLPConfig                      0x08003a01   Thumb Code    34  misc.o(.text)
    SysTick_CLKSourceConfig                  0x08003a23   Thumb Code    40  misc.o(.text)
    GPIO_DeInit                              0x08003a61   Thumb Code   172  stm32f10x_gpio.o(.text)
    GPIO_AFIODeInit                          0x08003b0d   Thumb Code    20  stm32f10x_gpio.o(.text)
    GPIO_Init                                0x08003b21   Thumb Code   278  stm32f10x_gpio.o(.text)
    GPIO_StructInit                          0x08003c37   Thumb Code    16  stm32f10x_gpio.o(.text)
    GPIO_ReadInputDataBit                    0x08003c47   Thumb Code    18  stm32f10x_gpio.o(.text)
    GPIO_ReadInputData                       0x08003c59   Thumb Code     8  stm32f10x_gpio.o(.text)
    GPIO_ReadOutputDataBit                   0x08003c61   Thumb Code    18  stm32f10x_gpio.o(.text)
    GPIO_ReadOutputData                      0x08003c73   Thumb Code     8  stm32f10x_gpio.o(.text)
    GPIO_SetBits                             0x08003c7b   Thumb Code     4  stm32f10x_gpio.o(.text)
    GPIO_ResetBits                           0x08003c7f   Thumb Code     4  stm32f10x_gpio.o(.text)
    GPIO_WriteBit                            0x08003c83   Thumb Code    10  stm32f10x_gpio.o(.text)
    GPIO_Write                               0x08003c8d   Thumb Code     4  stm32f10x_gpio.o(.text)
    GPIO_PinLockConfig                       0x08003c91   Thumb Code    18  stm32f10x_gpio.o(.text)
    GPIO_EventOutputConfig                   0x08003ca3   Thumb Code    26  stm32f10x_gpio.o(.text)
    GPIO_EventOutputCmd                      0x08003cbd   Thumb Code     6  stm32f10x_gpio.o(.text)
    GPIO_PinRemapConfig                      0x08003cc3   Thumb Code   138  stm32f10x_gpio.o(.text)
    GPIO_EXTILineConfig                      0x08003d4d   Thumb Code    66  stm32f10x_gpio.o(.text)
    GPIO_ETH_MediaInterfaceConfig            0x08003d8f   Thumb Code     8  stm32f10x_gpio.o(.text)
    RCC_DeInit                               0x08003dbd   Thumb Code    64  stm32f10x_rcc.o(.text)
    RCC_HSEConfig                            0x08003dfd   Thumb Code    70  stm32f10x_rcc.o(.text)
    RCC_GetFlagStatus                        0x08003e43   Thumb Code    56  stm32f10x_rcc.o(.text)
    RCC_WaitForHSEStartUp                    0x08003e7b   Thumb Code    56  stm32f10x_rcc.o(.text)
    RCC_AdjustHSICalibrationValue            0x08003eb3   Thumb Code    20  stm32f10x_rcc.o(.text)
    RCC_HSICmd                               0x08003ec7   Thumb Code     6  stm32f10x_rcc.o(.text)
    RCC_PLLConfig                            0x08003ecd   Thumb Code    24  stm32f10x_rcc.o(.text)
    RCC_PLLCmd                               0x08003ee5   Thumb Code     6  stm32f10x_rcc.o(.text)
    RCC_SYSCLKConfig                         0x08003eeb   Thumb Code    18  stm32f10x_rcc.o(.text)
    RCC_GetSYSCLKSource                      0x08003efd   Thumb Code    10  stm32f10x_rcc.o(.text)
    RCC_HCLKConfig                           0x08003f07   Thumb Code    18  stm32f10x_rcc.o(.text)
    RCC_PCLK1Config                          0x08003f19   Thumb Code    18  stm32f10x_rcc.o(.text)
    RCC_PCLK2Config                          0x08003f2b   Thumb Code    20  stm32f10x_rcc.o(.text)
    RCC_ITConfig                             0x08003f3f   Thumb Code    26  stm32f10x_rcc.o(.text)
    RCC_USBCLKConfig                         0x08003f59   Thumb Code     8  stm32f10x_rcc.o(.text)
    RCC_ADCCLKConfig                         0x08003f61   Thumb Code    18  stm32f10x_rcc.o(.text)
    RCC_LSEConfig                            0x08003f73   Thumb Code    50  stm32f10x_rcc.o(.text)
    RCC_LSICmd                               0x08003fa5   Thumb Code     6  stm32f10x_rcc.o(.text)
    RCC_RTCCLKConfig                         0x08003fab   Thumb Code    12  stm32f10x_rcc.o(.text)
    RCC_RTCCLKCmd                            0x08003fb7   Thumb Code     8  stm32f10x_rcc.o(.text)
    RCC_GetClocksFreq                        0x08003fbf   Thumb Code   192  stm32f10x_rcc.o(.text)
    RCC_AHBPeriphClockCmd                    0x0800407f   Thumb Code    26  stm32f10x_rcc.o(.text)
    RCC_APB2PeriphClockCmd                   0x08004099   Thumb Code    26  stm32f10x_rcc.o(.text)
    RCC_APB1PeriphClockCmd                   0x080040b3   Thumb Code    26  stm32f10x_rcc.o(.text)
    RCC_APB2PeriphResetCmd                   0x080040cd   Thumb Code    26  stm32f10x_rcc.o(.text)
    RCC_APB1PeriphResetCmd                   0x080040e7   Thumb Code    26  stm32f10x_rcc.o(.text)
    RCC_BackupResetCmd                       0x08004101   Thumb Code     8  stm32f10x_rcc.o(.text)
    RCC_ClockSecuritySystemCmd               0x08004109   Thumb Code     6  stm32f10x_rcc.o(.text)
    RCC_MCOConfig                            0x0800410f   Thumb Code     6  stm32f10x_rcc.o(.text)
    RCC_ClearFlag                            0x08004115   Thumb Code    14  stm32f10x_rcc.o(.text)
    RCC_GetITStatus                          0x08004123   Thumb Code    20  stm32f10x_rcc.o(.text)
    RCC_ClearITPendingBit                    0x08004137   Thumb Code     6  stm32f10x_rcc.o(.text)
    SPI_I2S_DeInit                           0x08004161   Thumb Code    76  stm32f10x_spi.o(.text)
    SPI_Init                                 0x080041ad   Thumb Code    60  stm32f10x_spi.o(.text)
    I2S_Init                                 0x080041e9   Thumb Code   226  stm32f10x_spi.o(.text)
    SPI_StructInit                           0x080042cb   Thumb Code    24  stm32f10x_spi.o(.text)
    I2S_StructInit                           0x080042e3   Thumb Code    20  stm32f10x_spi.o(.text)
    SPI_Cmd                                  0x080042f7   Thumb Code    24  stm32f10x_spi.o(.text)
    I2S_Cmd                                  0x0800430f   Thumb Code    24  stm32f10x_spi.o(.text)
    SPI_I2S_ITConfig                         0x08004327   Thumb Code    32  stm32f10x_spi.o(.text)
    SPI_I2S_DMACmd                           0x08004347   Thumb Code    18  stm32f10x_spi.o(.text)
    SPI_I2S_SendData                         0x08004359   Thumb Code     4  stm32f10x_spi.o(.text)
    SPI_I2S_ReceiveData                      0x0800435d   Thumb Code     6  stm32f10x_spi.o(.text)
    SPI_NSSInternalSoftwareConfig            0x08004363   Thumb Code    30  stm32f10x_spi.o(.text)
    SPI_SSOutputCmd                          0x08004381   Thumb Code    24  stm32f10x_spi.o(.text)
    SPI_DataSizeConfig                       0x08004399   Thumb Code    18  stm32f10x_spi.o(.text)
    SPI_TransmitCRC                          0x080043ab   Thumb Code    10  stm32f10x_spi.o(.text)
    SPI_CalculateCRC                         0x080043b5   Thumb Code    24  stm32f10x_spi.o(.text)
    SPI_GetCRC                               0x080043cd   Thumb Code    16  stm32f10x_spi.o(.text)
    SPI_GetCRCPolynomial                     0x080043dd   Thumb Code     6  stm32f10x_spi.o(.text)
    SPI_BiDirectionalLineConfig              0x080043e3   Thumb Code    28  stm32f10x_spi.o(.text)
    SPI_I2S_GetFlagStatus                    0x080043ff   Thumb Code    18  stm32f10x_spi.o(.text)
    SPI_I2S_ClearFlag                        0x08004411   Thumb Code     6  stm32f10x_spi.o(.text)
    SPI_I2S_GetITStatus                      0x08004417   Thumb Code    52  stm32f10x_spi.o(.text)
    SPI_I2S_ClearITPendingBit                0x0800444b   Thumb Code    20  stm32f10x_spi.o(.text)
    USART_DeInit                             0x0800446d   Thumb Code   134  stm32f10x_usart.o(.text)
    USART_Init                               0x080044f3   Thumb Code   210  stm32f10x_usart.o(.text)
    USART_StructInit                         0x080045c5   Thumb Code    24  stm32f10x_usart.o(.text)
    USART_ClockInit                          0x080045dd   Thumb Code    34  stm32f10x_usart.o(.text)
    USART_ClockStructInit                    0x080045ff   Thumb Code    12  stm32f10x_usart.o(.text)
    USART_Cmd                                0x0800460b   Thumb Code    24  stm32f10x_usart.o(.text)
    USART_ITConfig                           0x08004623   Thumb Code    74  stm32f10x_usart.o(.text)
    USART_DMACmd                             0x0800466d   Thumb Code    18  stm32f10x_usart.o(.text)
    USART_SetAddress                         0x0800467f   Thumb Code    18  stm32f10x_usart.o(.text)
    USART_WakeUpConfig                       0x08004691   Thumb Code    18  stm32f10x_usart.o(.text)
    USART_ReceiverWakeUpCmd                  0x080046a3   Thumb Code    24  stm32f10x_usart.o(.text)
    USART_LINBreakDetectLengthConfig         0x080046bb   Thumb Code    18  stm32f10x_usart.o(.text)
    USART_LINCmd                             0x080046cd   Thumb Code    24  stm32f10x_usart.o(.text)
    USART_SendData                           0x080046e5   Thumb Code     8  stm32f10x_usart.o(.text)
    USART_ReceiveData                        0x080046ed   Thumb Code    10  stm32f10x_usart.o(.text)
    USART_SendBreak                          0x080046f7   Thumb Code    10  stm32f10x_usart.o(.text)
    USART_SetGuardTime                       0x08004701   Thumb Code    16  stm32f10x_usart.o(.text)
    USART_SetPrescaler                       0x08004711   Thumb Code    16  stm32f10x_usart.o(.text)
    USART_SmartCardCmd                       0x08004721   Thumb Code    24  stm32f10x_usart.o(.text)
    USART_SmartCardNACKCmd                   0x08004739   Thumb Code    24  stm32f10x_usart.o(.text)
    USART_HalfDuplexCmd                      0x08004751   Thumb Code    24  stm32f10x_usart.o(.text)
    USART_OverSampling8Cmd                   0x08004769   Thumb Code    22  stm32f10x_usart.o(.text)
    USART_OneBitMethodCmd                    0x0800477f   Thumb Code    24  stm32f10x_usart.o(.text)
    USART_IrDAConfig                         0x08004797   Thumb Code    18  stm32f10x_usart.o(.text)
    USART_IrDACmd                            0x080047a9   Thumb Code    24  stm32f10x_usart.o(.text)
    USART_GetFlagStatus                      0x080047c1   Thumb Code    26  stm32f10x_usart.o(.text)
    USART_ClearFlag                          0x080047db   Thumb Code    18  stm32f10x_usart.o(.text)
    USART_GetITStatus                        0x080047ed   Thumb Code    84  stm32f10x_usart.o(.text)
    USART_ClearITPendingBit                  0x08004841   Thumb Code    52  stm32f10x_usart.o(.text)
    __use_no_semihosting                     0x08004875   Thumb Code     2  use_no_semi_2.o(.text)
    __use_two_region_memory                  0x08004877   Thumb Code     2  heapauxi.o(.text)
    __rt_heap_escrow$2region                 0x08004879   Thumb Code     2  heapauxi.o(.text)
    __rt_heap_expand$2region                 0x0800487b   Thumb Code     2  heapauxi.o(.text)
    __I$use$semihosting                      0x0800487d   Thumb Code     0  use_no_semi.o(.text)
    __use_no_semihosting_swi                 0x0800487d   Thumb Code     2  use_no_semi.o(.text)
    __read_errno                             0x0800487f   Thumb Code    10  _rserrno.o(.text)
    __set_errno                              0x08004889   Thumb Code    12  _rserrno.o(.text)
    __aeabi_errno_addr                       0x08004895   Thumb Code     8  rt_errno_addr_intlibspace.o(.text)
    __errno$intlibspace                      0x08004895   Thumb Code     0  rt_errno_addr_intlibspace.o(.text)
    __rt_errno_addr$intlibspace              0x08004895   Thumb Code     0  rt_errno_addr_intlibspace.o(.text)
    __user_libspace                          0x0800489d   Thumb Code     8  libspace.o(.text)
    __user_perproc_libspace                  0x0800489d   Thumb Code     0  libspace.o(.text)
    __user_perthread_libspace                0x0800489d   Thumb Code     0  libspace.o(.text)
    __user_setup_stackheap                   0x080048a5   Thumb Code    74  sys_stackheap_outer.o(.text)
    exit                                     0x080048ef   Thumb Code    18  exit.o(.text)
    sqrt                                     0x08004901   Thumb Code    76  sqrt.o(i.sqrt)
    __fpl_dcmp_Inf                           0x0800494d   Thumb Code    24  dcmpi.o(x$fpl$dcmpinf)
    __aeabi_d2uiz                            0x08004965   Thumb Code     0  dfixu.o(x$fpl$dfixu)
    _dfixu                                   0x08004965   Thumb Code    90  dfixu.o(x$fpl$dfixu)
    __aeabi_ui2d                             0x080049bf   Thumb Code     0  dflt_clz.o(x$fpl$dfltu)
    _dfltu                                   0x080049bf   Thumb Code    38  dflt_clz.o(x$fpl$dfltu)
    __aeabi_cdcmple                          0x080049e5   Thumb Code     0  dleqf.o(x$fpl$dleqf)
    _dcmple                                  0x080049e5   Thumb Code   120  dleqf.o(x$fpl$dleqf)
    __fpl_dcmple_InfNaN                      0x08004a47   Thumb Code     0  dleqf.o(x$fpl$dleqf)
    __fpl_dnaninf                            0x08004a5d   Thumb Code   156  dnaninf.o(x$fpl$dnaninf)
    __fpl_dretinf                            0x08004af9   Thumb Code    12  dretinf.o(x$fpl$dretinf)
    __aeabi_cdrcmple                         0x08004b05   Thumb Code     0  drleqf.o(x$fpl$drleqf)
    _drcmple                                 0x08004b05   Thumb Code   108  drleqf.o(x$fpl$drleqf)
    _dsqrt                                   0x08004b71   Thumb Code   456  dsqrt_noumaal.o(x$fpl$dsqrt)
    __aeabi_f2d                              0x08004d3d   Thumb Code     0  f2d.o(x$fpl$f2d)
    _f2d                                     0x08004d3d   Thumb Code    86  f2d.o(x$fpl$f2d)
    __aeabi_fadd                             0x08004d95   Thumb Code     0  faddsub_clz.o(x$fpl$fadd)
    _fadd                                    0x08004d95   Thumb Code   196  faddsub_clz.o(x$fpl$fadd)
    __aeabi_fdiv                             0x08004e59   Thumb Code     0  fdiv.o(x$fpl$fdiv)
    _fdiv                                    0x08004e59   Thumb Code   384  fdiv.o(x$fpl$fdiv)
    __aeabi_f2iz                             0x08004fdd   Thumb Code     0  ffix.o(x$fpl$ffix)
    _ffix                                    0x08004fdd   Thumb Code    54  ffix.o(x$fpl$ffix)
    __aeabi_f2uiz                            0x08005015   Thumb Code     0  ffixu.o(x$fpl$ffixu)
    _ffixu                                   0x08005015   Thumb Code    62  ffixu.o(x$fpl$ffixu)
    __aeabi_i2f                              0x08005055   Thumb Code     0  fflt_clz.o(x$fpl$fflt)
    _fflt                                    0x08005055   Thumb Code    48  fflt_clz.o(x$fpl$fflt)
    __aeabi_ui2f                             0x08005085   Thumb Code     0  fflt_clz.o(x$fpl$ffltu)
    _ffltu                                   0x08005085   Thumb Code    38  fflt_clz.o(x$fpl$ffltu)
    __aeabi_fmul                             0x080050ad   Thumb Code     0  fmul.o(x$fpl$fmul)
    _fmul                                    0x080050ad   Thumb Code   258  fmul.o(x$fpl$fmul)
    __fpl_fnaninf                            0x080051af   Thumb Code   140  fnaninf.o(x$fpl$fnaninf)
    __fpl_fretinf                            0x0800523b   Thumb Code    10  fretinf.o(x$fpl$fretinf)
    __aeabi_fsub                             0x08005245   Thumb Code     0  faddsub_clz.o(x$fpl$fsub)
    _fsub                                    0x08005245   Thumb Code   234  faddsub_clz.o(x$fpl$fsub)
    __I$use$fp                               0x0800532e   Number         0  usenofp.o(x$fpl$usenofp)
    qqimage                                  0x0800532e   Data        3200  lcd.o(.constdata)
    asc2_1206                                0x08005fae   Data        1140  lcd.o(.constdata)
    asc2_1608                                0x08006422   Data        1520  lcd.o(.constdata)
    Region$$Table$$Base                      0x08006a18   Number         0  anon$$obj.o(Region$$Table)
    Region$$Table$$Limit                     0x08006a38   Number         0  anon$$obj.o(Region$$Table)
    xx                                       0x20000000   Data           1  main.o(.data)
    state                                    0x20000001   Data           1  main.o(.data)
    ddown                                    0x20000002   Data           1  main.o(.data)
    bw                                       0x20000003   Data           1  main.o(.data)
    buputlen                                 0x20000004   Data           1  main.o(.data)
    interface                                0x20000005   Data           1  main.o(.data)
    bsecolor                                 0x20000006   Data           2  main.o(.data)
    bbcolor                                  0x20000008   Data           2  main.o(.data)
    bfontcolor                               0x2000000a   Data           2  main.o(.data)
    xianshicolor                             0x2000000c   Data           2  main.o(.data)
    saveid                                   0x2000000e   Data           2  main.o(.data)
    savebus                                  0x20000010   Data           1  main.o(.data)
    SystemCoreClock                          0x20000014   Data           4  system_stm32f10x.o(.data)
    AHBPrescTable                            0x20000018   Data          16  system_stm32f10x.o(.data)
    POINT_COLOR                              0x2000002a   Data           2  lcd.o(.data)
    BACK_COLOR                               0x2000002c   Data           2  lcd.o(.data)
    HDP                                      0x2000002e   Data           2  lcd.o(.data)
    HT                                       0x20000030   Data           2  lcd.o(.data)
    HPS                                      0x20000032   Data           2  lcd.o(.data)
    LPS                                      0x20000034   Data           2  lcd.o(.data)
    HPW                                      0x20000036   Data           1  lcd.o(.data)
    VDP                                      0x20000038   Data           2  lcd.o(.data)
    VT                                       0x2000003a   Data           2  lcd.o(.data)
    VPS                                      0x2000003c   Data           2  lcd.o(.data)
    FPS                                      0x2000003e   Data           2  lcd.o(.data)
    VPW                                      0x20000040   Data           1  lcd.o(.data)
    SPI_FLASH_TYPE                           0x20000042   Data           2  flash.o(.data)
    tp_dev                                   0x20000044   Data          40  touch.o(.data)
    CMD_RDX                                  0x2000006c   Data           1  touch.o(.data)
    CMD_RDY                                  0x2000006d   Data           1  touch.o(.data)
    SAVE_ADDR_BASE                           0x2000006e   Data           2  touch.o(.data)
    TP_REMIND_MSG_TBL                        0x20000070   Data           4  touch.o(.data)
    GT911_CHIPID_W                           0x20000074   Data           1  touch_i2c.o(.data)
    GT911_CHIPID_R                           0x20000075   Data           1  touch_i2c.o(.data)
    __stdout                                 0x2000007c   Data           4  usart.o(.data)
    USART_RX_STA                             0x20000080   Data           2  usart.o(.data)
    buput                                    0x20000098   Data           9  main.o(.bss)
    lcddev                                   0x200000a2   Data          16  lcd.o(.bss)
    SPI_FLASH_BUF                            0x200000b2   Data        4096  flash.o(.bss)
    USART_RX_BUF                             0x200010b2   Data         200  usart.o(.bss)
    __libspace_start                         0x2000117c   Data          96  libspace.o(.bss)
    __temporary_stack_top$libspace           0x200011dc   Data           0  libspace.o(.bss)



==============================================================================

Memory Map of the image

  Image Entry point : 0x08000131

  Load Region LR_IROM1 (Base: 0x08000000, Size: 0x00006ad0, Max: 0x00040000, ABSOLUTE)

    Execution Region ER_IROM1 (Exec base: 0x08000000, Load base: 0x08000000, Size: 0x00006a38, Max: 0x00040000, ABSOLUTE)

    Exec Addr    Load Addr    Size         Type   Attr      Idx    E Section Name        Object

    0x08000000   0x08000000   0x00000130   Data   RO          422    RESET               startup_stm32f10x_hd.o
    0x08000130   0x08000130   0x00000008   Code   RO          507  * !!!main             c_w.l(__main.o)
    0x08000138   0x08000138   0x00000034   Code   RO          732    !!!scatter          c_w.l(__scatter.o)
    0x0800016c   0x0800016c   0x0000001a   Code   RO          734    !!handler_copy      c_w.l(__scatter_copy.o)
    0x08000186   0x08000186   0x00000002   PAD
    0x08000188   0x08000188   0x0000001c   Code   RO          736    !!handler_zi        c_w.l(__scatter_zi.o)
    0x080001a4   0x080001a4   0x00000002   Code   RO          609    .ARM.Collect$$libinit$$00000000  c_w.l(libinit.o)
    0x080001a6   0x080001a6   0x00000000   Code   RO          613    .ARM.Collect$$libinit$$00000002  c_w.l(libinit2.o)
    0x080001a6   0x080001a6   0x00000000   Code   RO          615    .ARM.Collect$$libinit$$00000004  c_w.l(libinit2.o)
    0x080001a6   0x080001a6   0x00000000   Code   RO          618    .ARM.Collect$$libinit$$0000000A  c_w.l(libinit2.o)
    0x080001a6   0x080001a6   0x00000000   Code   RO          620    .ARM.Collect$$libinit$$0000000C  c_w.l(libinit2.o)
    0x080001a6   0x080001a6   0x00000000   Code   RO          622    .ARM.Collect$$libinit$$0000000E  c_w.l(libinit2.o)
    0x080001a6   0x080001a6   0x00000000   Code   RO          625    .ARM.Collect$$libinit$$00000011  c_w.l(libinit2.o)
    0x080001a6   0x080001a6   0x00000000   Code   RO          627    .ARM.Collect$$libinit$$00000013  c_w.l(libinit2.o)
    0x080001a6   0x080001a6   0x00000000   Code   RO          629    .ARM.Collect$$libinit$$00000015  c_w.l(libinit2.o)
    0x080001a6   0x080001a6   0x00000000   Code   RO          631    .ARM.Collect$$libinit$$00000017  c_w.l(libinit2.o)
    0x080001a6   0x080001a6   0x00000000   Code   RO          633    .ARM.Collect$$libinit$$00000019  c_w.l(libinit2.o)
    0x080001a6   0x080001a6   0x00000000   Code   RO          635    .ARM.Collect$$libinit$$0000001B  c_w.l(libinit2.o)
    0x080001a6   0x080001a6   0x00000000   Code   RO          637    .ARM.Collect$$libinit$$0000001D  c_w.l(libinit2.o)
    0x080001a6   0x080001a6   0x00000000   Code   RO          639    .ARM.Collect$$libinit$$0000001F  c_w.l(libinit2.o)
    0x080001a6   0x080001a6   0x00000000   Code   RO          641    .ARM.Collect$$libinit$$00000021  c_w.l(libinit2.o)
    0x080001a6   0x080001a6   0x00000000   Code   RO          643    .ARM.Collect$$libinit$$00000023  c_w.l(libinit2.o)
    0x080001a6   0x080001a6   0x00000000   Code   RO          645    .ARM.Collect$$libinit$$00000025  c_w.l(libinit2.o)
    0x080001a6   0x080001a6   0x00000000   Code   RO          649    .ARM.Collect$$libinit$$0000002C  c_w.l(libinit2.o)
    0x080001a6   0x080001a6   0x00000000   Code   RO          651    .ARM.Collect$$libinit$$0000002E  c_w.l(libinit2.o)
    0x080001a6   0x080001a6   0x00000000   Code   RO          653    .ARM.Collect$$libinit$$00000030  c_w.l(libinit2.o)
    0x080001a6   0x080001a6   0x00000000   Code   RO          655    .ARM.Collect$$libinit$$00000032  c_w.l(libinit2.o)
    0x080001a6   0x080001a6   0x00000002   Code   RO          656    .ARM.Collect$$libinit$$00000033  c_w.l(libinit2.o)
    0x080001a8   0x080001a8   0x00000002   Code   RO          674    .ARM.Collect$$libshutdown$$00000000  c_w.l(libshutdown.o)
    0x080001aa   0x080001aa   0x00000000   Code   RO          684    .ARM.Collect$$libshutdown$$00000002  c_w.l(libshutdown2.o)
    0x080001aa   0x080001aa   0x00000000   Code   RO          686    .ARM.Collect$$libshutdown$$00000004  c_w.l(libshutdown2.o)
    0x080001aa   0x080001aa   0x00000000   Code   RO          689    .ARM.Collect$$libshutdown$$00000007  c_w.l(libshutdown2.o)
    0x080001aa   0x080001aa   0x00000000   Code   RO          692    .ARM.Collect$$libshutdown$$0000000A  c_w.l(libshutdown2.o)
    0x080001aa   0x080001aa   0x00000000   Code   RO          694    .ARM.Collect$$libshutdown$$0000000C  c_w.l(libshutdown2.o)
    0x080001aa   0x080001aa   0x00000000   Code   RO          697    .ARM.Collect$$libshutdown$$0000000F  c_w.l(libshutdown2.o)
    0x080001aa   0x080001aa   0x00000002   Code   RO          698    .ARM.Collect$$libshutdown$$00000010  c_w.l(libshutdown2.o)
    0x080001ac   0x080001ac   0x00000000   Code   RO          561    .ARM.Collect$$rtentry$$00000000  c_w.l(__rtentry.o)
    0x080001ac   0x080001ac   0x00000000   Code   RO          578    .ARM.Collect$$rtentry$$00000002  c_w.l(__rtentry2.o)
    0x080001ac   0x080001ac   0x00000006   Code   RO          590    .ARM.Collect$$rtentry$$00000004  c_w.l(__rtentry4.o)
    0x080001b2   0x080001b2   0x00000000   Code   RO          580    .ARM.Collect$$rtentry$$00000009  c_w.l(__rtentry2.o)
    0x080001b2   0x080001b2   0x00000004   Code   RO          581    .ARM.Collect$$rtentry$$0000000A  c_w.l(__rtentry2.o)
    0x080001b6   0x080001b6   0x00000000   Code   RO          583    .ARM.Collect$$rtentry$$0000000C  c_w.l(__rtentry2.o)
    0x080001b6   0x080001b6   0x00000008   Code   RO          584    .ARM.Collect$$rtentry$$0000000D  c_w.l(__rtentry2.o)
    0x080001be   0x080001be   0x00000002   Code   RO          610    .ARM.Collect$$rtexit$$00000000  c_w.l(rtexit.o)
    0x080001c0   0x080001c0   0x00000000   Code   RO          658    .ARM.Collect$$rtexit$$00000002  c_w.l(rtexit2.o)
    0x080001c0   0x080001c0   0x00000004   Code   RO          659    .ARM.Collect$$rtexit$$00000003  c_w.l(rtexit2.o)
    0x080001c4   0x080001c4   0x00000006   Code   RO          660    .ARM.Collect$$rtexit$$00000004  c_w.l(rtexit2.o)
    0x080001ca   0x080001ca   0x00000002   PAD
    0x080001cc   0x080001cc   0x000009cc   Code   RO            1    .text               main.o
    0x08000b98   0x08000b98   0x0000001a   Code   RO          149    .text               stm32f10x_it.o
    0x08000bb2   0x08000bb2   0x00000002   PAD
    0x08000bb4   0x08000bb4   0x000001e0   Code   RO          190    .text               system_stm32f10x.o
    0x08000d94   0x08000d94   0x0000006c   Code   RO          208    .text               led.o
    0x08000e00   0x08000e00   0x000000fc   Code   RO          220    .text               key.o
    0x08000efc   0x08000efc   0x00000d78   Code   RO          233    .text               lcd.o
    0x08001c74   0x08001c74   0x00000214   Code   RO          280    .text               spi.o
    0x08001e88   0x08001e88   0x00000384   Code   RO          296    .text               flash.o
    0x0800220c   0x0800220c   0x00001194   Code   RO          315    .text               touch.o
    0x080033a0   0x080033a0   0x00000314   Code   RO          342    .text               touch_i2c.o
    0x080036b4   0x080036b4   0x000000d4   Code   RO          360    .text               delay.o
    0x08003788   0x08003788   0x00000074   Code   RO          374    .text               sys.o
    0x080037fc   0x080037fc   0x00000148   Code   RO          386    .text               usart.o
    0x08003944   0x08003944   0x00000040   Code   RO          423    .text               startup_stm32f10x_hd.o
    0x08003984   0x08003984   0x000000dc   Code   RO          427    .text               misc.o
    0x08003a60   0x08003a60   0x0000035c   Code   RO          451    .text               stm32f10x_gpio.o
    0x08003dbc   0x08003dbc   0x000003a4   Code   RO          463    .text               stm32f10x_rcc.o
    0x08004160   0x08004160   0x0000030c   Code   RO          477    .text               stm32f10x_spi.o
    0x0800446c   0x0800446c   0x00000408   Code   RO          489    .text               stm32f10x_usart.o
    0x08004874   0x08004874   0x00000002   Code   RO          503    .text               c_w.l(use_no_semi_2.o)
    0x08004876   0x08004876   0x00000006   Code   RO          505    .text               c_w.l(heapauxi.o)
    0x0800487c   0x0800487c   0x00000002   Code   RO          559    .text               c_w.l(use_no_semi.o)
    0x0800487e   0x0800487e   0x00000016   Code   RO          562    .text               c_w.l(_rserrno.o)
    0x08004894   0x08004894   0x00000008   Code   RO          595    .text               c_w.l(rt_errno_addr_intlibspace.o)
    0x0800489c   0x0800489c   0x00000008   Code   RO          597    .text               c_w.l(libspace.o)
    0x080048a4   0x080048a4   0x0000004a   Code   RO          600    .text               c_w.l(sys_stackheap_outer.o)
    0x080048ee   0x080048ee   0x00000012   Code   RO          602    .text               c_w.l(exit.o)
    0x08004900   0x08004900   0x0000004c   Code   RO          552    i.sqrt              m_ws.l(sqrt.o)
    0x0800494c   0x0800494c   0x00000018   Code   RO          564    x$fpl$dcmpinf       fz_ws.l(dcmpi.o)
    0x08004964   0x08004964   0x0000005a   Code   RO          509    x$fpl$dfixu         fz_ws.l(dfixu.o)
    0x080049be   0x080049be   0x00000026   Code   RO          513    x$fpl$dfltu         fz_ws.l(dflt_clz.o)
    0x080049e4   0x080049e4   0x00000078   Code   RO          519    x$fpl$dleqf         fz_ws.l(dleqf.o)
    0x08004a5c   0x08004a5c   0x0000009c   Code   RO          566    x$fpl$dnaninf       fz_ws.l(dnaninf.o)
    0x08004af8   0x08004af8   0x0000000c   Code   RO          568    x$fpl$dretinf       fz_ws.l(dretinf.o)
    0x08004b04   0x08004b04   0x0000006c   Code   RO          521    x$fpl$drleqf        fz_ws.l(drleqf.o)
    0x08004b70   0x08004b70   0x000001cc   Code   RO          570    x$fpl$dsqrt         fz_ws.l(dsqrt_noumaal.o)
    0x08004d3c   0x08004d3c   0x00000056   Code   RO          523    x$fpl$f2d           fz_ws.l(f2d.o)
    0x08004d92   0x08004d92   0x00000002   PAD
    0x08004d94   0x08004d94   0x000000c4   Code   RO          525    x$fpl$fadd          fz_ws.l(faddsub_clz.o)
    0x08004e58   0x08004e58   0x00000184   Code   RO          532    x$fpl$fdiv          fz_ws.l(fdiv.o)
    0x08004fdc   0x08004fdc   0x00000036   Code   RO          535    x$fpl$ffix          fz_ws.l(ffix.o)
    0x08005012   0x08005012   0x00000002   PAD
    0x08005014   0x08005014   0x0000003e   Code   RO          539    x$fpl$ffixu         fz_ws.l(ffixu.o)
    0x08005052   0x08005052   0x00000002   PAD
    0x08005054   0x08005054   0x00000030   Code   RO          544    x$fpl$fflt          fz_ws.l(fflt_clz.o)
    0x08005084   0x08005084   0x00000026   Code   RO          543    x$fpl$ffltu         fz_ws.l(fflt_clz.o)
    0x080050aa   0x080050aa   0x00000002   PAD
    0x080050ac   0x080050ac   0x00000102   Code   RO          549    x$fpl$fmul          fz_ws.l(fmul.o)
    0x080051ae   0x080051ae   0x0000008c   Code   RO          572    x$fpl$fnaninf       fz_ws.l(fnaninf.o)
    0x0800523a   0x0800523a   0x0000000a   Code   RO          574    x$fpl$fretinf       fz_ws.l(fretinf.o)
    0x08005244   0x08005244   0x000000ea   Code   RO          527    x$fpl$fsub          fz_ws.l(faddsub_clz.o)
    0x0800532e   0x0800532e   0x00000000   Code   RO          576    x$fpl$usenofp       fz_ws.l(usenofp.o)
    0x0800532e   0x0800532e   0x000016e4   Data   RO          235    .constdata          lcd.o
    0x08006a12   0x08006a12   0x00000002   PAD
    0x08006a14   0x08006a14   0x00000002   Data   RO          316    .conststring        touch.o
    0x08006a16   0x08006a16   0x00000002   PAD
    0x08006a18   0x08006a18   0x00000020   Data   RO          730    Region$$Table       anon$$obj.o


    Execution Region RW_IRAM1 (Exec base: 0x20000000, Load base: 0x08006a38, Size: 0x000017e0, Max: 0x0000c000, ABSOLUTE)

    Exec Addr    Load Addr    Size         Type   Attr      Idx    E Section Name        Object

    0x20000000   0x08006a38   0x00000011   Data   RW            3    .data               main.o
    0x20000011   0x08006a49   0x00000003   PAD
    0x20000014   0x08006a4c   0x00000014   Data   RW          191    .data               system_stm32f10x.o
    0x20000028   0x08006a60   0x00000001   Data   RW          221    .data               key.o
    0x20000029   0x08006a61   0x00000001   PAD
    0x2000002a   0x08006a62   0x00000017   Data   RW          236    .data               lcd.o
    0x20000041   0x08006a79   0x00000001   PAD
    0x20000042   0x08006a7a   0x00000002   Data   RW          298    .data               flash.o
    0x20000044   0x08006a7c   0x00000030   Data   RW          317    .data               touch.o
    0x20000074   0x08006aac   0x00000002   Data   RW          343    .data               touch_i2c.o
    0x20000076   0x08006aae   0x00000004   Data   RW          361    .data               delay.o
    0x2000007a   0x08006ab2   0x00000002   PAD
    0x2000007c   0x08006ab4   0x00000006   Data   RW          388    .data               usart.o
    0x20000082   0x08006aba   0x00000014   Data   RW          464    .data               stm32f10x_rcc.o
    0x20000096   0x08006ace   0x00000002   PAD
    0x20000098        -       0x00000009   Zero   RW            2    .bss                main.o
    0x200000a1   0x08006ace   0x00000001   PAD
    0x200000a2        -       0x00000010   Zero   RW          234    .bss                lcd.o
    0x200000b2        -       0x00001000   Zero   RW          297    .bss                flash.o
    0x200010b2        -       0x000000c8   Zero   RW          387    .bss                usart.o
    0x2000117a   0x08006ace   0x00000002   PAD
    0x2000117c        -       0x00000060   Zero   RW          598    .bss                c_w.l(libspace.o)
    0x200011dc   0x08006ace   0x00000004   PAD
    0x200011e0        -       0x00000200   Zero   RW          421    HEAP                startup_stm32f10x_hd.o
    0x200013e0        -       0x00000400   Zero   RW          420    STACK               startup_stm32f10x_hd.o


==============================================================================

Image component sizes


      Code (inc. data)   RO Data    RW Data    ZI Data      Debug   Object Name

         0          0          0          0          0         32   core_cm3.o
       212         18          0          4          0       1139   delay.o
       900         30          0          2       4096       4665   flash.o
       252         12          0          1          0        892   key.o
      3448        102       5860         23         16      13063   lcd.o
       108         14          0          0          0        559   led.o
      2508        210          0         17          9     244741   main.o
       220         22          0          0          0       1897   misc.o
       532         22          0          0          0       2133   spi.o
        64         26        304          0       1536        844   startup_stm32f10x_hd.o
       860         38          0          0          0       5829   stm32f10x_gpio.o
        26          0          0          0          0       1230   stm32f10x_it.o
       932         36          0         20          0       9056   stm32f10x_rcc.o
       780         14          0          0          0       6710   stm32f10x_spi.o
      1032         22          0          0          0       8556   stm32f10x_usart.o
       116          0          0          0          0       1054   sys.o
       480         38          0         20          0       1887   system_stm32f10x.o
      4500        250          2         48          0       8581   touch.o
       788         14          0          2          0       3221   touch_i2c.o
       328         18          0          6        200       3326   usart.o

    ----------------------------------------------------------------------
     18088        886       6202        152       5860     319415   Object Totals
         0          0         32          0          0          0   (incl. Generated)
         2          0          4          9          3          0   (incl. Padding)

    ----------------------------------------------------------------------

      Code (inc. data)   RO Data    RW Data    ZI Data      Debug   Library Member Name

         8          0          0          0          0         68   __main.o
         0          0          0          0          0          0   __rtentry.o
        12          0          0          0          0          0   __rtentry2.o
         6          0          0          0          0          0   __rtentry4.o
        52          8          0          0          0          0   __scatter.o
        26          0          0          0          0          0   __scatter_copy.o
        28          0          0          0          0          0   __scatter_zi.o
        22          0          0          0          0        100   _rserrno.o
        18          0          0          0          0         80   exit.o
         6          0          0          0          0        152   heapauxi.o
         2          0          0          0          0          0   libinit.o
         2          0          0          0          0          0   libinit2.o
         2          0          0          0          0          0   libshutdown.o
         2          0          0          0          0          0   libshutdown2.o
         8          4          0          0         96         68   libspace.o
         8          4          0          0          0         68   rt_errno_addr_intlibspace.o
         2          0          0          0          0          0   rtexit.o
        10          0          0          0          0          0   rtexit2.o
        74          0          0          0          0         80   sys_stackheap_outer.o
         2          0          0          0          0         68   use_no_semi.o
         2          0          0          0          0         68   use_no_semi_2.o
        24          0          0          0          0         68   dcmpi.o
        90          4          0          0          0         92   dfixu.o
        38          0          0          0          0         68   dflt_clz.o
       120          4          0          0          0         92   dleqf.o
       156          4          0          0          0         92   dnaninf.o
        12          0          0          0          0         68   dretinf.o
       108          0          0          0          0         80   drleqf.o
       460         56          0          0          0        120   dsqrt_noumaal.o
        86          4          0          0          0         84   f2d.o
       430          8          0          0          0        168   faddsub_clz.o
       388         76          0          0          0         96   fdiv.o
        54          4          0          0          0         84   ffix.o
        62          4          0          0          0         84   ffixu.o
        86          0          0          0          0        136   fflt_clz.o
       258          4          0          0          0         84   fmul.o
       140          4          0          0          0         84   fnaninf.o
        10          0          0          0          0         68   fretinf.o
         0          0          0          0          0          0   usenofp.o
        76          0          0          0          0         84   sqrt.o

    ----------------------------------------------------------------------
      2902        188          0          0        100       2404   Library Totals
        12          0          0          0          4          0   (incl. Padding)

    ----------------------------------------------------------------------

      Code (inc. data)   RO Data    RW Data    ZI Data      Debug   Library Name

       292         16          0          0         96        752   c_w.l
      2522        172          0          0          0       1568   fz_ws.l
        76          0          0          0          0         84   m_ws.l

    ----------------------------------------------------------------------
      2902        188          0          0        100       2404   Library Totals

    ----------------------------------------------------------------------

==============================================================================


      Code (inc. data)   RO Data    RW Data    ZI Data      Debug   

     20990       1074       6202        152       5960     319163   Grand Totals
     20990       1074       6202        152       5960     319163   ELF Image Totals
     20990       1074       6202        152          0          0   ROM Totals

==============================================================================

    Total RO  Size (Code + RO Data)                27192 (  26.55kB)
    Total RW  Size (RW Data + ZI Data)              6112 (   5.97kB)
    Total ROM Size (Code + RO Data + RW Data)      27344 (  26.70kB)

==============================================================================

