<html>
<body>
<pre>
<h1>µVision Build Log</h1>
<h2>Project:</h2>
E:\tjc_file\≤‚ ‘º‹≥Ã–Ú\◊‘…Ë÷√2016 10 25\USER\TOUCH.uvproj
Project File Date:  10/26/2016

<h2>Output:</h2>
Load "E:\\tjc_file\\≤‚ ‘º‹≥Ã–Ú\\◊‘…Ë÷√2016 10 25\\USER\\TOUCH.AXF" 
Set JLink Project File to "E:\tjc_file\≤‚ ‘º‹≥Ã–Ú\◊‘…Ë÷√2016 10 25\USER\JLinkSettings.ini"
 
JLink info:
------------
DLL: V4.96b, compiled Jan 19 2015 09:15:55
Firmware: J-Link ARM V8 compiled Nov 28 2014 13:44:46
Hardware: V8.00
S/N : 304439649 
Feature(s) : RDI,FlashDL,FlashBP,JFlash,GDBFULL 
 
* JLink Info: TotalIRLen = 9, IRPrint = 0x0011
* JLink Info: Found Cortex-M3 r1p1, Little endian.
* JLink Info: FPUnit: 6 code (BP) slots and 2 literal slots
* JLink Info: TPIU fitted.
* JLink Info: ETM fitted.
ROMTableAddr = 0xE00FF003
* JLink Info: Device "STM32F103VC" selected.
 
Target info:
------------
Device: STM32F103VC
VTarget = 3.293V
State of Pins: 
TCK: 1, TDI: 0, TDO: 1, TMS: 0, TRES: 1, TRST: 1
Hardware-Breakpoints: 6
Software-Breakpoints: 8192
Watchpoints:          4
JTAG speed: 2000 kHz
 
No Algorithm found for: 08000000H - 0800C753H
Erase skipped!
Load "E:\\tjc_file\\≤‚ ‘º‹≥Ã–Ú\\◊‘…Ë÷√2016 10 25\\USER\\TOUCH.AXF" 
Set JLink Project File to "E:\tjc_file\≤‚ ‘º‹≥Ã–Ú\◊‘…Ë÷√2016 10 25\USER\JLinkSettings.ini"
 
JLink info:
------------
DLL: V4.96b, compiled Jan 19 2015 09:15:55
Firmware: J-Link ARM V8 compiled Nov 28 2014 13:44:46
Hardware: V8.00
S/N : 304439649 
Feature(s) : RDI,FlashDL,FlashBP,JFlash,GDBFULL 
 
* JLink Info: TotalIRLen = 9, IRPrint = 0x0011
* JLink Info: Found Cortex-M3 r1p1, Little endian.
* JLink Info: FPUnit: 6 code (BP) slots and 2 literal slots
* JLink Info: TPIU fitted.
* JLink Info: ETM fitted.
ROMTableAddr = 0xE00FF003
* JLink Info: Device "STM32F103VC" selected.
 
Target info:
------------
Device: STM32F103VC
VTarget = 3.293V
State of Pins: 
TCK: 1, TDI: 0, TDO: 1, TMS: 0, TRES: 1, TRST: 1
Hardware-Breakpoints: 6
Software-Breakpoints: 8192
Watchpoints:          4
JTAG speed: 2000 kHz
 
No Algorithm found for: 08000000H - 0800C753H
Erase skipped!
Build target 'Target 1'
compiling main.c...
compiling stm32f10x_it.c...
compiling system_stm32f10x.c...
compiling led.c...
compiling key.c...
compiling lcd.c...
compiling myiic.c...
compiling 24cxx.c...
compiling spi.c...
compiling flash.c...
compiling touch.c...
compiling delay.c...
compiling sys.c...
compiling usart.c...
compiling core_cm3.c...
assembling startup_stm32f10x_hd.s...
compiling misc.c...
compiling stm32f10x_fsmc.c...
compiling stm32f10x_gpio.c...
compiling stm32f10x_rcc.c...
compiling stm32f10x_spi.c...
compiling stm32f10x_usart.c...
linking...
Program Size: Code=44642 RO-data=6238 RW-data=148 ZI-data=5956  
"TOUCH.axf" - 0 Error(s), 0 Warning(s).
Load "E:\\tjc_file\\≤‚ ‘º‹≥Ã–Ú\\◊‘…Ë÷√2016 10 25\\USER\\TOUCH.AXF" 
Set JLink Project File to "E:\tjc_file\≤‚ ‘º‹≥Ã–Ú\◊‘…Ë÷√2016 10 25\USER\JLinkSettings.ini"
 
JLink info:
------------
DLL: V4.96b, compiled Jan 19 2015 09:15:55
Firmware: J-Link ARM V8 compiled Nov 28 2014 13:44:46
Hardware: V8.00
S/N : 304439649 
Feature(s) : RDI,FlashDL,FlashBP,JFlash,GDBFULL 
 
* JLink Info: Found SWD-DP with ID 0x1BA01477
* JLink Info: Found Cortex-M3 r1p1, Little endian.
* JLink Info: FPUnit: 6 code (BP) slots and 2 literal slots
* JLink Info: TPIU fitted.
* JLink Info: ETM fitted.
Load "E:\\tjc_file\\≤‚ ‘º‹≥Ã–Ú\\◊‘…Ë÷√2016 10 25\\USER\\TOUCH.AXF" 
Set JLink Project File to "E:\tjc_file\≤‚ ‘º‹≥Ã–Ú\◊‘…Ë÷√2016 10 25\USER\JLinkSettings.ini"
 
JLink info:
------------
DLL: V4.96b, compiled Jan 19 2015 09:15:55
Firmware: J-Link ARM V8 compiled Nov 28 2014 13:44:46
Hardware: V8.00
S/N : 304439649 
Feature(s) : RDI,FlashDL,FlashBP,JFlash,GDBFULL 
 
* JLink Info: Found SWD-DP with ID 0x1BA01477
* JLink Info: Found Cortex-M3 r1p1, Little endian.
* JLink Info: FPUnit: 6 code (BP) slots and 2 literal slots
* JLink Info: TPIU fitted.
* JLink Info: ETM fitted.
ROMTableAddr = 0xE00FF003
* JLink Info: Device "STM32F103VC" selected.
 
Target info:
------------
Device: STM32F103VC
VTarget = 3.293V
State of Pins: 
TCK: 0, TDI: 1, TDO: 1, TMS: 1, TRES: 1, TRST: 1
Hardware-Breakpoints: 6
Software-Breakpoints: 8192
Watchpoints:          4
JTAG speed: 2000 kHz
 
No Algorithm found for: 08000000H - 0800C753H
Erase skipped!
Load "E:\\tjc_file\\≤‚ ‘º‹≥Ã–Ú\\◊‘…Ë÷√2016 10 25\\USER\\TOUCH.AXF" 
Set JLink Project File to "E:\tjc_file\≤‚ ‘º‹≥Ã–Ú\◊‘…Ë÷√2016 10 25\USER\JLinkSettings.ini"
 
JLink info:
------------
DLL: V4.96b, compiled Jan 19 2015 09:15:55
Firmware: J-Link ARM V8 compiled Nov 28 2014 13:44:46
Hardware: V8.00
S/N : 304439649 
Feature(s) : RDI,FlashDL,FlashBP,JFlash,GDBFULL 
 
* JLink Info: Found SWD-DP with ID 0x1BA01477
* JLink Info: Found Cortex-M3 r1p1, Little endian.
* JLink Info: FPUnit: 6 code (BP) slots and 2 literal slots
* JLink Info: TPIU fitted.
* JLink Info: ETM fitted.
ROMTableAddr = 0xE00FF003
* JLink Info: Device "STM32F103VC" selected.
 
Target info:
------------
Device: STM32F103VC
VTarget = 3.293V
State of Pins: 
TCK: 0, TDI: 1, TDO: 1, TMS: 1, TRES: 1, TRST: 1
Hardware-Breakpoints: 6
Software-Breakpoints: 8192
Watchpoints:          4
JTAG speed: 2000 kHz
 
No Algorithm found for: 08000000H - 0800C753H
Erase skipped!
Build target 'Target 1'
compiling main.c...
compiling stm32f10x_it.c...
compiling system_stm32f10x.c...
compiling led.c...
compiling key.c...
compiling lcd.c...
compiling myiic.c...
compiling 24cxx.c...
compiling spi.c...
compiling flash.c...
compiling touch.c...
compiling delay.c...
compiling sys.c...
compiling usart.c...
compiling core_cm3.c...
assembling startup_stm32f10x_hd.s...
compiling misc.c...
compiling stm32f10x_fsmc.c...
compiling stm32f10x_gpio.c...
compiling stm32f10x_rcc.c...
compiling stm32f10x_spi.c...
compiling stm32f10x_usart.c...
linking...
Program Size: Code=44642 RO-data=6238 RW-data=148 ZI-data=5956  
"TOUCH.axf" - 0 Error(s), 0 Warning(s).
Build target 'Target 1'
compiling main.c...
compiling stm32f10x_it.c...
compiling system_stm32f10x.c...
compiling led.c...
compiling key.c...
compiling lcd.c...
compiling myiic.c...
compiling 24cxx.c...
compiling spi.c...
compiling flash.c...
compiling touch.c...
compiling delay.c...
compiling sys.c...
compiling usart.c...
compiling core_cm3.c...
assembling startup_stm32f10x_hd.s...
compiling misc.c...
compiling stm32f10x_fsmc.c...
compiling stm32f10x_gpio.c...
compiling stm32f10x_rcc.c...
compiling stm32f10x_spi.c...
compiling stm32f10x_usart.c...
linking...
Program Size: Code=44642 RO-data=6238 RW-data=148 ZI-data=5956  
FromELF: creating hex file...
"TOUCH.axf" - 0 Error(s), 0 Warning(s).
Build target 'Target 1'
compiling main.c...
compiling stm32f10x_it.c...
compiling system_stm32f10x.c...
compiling led.c...
compiling key.c...
compiling lcd.c...
compiling myiic.c...
compiling 24cxx.c...
compiling spi.c...
compiling flash.c...
compiling touch.c...
compiling delay.c...
compiling sys.c...
compiling usart.c...
compiling core_cm3.c...
assembling startup_stm32f10x_hd.s...
compiling misc.c...
compiling stm32f10x_fsmc.c...
compiling stm32f10x_gpio.c...
compiling stm32f10x_rcc.c...
compiling stm32f10x_spi.c...
compiling stm32f10x_usart.c...
linking...
Program Size: Code=44642 RO-data=6238 RW-data=148 ZI-data=5956  
FromELF: creating hex file...
"TOUCH.axf" - 0 Error(s), 0 Warning(s).
