<html>
<body>
<pre>
<h1>礦ision Build Log</h1>
<h2>Tool Versions:</h2>
IDE-Version: μVision V5.27.1.0
Copyright (C) 2019 ARM Ltd and ARM Germany GmbH. All rights reserved.
License Information: ABC zhang'pei, ABC, LIC=21EI6-DZ0XN-IG87N-YQSHC-7QG6Y-SE0VA
 
Tool Versions:
Toolchain:       MDK-ARM Plus  Version: 5.27.1.0
Toolchain Path:  C:\Keil_v5\ARM\ARMCC\Bin
C Compiler:      Armcc.exe V5.06 update 6 (build 750)
Assembler:       Armasm.exe V5.06 update 6 (build 750)
Linker/Locator:  ArmLink.exe V5.06 update 6 (build 750)
Library Manager: ArmAr.exe V5.06 update 6 (build 750)
Hex Converter:   FromElf.exe V5.06 update 6 (build 750)
CPU DLL:         SARMCM3.DLL V5.27.1.0
Dialog DLL:      DARMSTM.DLL V1.68.0.0
Target DLL:      Segger\JL2CM3.dll V2.99.35.0
Dialog DLL:      TARMSTM.DLL V1.66.0.0
 
<h2>Project:</h2>
C:\Users\zhang'pei\Desktop\晶彩\资料下载\SPI模块\Demo_STM32F103VCT6_Hardware_SPI-capacitive touch\USER\TOUCH.uvproj
Project File Date:  04/18/2022

<h2>Output:</h2>
*** Using Compiler 'V5.06 update 6 (build 750)', folder: 'C:\Keil_v5\ARM\ARMCC\Bin'
Rebuild target 'Target 1'
compiling led.c...
compiling stm32f10x_it.c...
compiling key.c...
compiling myiic.c...
compiling system_stm32f10x.c...
compiling main.c...
main.c(216): warning:  #177-D: variable "rgbh"  was declared but never referenced
  		u16 color,rgbw,rgbh,posx;
main.c: 1 warning, 0 errors
compiling lcd.c...
compiling delay.c...
compiling spi.c...
compiling Touch_I2C.c...
compiling flash.c...
compiling 24cxx.c...
compiling sys.c...
compiling touch.c...
assembling startup_stm32f10x_hd.s...
compiling core_cm3.c...
compiling usart.c...
compiling stm32f10x_gpio.c...
compiling stm32f10x_rcc.c...
compiling misc.c...
compiling stm32f10x_fsmc.c...
compiling stm32f10x_spi.c...
compiling stm32f10x_usart.c...
linking...
Program Size: Code=20990 RO-data=6202 RW-data=152 ZI-data=5960  
FromELF: creating hex file...
".\TOUCH.axf" - 0 Error(s), 1 Warning(s).
Build Time Elapsed:  00:00:05
</pre>
</body>
</html>
