C51 COMPILER V9.53.0.0   MAIN                                                              06/15/2020 17:46:07 PAGE 1   


C51 COMPILER V9.53.0.0, COMPILATION OF MODULE MAIN
OBJECT MODULE PLACED IN ..\obj\main.obj
COMPILER INVOKED BY: d:\Keil_v5\C51\BIN\C51.EXE ..\USER\main.c LARGE OPTIMIZE(8,SPEED) BROWSE INCDIR(..\sys;..\USER;..\H
                    -ARDWARE\LCD;..\HARDWARE\touch) DEBUG OBJECTEXTEND PRINT(.\main.lst) TABS(2) OBJECT(..\obj\main.obj)

line level    source

   1          //手机:17199916363（微信同号）
   2          //技术支持QQ:423170204
   3          //邮箱:Lcddiy@hotmail.com
   4          /****************************************************************************************************
   5          //=========================================接线说明================================================//
   6          //  5V      接     DC5V
   7          //  3v3     接     DC3.3V
   8          //  GND     接     GND 
   9          //  LCD_RST 接     P33
  10          //  LCD_CS  接     P13
  11          //  LCD_RS  接     P12
  12          //  LCD_WR  接     P11
  13          //  LCD_RD  接     P10
  14          //  LCD_D0  接     P20
  15          //  LCD_D1  接     P21
  16          //  LCD_D2  接     P22
  17          //  LCD_D3  接     P23
  18          //  LCD_D4  接     P24
  19          //  LCD_D5  接     P25
  20          //  LCD_D6  接     P26
  21          //  LCD_D7  接     P27
  22          //  由于配套程序没有使用SD卡扩展功能，所以下引脚不需要接线
  23          //  SD_SS、SD_DI、SD_DO、SD_SCK
  24          //  由于本模块触摸测试需要外接XPT2046触摸采样芯片，所以本程序不进行触摸测试
  25          **************************************************************************************************/   
  26          #include "sys.h"
  27          #include "lcd.h"
  28          #include "gui.h"
  29          #include "test.h"
  30          #include "touch.h"
  31          
  32          //主函数
  33          void main(void)
  34          { 
  35   1      
  36   1        //设置STC_12LE5A60S2单片机的P3.2为推挽输出，用于控制背光亮灭
  37   1        //其他普通C51单片机无此配置请屏蔽下面这条语句
  38   1        P3M1 &= ~(1<<2),P3M0 |=  (1<<2); 
  39   1      
  40   1        //液晶屏初始化
  41   1        LCD_Init();
  42   1      
  43   1        //循环进行各项测试  
  44   1        while(1)
  45   1        {
  46   2          main_test();    //测试主界面
  47   2          Test_Read();     //读ID和颜色值测试
  48   2          Test_Color();     //简单刷屏填充测试
  49   2          Test_FillRec();   //GUI矩形绘图测试
  50   2          Test_Circle();    //GUI画圆测试
  51   2          Test_Triangle();   //GUI三角形填充测试
  52   2          English_Font_test();//英文字体示例测试
  53   2          Chinese_Font_test();//中文字体示例测试
  54   2          Pic_test();     //图片显示示例测试
C51 COMPILER V9.53.0.0   MAIN                                                              06/15/2020 17:46:07 PAGE 2   

  55   2          Rotate_Test();  //屏幕旋转测试
  56   2          POINT_Test();        // Loading 测试 
  57   2          Combo_Test();        // 下拉列表测试
  58   2          ProgresBar_Test();   // 进度条测试  
  59   2          BarReport_Test();    // 条形报表测试
  60   2          Window_Test();       // 窗口测试  
  61   2          Button_Test();       // 按钮测试
  62   2        //不使用触摸或者模块本身不带触摸，请屏蔽下面触摸屏测试  
  63   2        //  Touch_Test();   //触摸屏手写测试
  64   2        //需要触摸校准时，请将触摸手写测试屏蔽，将下面触摸校准测试项打开
  65   2        //  Touch_Adjust();  //触摸校准
  66   2        }   
  67   1      }


MODULE INFORMATION:   STATIC OVERLAYABLE
   CODE SIZE        =     59    ----
   CONSTANT SIZE    =   ----    ----
   XDATA SIZE       =   ----    ----
   PDATA SIZE       =   ----    ----
   DATA SIZE        =   ----    ----
   IDATA SIZE       =   ----    ----
   BIT SIZE         =   ----    ----
END OF MODULE INFORMATION.


C51 COMPILATION COMPLETE.  0 WARNING(S),  0 ERROR(S)
